Archive member included to satisfy reference by file (symbol)

/Users/vex/Library/Application Support/Code/User/globalStorage/vexrobotics.vexcode/sdk/cpp/V5/V5_20240802_15_00_00/vexv5/libv5rt.a(v5_startup.c.obj)
                              (vexStartup)
/Users/vex/Library/Application Support/Code/User/globalStorage/vexrobotics.vexcode/sdk/cpp/V5/V5_20240802_15_00_00/vexv5/libv5rt.a(v5_util.c.obj)
                              /Users/vex/Library/Application Support/Code/User/globalStorage/vexrobotics.vexcode/sdk/cpp/V5/V5_20240802_15_00_00/vexv5/libv5rt.a(v5_startup.c.obj) (vexStdlibVersionLinked)
/Users/vex/Library/Application Support/Code/User/globalStorage/vexrobotics.vexcode/sdk/cpp/V5/V5_20240802_15_00_00/vexv5/libv5rt.a(v5_apijump.c.obj)
                              /Users/vex/Library/Application Support/Code/User/globalStorage/vexrobotics.vexcode/sdk/cpp/V5/V5_20240802_15_00_00/vexv5/libv5rt.a(v5_startup.c.obj) (vexPrivateApiEnable)
/Users/vex/Library/Application Support/Code/User/globalStorage/vexrobotics.vexcode/sdk/cpp/V5/V5_20240802_15_00_00/vexv5/libv5rt.a(v5_apiversions.c.obj)
                              /Users/vex/Library/Application Support/Code/User/globalStorage/vexrobotics.vexcode/sdk/cpp/V5/V5_20240802_15_00_00/vexv5/libv5rt.a(v5_apijump.c.obj) (vexSystemVersion)
/Users/vex/Library/Application Support/Code/User/globalStorage/vexrobotics.vexcode/sdk/cpp/V5/V5_20240802_15_00_00/vexv5/libv5rt.a(vex_global.cpp.obj)
                              build/src/autons.o (vex::wait(double, vex::timeUnits))
/Users/vex/Library/Application Support/Code/User/globalStorage/vexrobotics.vexcode/sdk/cpp/V5/V5_20240802_15_00_00/vexv5/libv5rt.a(vex_motor.cpp.obj)
                              build/src/robot-config.o (vex::motor::~motor())
/Users/vex/Library/Application Support/Code/User/globalStorage/vexrobotics.vexcode/sdk/cpp/V5/V5_20240802_15_00_00/vexv5/libv5rt.a(vex_imu.cpp.obj)
                              build/src/odometry.o (vex::inertial::setRotation(double, vex::rotationUnits))
/Users/vex/Library/Application Support/Code/User/globalStorage/vexrobotics.vexcode/sdk/cpp/V5/V5_20240802_15_00_00/vexv5/libv5rt.a(vex_rotation.cpp.obj)
                              build/src/robot-config.o (vex::rotation::~rotation())
/Users/vex/Library/Application Support/Code/User/globalStorage/vexrobotics.vexcode/sdk/cpp/V5/V5_20240802_15_00_00/vexv5/libv5rt.a(vex_controller.cpp.obj)
                              build/src/controls.o (vex::controller::~controller())
/Users/vex/Library/Application Support/Code/User/globalStorage/vexrobotics.vexcode/sdk/cpp/V5/V5_20240802_15_00_00/vexv5/libv5rt.a(vex_task.cpp.obj)
                              build/src/drivetrain.o (vex::task::task())
/Users/vex/Library/Application Support/Code/User/globalStorage/vexrobotics.vexcode/sdk/cpp/V5/V5_20240802_15_00_00/vexv5/libv5rt.a(vex_thread.cpp.obj)
                              /Users/vex/Library/Application Support/Code/User/globalStorage/vexrobotics.vexcode/sdk/cpp/V5/V5_20240802_15_00_00/vexv5/libv5rt.a(vex_global.cpp.obj) (vex::this_thread::sleep_for(unsigned long))
/Users/vex/Library/Application Support/Code/User/globalStorage/vexrobotics.vexcode/sdk/cpp/V5/V5_20240802_15_00_00/vexv5/libv5rt.a(vex_event.cpp.obj)
                              /Users/vex/Library/Application Support/Code/User/globalStorage/vexrobotics.vexcode/sdk/cpp/V5/V5_20240802_15_00_00/vexv5/libv5rt.a(vex_imu.cpp.obj) (vex::event::init(unsigned long, unsigned long, void (*)()))
/Users/vex/Library/Application Support/Code/User/globalStorage/vexrobotics.vexcode/sdk/cpp/V5/V5_20240802_15_00_00/vexv5/libv5rt.a(vex_mevent.cpp.obj)
                              /Users/vex/Library/Application Support/Code/User/globalStorage/vexrobotics.vexcode/sdk/cpp/V5/V5_20240802_15_00_00/vexv5/libv5rt.a(vex_controller.cpp.obj) (vex::mevent::mevent(unsigned long, unsigned long))
/Users/vex/Library/Application Support/Code/User/globalStorage/vexrobotics.vexcode/sdk/cpp/V5/V5_20240802_15_00_00/vexv5/libv5rt.a(vex_brain.cpp.obj)
                              build/src/robot-config.o (vex::brain::brain())
/Users/vex/Library/Application Support/Code/User/globalStorage/vexrobotics.vexcode/sdk/cpp/V5/V5_20240802_15_00_00/vexv5/libv5rt.a(vex_competition.cpp.obj)
                              build/src/main.o (vex::competition::competition())
/Users/vex/Library/Application Support/Code/User/globalStorage/vexrobotics.vexcode/sdk/cpp/V5/V5_20240802_15_00_00/vexv5/libv5rt.a(vex_triport.cpp.obj)
                              /Users/vex/Library/Application Support/Code/User/globalStorage/vexrobotics.vexcode/sdk/cpp/V5/V5_20240802_15_00_00/vexv5/libv5rt.a(vex_brain.cpp.obj) (vex::triport::~triport())
/Users/vex/Library/Application Support/Code/User/globalStorage/vexrobotics.vexcode/sdk/cpp/V5/V5_20240802_15_00_00/vexv5/libv5rt.a(vex_color.cpp.obj)
[...]
Memory Configuration

Name             Origin             Length             Attributes
ps7_ddr_0_S_AXI_BASEADDR 0x0000000003800000 0x0000000004800000
*default*        0x0000000000000000 0xffffffffffffffff

Linker script and memory map

                0x0000000000002000                _STACK_SIZE = DEFINED (_STACK_SIZE)?_STACK_SIZE:0x2000
                0x0000000000100000                _HEAP_SIZE = DEFINED (_HEAP_SIZE)?_HEAP_SIZE:0x100000
                0x0000000000000400                _ABORT_STACK_SIZE = DEFINED (_ABORT_STACK_SIZE)?_ABORT_STACK_SIZE:0x400
                0x0000000000000800                _SUPERVISOR_STACK_SIZE = DEFINED (_SUPERVISOR_STACK_SIZE)?_SUPERVISOR_STACK_SIZE:0x800
                0x0000000000000400                _IRQ_STACK_SIZE = DEFINED (_IRQ_STACK_SIZE)?_IRQ_STACK_SIZE:0x400
                0x0000000000000400                _FIQ_STACK_SIZE = DEFINED (_FIQ_STACK_SIZE)?_FIQ_STACK_SIZE:0x400
                0x0000000000000400                _UNDEF_STACK_SIZE = DEFINED (_UNDEF_STACK_SIZE)?_UNDEF_STACK_SIZE:0x400

.text           0x0000000003800000     0x8278
 *(.vectors)
 *(.boot_data)
 .boot_data     0x0000000003800000       0x20 /Users/vex/Library/Application Support/Code/User/globalStorage/vexrobotics.vexcode/sdk/cpp/V5/V5_20240802_15_00_00/vexv5/libv5rt.a(v5_startup.c.obj)
                0x0000000003800000                vexCodeSig
                0x0000000000000020                . = 0x20
 *(.boot)
 .boot          0x0000000003800020       0xbc /Users/vex/Library/Application Support/Code/User/globalStorage/vexrobotics.vexcode/sdk/cpp/V5/V5_20240802_15_00_00/vexv5/libv5rt.a(v5_startup.c.obj)
                0x0000000003800020                vexStartup
                0x0000000003800100                . = ALIGN (0x40)
 *fill*         0x00000000038000dc       0x24 
 *(.freertos_vectors)
 *(.text)
 *(.text.*)
 .text._ZN3PIDC2Eddddddddd
                0x0000000003800100       0x64 build/src/PID.o
                0x0000000003800100                PID::PID(double, double, double, double, double, double, double, double, double)
                0x0000000003800100                PID::PID(double, double, double, double, double, double, double, double, double)
 *fill*         0x0000000003800164        0x4 
 .text._ZN3PID6outputEd
                0x0000000003800168       0xd8 build/src/PID.o
                0x0000000003800168                PID::output(double)
 .text._ZN3PID9isSettledEd
                0x0000000003800240       0x68 build/src/PID.o
                0x0000000003800240                PID::isSettled(double)
 .text._GLOBAL__sub_I_PID.cpp
                0x00000000038002a8       0x34 build/src/PID.o
 .text._Z22setDefaultPIDConstantsv
                0x00000000038002dc      0x1fc build/src/autons.o
                0x00000000038002dc                setDefaultPIDConstants()
 .text._Z9spinArmTodb
                0x00000000038004d8      0x1d4 build/src/autons.o
                0x00000000038004d8                spinArmTo(double, bool)
 .text._Z9armToDownv
                0x00000000038006ac       0x18 build/src/autons.o
                0x00000000038006ac                armToDown()
 .text._Z9armToLoadv
                0x00000000038006c4       0x18 build/src/autons.o
                0x00000000038006c4                armToLoad()
 *fill*         0x00000000038006dc        0x4 
 .text._Z18armToAllianceStakev
                0x00000000038006e0       0x20 build/src/autons.o
                0x00000000038006e0                armToAllianceStake()
 .text._Z18runAutonRedSoloAWPv
                0x0000000003800700      0x360 build/src/autons.o
                0x0000000003800700                runAutonRedSoloAWP()
 .text._Z18runAutonRedRushAWPv
                0x0000000003800a60      0x340 build/src/autons.o
                0x0000000003800a60                runAutonRedRushAWP()
 .text._Z19runAutonRedStackAWPv
                0x0000000003800da0       0x48 build/src/autons.o
                0x0000000003800da0                runAutonRedStackAWP()
 .text._Z19runAutonRedGoalRushv
                0x0000000003800de8       0x40 build/src/autons.o
                0x0000000003800de8                runAutonRedGoalRush()
 .text._Z19runAutonBlueSoloAWPv
                0x0000000003800e28      0x860 build/src/autons.o
                0x0000000003800e28                runAutonBlueSoloAWP()
 .text._Z19runAutonBlueRushAWPv
                0x0000000003801688       0x58 build/src/autons.o
                0x0000000003801688                runAutonBlueRushAWP()
 .text._Z20runAutonBlueStackAWPv
                0x00000000038016e0      0x670 build/src/autons.o
                0x00000000038016e0                runAutonBlueStackAWP()
 .text._Z20runAutonBlueGoalRushv
                0x0000000003801d50       0x40 build/src/autons.o
                0x0000000003801d50                runAutonBlueGoalRush()
 .text._Z13runProgSkillsv
                0x0000000003801d90      0x528 build/src/autons.o
                0x0000000003801d90                runProgSkills()
 .text._GLOBAL__sub_I_autons.cpp
                0x00000000038022b8       0x34 build/src/autons.o
 .text._Z19motorSeperateButtondRN3vex11motor_groupERKNS_10controller6buttonES5_S5_
                0x00000000038022ec       0xd0 build/src/controls.o
                0x00000000038022ec                motorSeperateButton(double, vex::motor_group&, vex::controller::button const&, vex::controller::button const&, vex::controller::button const&)
 .text._Z9motorHolddRN3vex11motor_groupERKNS_10controller6buttonES5_
                0x00000000038023bc       0xbc build/src/controls.o
                0x00000000038023bc                motorHold(double, vex::motor_group&, vex::controller::button const&, vex::controller::button const&)
 .text._Z7pressed8ButtonID
                0x0000000003802478      0x174 build/src/controls.o
                0x0000000003802478                pressed(ButtonID)
 .text._Z12pistonToggleRN3vex11digital_outE8ButtonID
                0x00000000038025ec       0x44 build/src/controls.o
                0x00000000038025ec                pistonToggle(vex::digital_out&, ButtonID)
 .text._Z14runArcadeDriveddbRKN3vex10controller6buttonEd
                0x0000000003802630      0x168 build/src/controls.o
                0x0000000003802630                runArcadeDrive(double, double, bool, vex::controller::button const&, double)
 .text._Z9runIntakev
                0x0000000003802798       0x48 build/src/controls.o
                0x0000000003802798                runIntake()
 .text._Z6runArmv
                0x00000000038027e0      0x280 build/src/controls.o
                0x00000000038027e0                runArm()
 .text._Z7runMogov
                0x0000000003802a60       0x10 build/src/controls.o
                0x0000000003802a60                runMogo()
 .text._Z10runDoinkerv
                0x0000000003802a70       0x10 build/src/controls.o
                0x0000000003802a70                runDoinker()
 .text._GLOBAL__sub_I_controls.cpp
                0x0000000003802a80       0x78 build/src/controls.o
 .text._ZN10DrivetrainC2Eddddd
                0x0000000003802af8       0x58 build/src/drivetrain.o
                0x0000000003802af8                Drivetrain::Drivetrain(double, double, double, double, double)
                0x0000000003802af8                Drivetrain::Drivetrain(double, double, double, double, double)
 .text._ZN10Drivetrain13trackPositionEv
                0x0000000003802b50       0x44 build/src/drivetrain.o
                0x0000000003802b50                Drivetrain::trackPosition()
 .text._ZN10Drivetrain14setCoordinatesEddd
                0x0000000003802b94       0x4c build/src/drivetrain.o
                0x0000000003802b94                Drivetrain::setCoordinates(double, double, double)
 .text._ZN10Drivetrain12driveToPointEdd
                0x0000000003802be0      0x22c build/src/drivetrain.o
                0x0000000003802be0                Drivetrain::driveToPoint(double, double)
 *fill*         0x0000000003802e0c        0x4 
 .text._ZN10Drivetrain12driveToPointEddNS_14clampConstantsENS_15settleConstantsENS_15outputConstantsES0_S1_S2_
                0x0000000003802e10      0x4b0 build/src/drivetrain.o
                0x0000000003802e10                Drivetrain::driveToPoint(double, double, Drivetrain::clampConstants, Drivetrain::settleConstants, Drivetrain::outputConstants, Drivetrain::clampConstants, Drivetrain::settleConstants, Drivetrain::outputConstants)
 .text._ZN10Drivetrain12driveToPointEddNS_14clampConstantsE
                0x00000000038032c0      0x20c build/src/drivetrain.o
                0x00000000038032c0                Drivetrain::driveToPoint(double, double, Drivetrain::clampConstants)
 .text._ZN10Drivetrain12driveToPointEddNS_14clampConstantsENS_15settleConstantsE
                0x00000000038034cc      0x1c8 build/src/drivetrain.o
                0x00000000038034cc                Drivetrain::driveToPoint(double, double, Drivetrain::clampConstants, Drivetrain::settleConstants)
 .text._ZN10Drivetrain13driveDistanceEd
                0x0000000003803694       0xf8 build/src/drivetrain.o
                0x0000000003803694                Drivetrain::driveDistance(double)
 *fill*         0x000000000380378c        0x4 
 .text._ZN10Drivetrain13driveDistanceEddNS_14clampConstantsENS_15settleConstantsENS_15outputConstantsE
                0x0000000003803790      0x390 build/src/drivetrain.o
                0x0000000003803790                Drivetrain::driveDistance(double, double, Drivetrain::clampConstants, Drivetrain::settleConstants, Drivetrain::outputConstants)
 .text._ZN10Drivetrain13driveDistanceEdd
                0x0000000003803b20       0xfc build/src/drivetrain.o
                0x0000000003803b20                Drivetrain::driveDistance(double, double)
 .text._ZN10Drivetrain13driveDistanceEddNS_14clampConstantsENS_15settleConstantsE
                0x0000000003803c1c       0xb4 build/src/drivetrain.o
                0x0000000003803c1c                Drivetrain::driveDistance(double, double, Drivetrain::clampConstants, Drivetrain::settleConstants)
 .text._ZN10Drivetrain13turnToHeadingEd
                0x0000000003803cd0       0xe8 build/src/drivetrain.o
                0x0000000003803cd0                Drivetrain::turnToHeading(double)
 .text._ZN10Drivetrain13turnToHeadingEdNS_14clampConstantsENS_15settleConstantsENS_15outputConstantsE
                0x0000000003803db8      0x208 build/src/drivetrain.o
                0x0000000003803db8                Drivetrain::turnToHeading(double, Drivetrain::clampConstants, Drivetrain::settleConstants, Drivetrain::outputConstants)
 .text._ZN10Drivetrain13turnToHeadingEdNS_14clampConstantsENS_15settleConstantsE
                0x0000000003803fc0       0xa8 build/src/drivetrain.o
                0x0000000003803fc0                Drivetrain::turnToHeading(double, Drivetrain::clampConstants, Drivetrain::settleConstants)
 .text._ZN10Drivetrain11turnToPointEbdd
                0x0000000003804068       0xf8 build/src/drivetrain.o
                0x0000000003804068                Drivetrain::turnToPoint(bool, double, double)
 .text._ZN10Drivetrain11turnToPointEbddNS_14clampConstantsENS_15settleConstantsENS_15outputConstantsE
                0x0000000003804160      0x130 build/src/drivetrain.o
                0x0000000003804160                Drivetrain::turnToPoint(bool, double, double, Drivetrain::clampConstants, Drivetrain::settleConstants, Drivetrain::outputConstants)
 .text._ZN10Drivetrain11turnToPointEbddNS_14clampConstantsENS_15settleConstantsE
                0x0000000003804290       0xc0 build/src/drivetrain.o
                0x0000000003804290                Drivetrain::turnToPoint(bool, double, double, Drivetrain::clampConstants, Drivetrain::settleConstants)
 .text._ZN10Drivetrain9stopDriveEN3vex9brakeTypeE
                0x0000000003804350       0x2c build/src/drivetrain.o
                0x0000000003804350                Drivetrain::stopDrive(vex::brakeType)
 .text._GLOBAL__sub_I_drivetrain.cpp
                0x000000000380437c       0x34 build/src/drivetrain.o
 .text._ZN10DrivetrainD2Ev
                0x00000000038043b0        0x4 build/src/main.o
                0x00000000038043b0                Drivetrain::~Drivetrain()
 *fill*         0x00000000038043b4        0x4 
 .text._Z8preAutonv
                0x00000000038043b8      0x3f8 build/src/main.o
                0x00000000038043b8                preAuton()
 .text._Z10autonomousv
                0x00000000038047b0      0x118 build/src/main.o
                0x00000000038047b0                autonomous()
 .text._Z11usercontrolv
                0x00000000038048c8       0x98 build/src/main.o
                0x00000000038048c8                usercontrol()
 .text.main     0x0000000003804960       0x5c build/src/main.o
                0x0000000003804960                main
 .text._GLOBAL__sub_I_main.cpp
                0x00000000038049bc       0xd0 build/src/main.o
 .text._ZN8OdometryC2Eddddd
                0x0000000003804a8c       0x30 build/src/odometry.o
                0x0000000003804a8c                Odometry::Odometry(double, double, double, double, double)
                0x0000000003804a8c                Odometry::Odometry(double, double, double, double, double)
 .text._ZN8Odometry11setPositionEddd
                0x0000000003804abc       0x94 build/src/odometry.o
                0x0000000003804abc                Odometry::setPosition(double, double, double)
 .text._ZN8Odometry14updatePositionEv
                0x0000000003804b50      0x208 build/src/odometry.o
                0x0000000003804b50                Odometry::updatePosition()
 .text._GLOBAL__sub_I_odometry.cpp
                0x0000000003804d58       0x34 build/src/odometry.o
 .text._ZN3vex11motor_groupC2IJNS_5motorES2_EEERS2_DpRT_
                0x0000000003804d8c       0x44 build/src/robot-config.o
                0x0000000003804d8c                vex::motor_group::motor_group<vex::motor, vex::motor>(vex::motor&, vex::motor&, vex::motor&)
 .text._GLOBAL__sub_I_robot_config.cpp
                0x0000000003804dd0      0x428 build/src/robot-config.o
 .text._Z7getSignd
                0x00000000038051f8       0x28 build/src/util.o
                0x00000000038051f8                getSign(double)
 .text._Z8degToRadd
                0x0000000003805220       0x20 build/src/util.o
                0x0000000003805220                degToRad(double)
 .text._Z8radToDegd
                0x0000000003805240       0x20 build/src/util.o
                0x0000000003805240                radToDeg(double)
 .text._Z14headingToPolard
                0x0000000003805260       0x58 build/src/util.o
                0x0000000003805260                headingToPolar(double)
 .text._Z12headingErrordd
                0x00000000038052b8       0x50 build/src/util.o
                0x00000000038052b8                headingError(double, double)
 .text._Z16driveOutputScaledddd
                0x0000000003805308       0x74 build/src/util.o
                0x0000000003805308                driveOutputScale(double, double, double, double)
 *fill*         0x000000000380537c        0x4 
 .text._Z14percentToVoltsd
                0x0000000003805380       0x28 build/src/util.o
                0x0000000003805380                percentToVolts(double)
 .text._GLOBAL__sub_I_util.cpp
                0x00000000038053a8       0x34 build/src/util.o
 .text.vexMain  0x00000000038053dc       0xb0 /Users/vex/Library/Application Support/Code/User/globalStorage/vexrobotics.vexcode/sdk/cpp/V5/V5_20240802_15_00_00/vexv5/libv5rt.a(v5_startup.c.obj)
                0x00000000038053dc                vexMain
 .text.__vex_function_prolog
                0x000000000380548c       0x18 /Users/vex/Library/Application Support/Code/User/globalStorage/vexrobotics.vexcode/sdk/cpp/V5/V5_20240802_15_00_00/vexv5/libv5rt.a(v5_startup.c.obj)
                0x000000000380548c                __vex_function_prolog
 .text._init    0x00000000038054a4        0x4 /Users/vex/Library/Application Support/Code/User/globalStorage/vexrobotics.vexcode/sdk/cpp/V5/V5_20240802_15_00_00/vexv5/libv5rt.a(v5_startup.c.obj)
                0x00000000038054a4                _init
 .text._fini    0x00000000038054a8        0x4 /Users/vex/Library/Application Support/Code/User/globalStorage/vexrobotics.vexcode/sdk/cpp/V5/V5_20240802_15_00_00/vexv5/libv5rt.a(v5_startup.c.obj)
                0x00000000038054a8                _fini
 .text.vexStdlibVersionLinked
                0x00000000038054ac        0xc /Users/vex/Library/Application Support/Code/User/globalStorage/vexrobotics.vexcode/sdk/cpp/V5/V5_20240802_15_00_00/vexv5/libv5rt.a(v5_util.c.obj)
                0x00000000038054ac                vexStdlibVersionLinked
 .text.vexStdlibVersionVerify
                0x00000000038054b8       0x30 /Users/vex/Library/Application Support/Code/User/globalStorage/vexrobotics.vexcode/sdk/cpp/V5/V5_20240802_15_00_00/vexv5/libv5rt.a(v5_util.c.obj)
                0x00000000038054b8                vexStdlibVersionVerify
 .text.vexPrivateApiEnable
                0x00000000038054e8       0x10 /Users/vex/Library/Application Support/Code/User/globalStorage/vexrobotics.vexcode/sdk/cpp/V5/V5_20240802_15_00_00/vexv5/libv5rt.a(v5_apijump.c.obj)
                0x00000000038054e8                vexPrivateApiEnable
 .text.vexStdlibMismatchError
                0x00000000038054f8       0x3c /Users/vex/Library/Application Support/Code/User/globalStorage/vexrobotics.vexcode/sdk/cpp/V5/V5_20240802_15_00_00/vexv5/libv5rt.a(v5_apijump.c.obj)
                0x00000000038054f8                vexStdlibMismatchError
 .text.vexTaskAdd
                0x0000000003805534       0x10 /Users/vex/Library/Application Support/Code/User/globalStorage/vexrobotics.vexcode/sdk/cpp/V5/V5_20240802_15_00_00/vexv5/libv5rt.a(v5_apijump.c.obj)
                0x0000000003805534                vexTaskAdd
 .text.vexTasksRun
                0x0000000003805544       0x10 /Users/vex/Library/Application Support/Code/User/globalStorage/vexrobotics.vexcode/sdk/cpp/V5/V5_20240802_15_00_00/vexv5/libv5rt.a(v5_apijump.c.obj)
                0x0000000003805544                vexTasksRun
 .text.vexTaskYield
                0x0000000003805554       0x10 /Users/vex/Library/Application Support/Code/User/globalStorage/vexrobotics.vexcode/sdk/cpp/V5/V5_20240802_15_00_00/vexv5/libv5rt.a(v5_apijump.c.obj)
                0x0000000003805554                vexTaskYield
 .text.vexTaskCheckTimeslice
                0x0000000003805564       0x10 /Users/vex/Library/Application Support/Code/User/globalStorage/vexrobotics.vexcode/sdk/cpp/V5/V5_20240802_15_00_00/vexv5/libv5rt.a(v5_apijump.c.obj)
                0x0000000003805564                vexTaskCheckTimeslice
 .text.vexTaskGetIndex
                0x0000000003805574       0x10 /Users/vex/Library/Application Support/Code/User/globalStorage/vexrobotics.vexcode/sdk/cpp/V5/V5_20240802_15_00_00/vexv5/libv5rt.a(v5_apijump.c.obj)
                0x0000000003805574                vexTaskGetIndex
 .text.vexTaskSleep
                0x0000000003805584       0x10 /Users/vex/Library/Application Support/Code/User/globalStorage/vexrobotics.vexcode/sdk/cpp/V5/V5_20240802_15_00_00/vexv5/libv5rt.a(v5_apijump.c.obj)
                0x0000000003805584                vexTaskSleep
 .text.vexTasksDump
                0x0000000003805594       0x1c /Users/vex/Library/Application Support/Code/User/globalStorage/vexrobotics.vexcode/sdk/cpp/V5/V5_20240802_15_00_00/vexv5/libv5rt.a(v5_apijump.c.obj)
                0x0000000003805594                vexTasksDump
 .text.vexTaskGetTaskIndex
                0x00000000038055b0       0x10 /Users/vex/Library/Application Support/Code/User/globalStorage/vexrobotics.vexcode/sdk/cpp/V5/V5_20240802_15_00_00/vexv5/libv5rt.a(v5_apijump.c.obj)
                0x00000000038055b0                vexTaskGetTaskIndex
 .text.vexTaskStopAll
                0x00000000038055c0       0x10 /Users/vex/Library/Application Support/Code/User/globalStorage/vexrobotics.vexcode/sdk/cpp/V5/V5_20240802_15_00_00/vexv5/libv5rt.a(v5_apijump.c.obj)
                0x00000000038055c0                vexTaskStopAll
 .text.vexTaskRemoveAllUser
                0x00000000038055d0       0x34 /Users/vex/Library/Application Support/Code/User/globalStorage/vexrobotics.vexcode/sdk/cpp/V5/V5_20240802_15_00_00/vexv5/libv5rt.a(v5_apijump.c.obj)
                0x00000000038055d0                vexTaskRemoveAllUser
 .text.vexTaskCompletionIdSet
                0x0000000003805604       0x10 /Users/vex/Library/Application Support/Code/User/globalStorage/vexrobotics.vexcode/sdk/cpp/V5/V5_20240802_15_00_00/vexv5/libv5rt.a(v5_apijump.c.obj)
                0x0000000003805604                vexTaskCompletionIdSet
 .text.vexTaskStopWithId
                0x0000000003805614       0x10 /Users/vex/Library/Application Support/Code/User/globalStorage/vexrobotics.vexcode/sdk/cpp/V5/V5_20240802_15_00_00/vexv5/libv5rt.a(v5_apijump.c.obj)
                0x0000000003805614                vexTaskStopWithId
 .text.vexTaskGetCallbackAndId
                0x0000000003805624       0x54 /Users/vex/Library/Application Support/Code/User/globalStorage/vexrobotics.vexcode/sdk/cpp/V5/V5_20240802_15_00_00/vexv5/libv5rt.a(v5_apijump.c.obj)
                0x0000000003805624                vexTaskGetCallbackAndId
 .text.vexCriticalSection
                0x0000000003805678       0x2c /Users/vex/Library/Application Support/Code/User/globalStorage/vexrobotics.vexcode/sdk/cpp/V5/V5_20240802_15_00_00/vexv5/libv5rt.a(v5_apijump.c.obj)
                0x0000000003805678                vexCriticalSection
 .text.vexEventAdd
                0x00000000038056a4       0x34 /Users/vex/Library/Application Support/Code/User/globalStorage/vexrobotics.vexcode/sdk/cpp/V5/V5_20240802_15_00_00/vexv5/libv5rt.a(v5_apijump.c.obj)
                0x00000000038056a4                vexEventAdd
 .text.vexEventUserIndexGet
                0x00000000038056d8       0x1c /Users/vex/Library/Application Support/Code/User/globalStorage/vexrobotics.vexcode/sdk/cpp/V5/V5_20240802_15_00_00/vexv5/libv5rt.a(v5_apijump.c.obj)
                0x00000000038056d8                vexEventUserIndexGet
 .text.vexEventAddWithArg
                0x00000000038056f4       0x3c /Users/vex/Library/Application Support/Code/User/globalStorage/vexrobotics.vexcode/sdk/cpp/V5/V5_20240802_15_00_00/vexv5/libv5rt.a(v5_apijump.c.obj)
                0x00000000038056f4                vexEventAddWithArg
 .text.vexEventsCleanup
                0x0000000003805730       0x2c /Users/vex/Library/Application Support/Code/User/globalStorage/vexrobotics.vexcode/sdk/cpp/V5/V5_20240802_15_00_00/vexv5/libv5rt.a(v5_apijump.c.obj)
                0x0000000003805730                vexEventsCleanup
 .text.vexDebug
                0x000000000380575c       0x38 /Users/vex/Library/Application Support/Code/User/globalStorage/vexrobotics.vexcode/sdk/cpp/V5/V5_20240802_15_00_00/vexv5/libv5rt.a(v5_apijump.c.obj)
                0x000000000380575c                vexDebug
 .text.vex_sprintf
                0x0000000003805794       0x40 /Users/vex/Library/Application Support/Code/User/globalStorage/vexrobotics.vexcode/sdk/cpp/V5/V5_20240802_15_00_00/vexv5/libv5rt.a(v5_apijump.c.obj)
                0x0000000003805794                vex_sprintf
 .text.vex_vsnprintf
                0x00000000038057d4       0x3c /Users/vex/Library/Application Support/Code/User/globalStorage/vexrobotics.vexcode/sdk/cpp/V5/V5_20240802_15_00_00/vexv5/libv5rt.a(v5_apijump.c.obj)
                0x00000000038057d4                vex_vsnprintf
 .text.vexSystemTimeGet
                0x0000000003805810       0x1c /Users/vex/Library/Application Support/Code/User/globalStorage/vexrobotics.vexcode/sdk/cpp/V5/V5_20240802_15_00_00/vexv5/libv5rt.a(v5_apijump.c.obj)
                0x0000000003805810                vexSystemTimeGet
 .text.vexSystemExitRequest
                0x000000000380582c       0x1c /Users/vex/Library/Application Support/Code/User/globalStorage/vexrobotics.vexcode/sdk/cpp/V5/V5_20240802_15_00_00/vexv5/libv5rt.a(v5_apijump.c.obj)
                0x000000000380582c                vexSystemExitRequest
 .text.vexDeviceGetByIndex
                0x0000000003805848       0x24 /Users/vex/Library/Application Support/Code/User/globalStorage/vexrobotics.vexcode/sdk/cpp/V5/V5_20240802_15_00_00/vexv5/libv5rt.a(v5_apijump.c.obj)
                0x0000000003805848                vexDeviceGetByIndex
 .text.vexControllerGet
                0x000000000380586c       0x2c /Users/vex/Library/Application Support/Code/User/globalStorage/vexrobotics.vexcode/sdk/cpp/V5/V5_20240802_15_00_00/vexv5/libv5rt.a(v5_apijump.c.obj)
                0x000000000380586c                vexControllerGet
 .text.vexControllerTextSet
                0x0000000003805898       0x74 /Users/vex/Library/Application Support/Code/User/globalStorage/vexrobotics.vexcode/sdk/cpp/V5/V5_20240802_15_00_00/vexv5/libv5rt.a(v5_apijump.c.obj)
                0x0000000003805898                vexControllerTextSet
 .text.vexDeviceAdiPortConfigSet
                0x000000000380590c       0x34 /Users/vex/Library/Application Support/Code/User/globalStorage/vexrobotics.vexcode/sdk/cpp/V5/V5_20240802_15_00_00/vexv5/libv5rt.a(v5_apijump.c.obj)
                0x000000000380590c                vexDeviceAdiPortConfigSet
 .text.vexDeviceAdiPortConfigGet
                0x0000000003805940       0x2c /Users/vex/Library/Application Support/Code/User/globalStorage/vexrobotics.vexcode/sdk/cpp/V5/V5_20240802_15_00_00/vexv5/libv5rt.a(v5_apijump.c.obj)
                0x0000000003805940                vexDeviceAdiPortConfigGet
 .text.vexDeviceAdiValueSet
                0x000000000380596c       0x34 /Users/vex/Library/Application Support/Code/User/globalStorage/vexrobotics.vexcode/sdk/cpp/V5/V5_20240802_15_00_00/vexv5/libv5rt.a(v5_apijump.c.obj)
                0x000000000380596c                vexDeviceAdiValueSet
 .text.vexDeviceMotorVelocitySet
                0x00000000038059a0       0x2c /Users/vex/Library/Application Support/Code/User/globalStorage/vexrobotics.vexcode/sdk/cpp/V5/V5_20240802_15_00_00/vexv5/libv5rt.a(v5_apijump.c.obj)
                0x00000000038059a0                vexDeviceMotorVelocitySet
 .text.vexDeviceMotorVoltageSet
                0x00000000038059cc       0x2c /Users/vex/Library/Application Support/Code/User/globalStorage/vexrobotics.vexcode/sdk/cpp/V5/V5_20240802_15_00_00/vexv5/libv5rt.a(v5_apijump.c.obj)
                0x00000000038059cc                vexDeviceMotorVoltageSet
 .text.vexDeviceMotorActualVelocityGet
                0x00000000038059f8       0x24 /Users/vex/Library/Application Support/Code/User/globalStorage/vexrobotics.vexcode/sdk/cpp/V5/V5_20240802_15_00_00/vexv5/libv5rt.a(v5_apijump.c.obj)
                0x00000000038059f8                vexDeviceMotorActualVelocityGet
 .text.vexDeviceMotorReverseFlagSet
                0x0000000003805a1c       0x2c /Users/vex/Library/Application Support/Code/User/globalStorage/vexrobotics.vexcode/sdk/cpp/V5/V5_20240802_15_00_00/vexv5/libv5rt.a(v5_apijump.c.obj)
                0x0000000003805a1c                vexDeviceMotorReverseFlagSet
 .text.vexDeviceMotorEncoderUnitsSet
                0x0000000003805a48       0x2c /Users/vex/Library/Application Support/Code/User/globalStorage/vexrobotics.vexcode/sdk/cpp/V5/V5_20240802_15_00_00/vexv5/libv5rt.a(v5_apijump.c.obj)
                0x0000000003805a48                vexDeviceMotorEncoderUnitsSet
 .text.vexDeviceMotorBrakeModeSet
                0x0000000003805a74       0x2c /Users/vex/Library/Application Support/Code/User/globalStorage/vexrobotics.vexcode/sdk/cpp/V5/V5_20240802_15_00_00/vexv5/libv5rt.a(v5_apijump.c.obj)
                0x0000000003805a74                vexDeviceMotorBrakeModeSet
 .text.vexDeviceMotorPositionSet
                0x0000000003805aa0       0x34 /Users/vex/Library/Application Support/Code/User/globalStorage/vexrobotics.vexcode/sdk/cpp/V5/V5_20240802_15_00_00/vexv5/libv5rt.a(v5_apijump.c.obj)
                0x0000000003805aa0                vexDeviceMotorPositionSet
 .text.vexDeviceMotorPositionGet
                0x0000000003805ad4       0x24 /Users/vex/Library/Application Support/Code/User/globalStorage/vexrobotics.vexcode/sdk/cpp/V5/V5_20240802_15_00_00/vexv5/libv5rt.a(v5_apijump.c.obj)
                0x0000000003805ad4                vexDeviceMotorPositionGet
 .text.vexDeviceMotorGearingSet
                0x0000000003805af8       0x2c /Users/vex/Library/Application Support/Code/User/globalStorage/vexrobotics.vexcode/sdk/cpp/V5/V5_20240802_15_00_00/vexv5/libv5rt.a(v5_apijump.c.obj)
                0x0000000003805af8                vexDeviceMotorGearingSet
 .text.vexDeviceMotorGearingGet
                0x0000000003805b24       0x24 /Users/vex/Library/Application Support/Code/User/globalStorage/vexrobotics.vexcode/sdk/cpp/V5/V5_20240802_15_00_00/vexv5/libv5rt.a(v5_apijump.c.obj)
                0x0000000003805b24                vexDeviceMotorGearingGet
 .text.vexDeviceImuReset
                0x0000000003805b48       0x24 /Users/vex/Library/Application Support/Code/User/globalStorage/vexrobotics.vexcode/sdk/cpp/V5/V5_20240802_15_00_00/vexv5/libv5rt.a(v5_apijump.c.obj)
                0x0000000003805b48                vexDeviceImuReset
 .text.vexDeviceImuHeadingGet
                0x0000000003805b6c       0x24 /Users/vex/Library/Application Support/Code/User/globalStorage/vexrobotics.vexcode/sdk/cpp/V5/V5_20240802_15_00_00/vexv5/libv5rt.a(v5_apijump.c.obj)
                0x0000000003805b6c                vexDeviceImuHeadingGet
 .text.vexDeviceImuDegreesGet
                0x0000000003805b90       0x24 /Users/vex/Library/Application Support/Code/User/globalStorage/vexrobotics.vexcode/sdk/cpp/V5/V5_20240802_15_00_00/vexv5/libv5rt.a(v5_apijump.c.obj)
                0x0000000003805b90                vexDeviceImuDegreesGet
 .text.vexDeviceImuStatusGet
                0x0000000003805bb4       0x24 /Users/vex/Library/Application Support/Code/User/globalStorage/vexrobotics.vexcode/sdk/cpp/V5/V5_20240802_15_00_00/vexv5/libv5rt.a(v5_apijump.c.obj)
                0x0000000003805bb4                vexDeviceImuStatusGet
 .text.vexDeviceAbsEncPositionSet
                0x0000000003805bd8       0x2c /Users/vex/Library/Application Support/Code/User/globalStorage/vexrobotics.vexcode/sdk/cpp/V5/V5_20240802_15_00_00/vexv5/libv5rt.a(v5_apijump.c.obj)
                0x0000000003805bd8                vexDeviceAbsEncPositionSet
 .text.vexDeviceAbsEncPositionGet
                0x0000000003805c04       0x24 /Users/vex/Library/Application Support/Code/User/globalStorage/vexrobotics.vexcode/sdk/cpp/V5/V5_20240802_15_00_00/vexv5/libv5rt.a(v5_apijump.c.obj)
                0x0000000003805c04                vexDeviceAbsEncPositionGet
 .text.vexDeviceAbsEncAngleGet
                0x0000000003805c28       0x24 /Users/vex/Library/Application Support/Code/User/globalStorage/vexrobotics.vexcode/sdk/cpp/V5/V5_20240802_15_00_00/vexv5/libv5rt.a(v5_apijump.c.obj)
                0x0000000003805c28                vexDeviceAbsEncAngleGet
 .text.vexDeviceAbsEncReverseFlagSet
                0x0000000003805c4c       0x2c /Users/vex/Library/Application Support/Code/User/globalStorage/vexrobotics.vexcode/sdk/cpp/V5/V5_20240802_15_00_00/vexv5/libv5rt.a(v5_apijump.c.obj)
                0x0000000003805c4c                vexDeviceAbsEncReverseFlagSet
 .text.vexDisplayForegroundColor
                0x0000000003805c78       0x24 /Users/vex/Library/Application Support/Code/User/globalStorage/vexrobotics.vexcode/sdk/cpp/V5/V5_20240802_15_00_00/vexv5/libv5rt.a(v5_apijump.c.obj)
                0x0000000003805c78                vexDisplayForegroundColor
 .text.vexDisplayBackgroundColor
                0x0000000003805c9c       0x24 /Users/vex/Library/Application Support/Code/User/globalStorage/vexrobotics.vexcode/sdk/cpp/V5/V5_20240802_15_00_00/vexv5/libv5rt.a(v5_apijump.c.obj)
                0x0000000003805c9c                vexDisplayBackgroundColor
 .text.vexDisplayTextReference
                0x0000000003805cc0       0x24 /Users/vex/Library/Application Support/Code/User/globalStorage/vexrobotics.vexcode/sdk/cpp/V5/V5_20240802_15_00_00/vexv5/libv5rt.a(v5_apijump.c.obj)
                0x0000000003805cc0                vexDisplayTextReference
 .text.vexDisplayTextSize
                0x0000000003805ce4       0x2c /Users/vex/Library/Application Support/Code/User/globalStorage/vexrobotics.vexcode/sdk/cpp/V5/V5_20240802_15_00_00/vexv5/libv5rt.a(v5_apijump.c.obj)
                0x0000000003805ce4                vexDisplayTextSize
 .text.vexDisplayFontNamedSet
                0x0000000003805d10       0x24 /Users/vex/Library/Application Support/Code/User/globalStorage/vexrobotics.vexcode/sdk/cpp/V5/V5_20240802_15_00_00/vexv5/libv5rt.a(v5_apijump.c.obj)
                0x0000000003805d10                vexDisplayFontNamedSet
 .text.vexSystemStdlibImpureDataAddr
                0x0000000003805d34       0x28 /Users/vex/Library/Application Support/Code/User/globalStorage/vexrobotics.vexcode/sdk/cpp/V5/V5_20240802_15_00_00/vexv5/libv5rt.a(v5_apijump.c.obj)
                0x0000000003805d34                vexSystemStdlibImpureDataAddr
 .text.vexSystemStdlibImpureDataSize
                0x0000000003805d5c       0x28 /Users/vex/Library/Application Support/Code/User/globalStorage/vexrobotics.vexcode/sdk/cpp/V5/V5_20240802_15_00_00/vexv5/libv5rt.a(v5_apijump.c.obj)
                0x0000000003805d5c                vexSystemStdlibImpureDataSize
 .text.vexSystemSaveUserData
                0x0000000003805d84       0x3c /Users/vex/Library/Application Support/Code/User/globalStorage/vexrobotics.vexcode/sdk/cpp/V5/V5_20240802_15_00_00/vexv5/libv5rt.a(v5_apijump.c.obj)
                0x0000000003805d84                vexSystemSaveUserData
 .text.vexDisplayThemeIdGet
                0x0000000003805dc0       0x38 /Users/vex/Library/Application Support/Code/User/globalStorage/vexrobotics.vexcode/sdk/cpp/V5/V5_20240802_15_00_00/vexv5/libv5rt.a(v5_apijump.c.obj)
                0x0000000003805dc0                vexDisplayThemeIdGet
 .text.vexDeviceEventMaskSet
                0x0000000003805df8       0x48 /Users/vex/Library/Application Support/Code/User/globalStorage/vexrobotics.vexcode/sdk/cpp/V5/V5_20240802_15_00_00/vexv5/libv5rt.a(v5_apijump.c.obj)
                0x0000000003805df8                vexDeviceEventMaskSet
 .text.vexDeviceEventMaskGet
                0x0000000003805e40       0x3c /Users/vex/Library/Application Support/Code/User/globalStorage/vexrobotics.vexcode/sdk/cpp/V5/V5_20240802_15_00_00/vexv5/libv5rt.a(v5_apijump.c.obj)
                0x0000000003805e40                vexDeviceEventMaskGet
 .text.vexSystemVersion
                0x0000000003805e7c       0x10 /Users/vex/Library/Application Support/Code/User/globalStorage/vexrobotics.vexcode/sdk/cpp/V5/V5_20240802_15_00_00/vexv5/libv5rt.a(v5_apiversions.c.obj)
                0x0000000003805e7c                vexSystemVersion
 .text.vexStdlibVersion
                0x0000000003805e8c       0x10 /Users/vex/Library/Application Support/Code/User/globalStorage/vexrobotics.vexcode/sdk/cpp/V5/V5_20240802_15_00_00/vexv5/libv5rt.a(v5_apiversions.c.obj)
                0x0000000003805e8c                vexStdlibVersion
 *fill*         0x0000000003805e9c        0x4 
 .text._ZN3vex4waitEdNS_9timeUnitsE
                0x0000000003805ea0       0x30 /Users/vex/Library/Application Support/Code/User/globalStorage/vexrobotics.vexcode/sdk/cpp/V5/V5_20240802_15_00_00/vexv5/libv5rt.a(vex_global.cpp.obj)
                0x0000000003805ea0                vex::wait(double, vex::timeUnits)
 .text._ZN3vex5motorD2Ev
                0x0000000003805ed0       0x20 /Users/vex/Library/Application Support/Code/User/globalStorage/vexrobotics.vexcode/sdk/cpp/V5/V5_20240802_15_00_00/vexv5/libv5rt.a(vex_motor.cpp.obj)
                0x0000000003805ed0                vex::motor::~motor()
                0x0000000003805ed0                vex::motor::~motor()
 .text._ZN3vex5motorD0Ev
                0x0000000003805ef0       0x1c /Users/vex/Library/Application Support/Code/User/globalStorage/vexrobotics.vexcode/sdk/cpp/V5/V5_20240802_15_00_00/vexv5/libv5rt.a(vex_motor.cpp.obj)
                0x0000000003805ef0                vex::motor::~motor()
 .text._ZN3vex5motor9installedEv
                0x0000000003805f0c       0x18 /Users/vex/Library/Application Support/Code/User/globalStorage/vexrobotics.vexcode/sdk/cpp/V5/V5_20240802_15_00_00/vexv5/libv5rt.a(vex_motor.cpp.obj)
                0x0000000003805f0c                vex::motor::installed()
 .text._ZN3vex5motor15defaultStoppingENS_9brakeTypeE
                0x0000000003805f24       0x30 /Users/vex/Library/Application Support/Code/User/globalStorage/vexrobotics.vexcode/sdk/cpp/V5/V5_20240802_15_00_00/vexv5/libv5rt.a(vex_motor.cpp.obj)
                0x0000000003805f24                vex::motor::defaultStopping(vex::brakeType)
 .text._ZN3vex5motorC2El
                0x0000000003805f54       0x78 /Users/vex/Library/Application Support/Code/User/globalStorage/vexrobotics.vexcode/sdk/cpp/V5/V5_20240802_15_00_00/vexv5/libv5rt.a(vex_motor.cpp.obj)
                0x0000000003805f54                vex::motor::motor(long)
                0x0000000003805f54                vex::motor::motor(long)
 .text._ZN3vex5motorC2ElNS_11gearSettingEb
                0x0000000003805fcc       0x34 /Users/vex/Library/Application Support/Code/User/globalStorage/vexrobotics.vexcode/sdk/cpp/V5/V5_20240802_15_00_00/vexv5/libv5rt.a(vex_motor.cpp.obj)
                0x0000000003805fcc                vex::motor::motor(long, vex::gearSetting, bool)
                0x0000000003805fcc                vex::motor::motor(long, vex::gearSetting, bool)
 .text._ZN3vex5motor4spinENS_13directionTypeEdNS_12voltageUnitsE
                0x0000000003806000       0x50 /Users/vex/Library/Application Support/Code/User/globalStorage/vexrobotics.vexcode/sdk/cpp/V5/V5_20240802_15_00_00/vexv5/libv5rt.a(vex_motor.cpp.obj)
                0x0000000003806000                vex::motor::spin(vex::directionType, double, vex::voltageUnits)
 .text._ZN3vex5motor4stopENS_9brakeTypeE
                0x0000000003806050       0x30 /Users/vex/Library/Application Support/Code/User/globalStorage/vexrobotics.vexcode/sdk/cpp/V5/V5_20240802_15_00_00/vexv5/libv5rt.a(vex_motor.cpp.obj)
                0x0000000003806050                vex::motor::stop(vex::brakeType)
 .text._ZN3vex5motor16velocityToScaledEdNS_13velocityUnitsE
                0x0000000003806080       0x5c /Users/vex/Library/Application Support/Code/User/globalStorage/vexrobotics.vexcode/sdk/cpp/V5/V5_20240802_15_00_00/vexv5/libv5rt.a(vex_motor.cpp.obj)
                0x0000000003806080                vex::motor::velocityToScaled(double, vex::velocityUnits)
 .text._ZN3vex5motor8velocityENS_13velocityUnitsE
                0x00000000038060dc       0x30 /Users/vex/Library/Application Support/Code/User/globalStorage/vexrobotics.vexcode/sdk/cpp/V5/V5_20240802_15_00_00/vexv5/libv5rt.a(vex_motor.cpp.obj)
                0x00000000038060dc                vex::motor::velocity(vex::velocityUnits)
 .text._ZN3vex5motor5valueEv
                0x000000000380610c       0x1c /Users/vex/Library/Application Support/Code/User/globalStorage/vexrobotics.vexcode/sdk/cpp/V5/V5_20240802_15_00_00/vexv5/libv5rt.a(vex_motor.cpp.obj)
                0x000000000380610c                vex::motor::value()
 .text._ZN3vex5motor16scaledToVelocityEdNS_13velocityUnitsE
                0x0000000003806128       0xa4 /Users/vex/Library/Application Support/Code/User/globalStorage/vexrobotics.vexcode/sdk/cpp/V5/V5_20240802_15_00_00/vexv5/libv5rt.a(vex_motor.cpp.obj)
                0x0000000003806128                vex::motor::scaledToVelocity(double, vex::velocityUnits)
 .text._ZN3vex5motor4spinENS_13directionTypeEdNS_13velocityUnitsE
                0x00000000038061cc       0x5c /Users/vex/Library/Application Support/Code/User/globalStorage/vexrobotics.vexcode/sdk/cpp/V5/V5_20240802_15_00_00/vexv5/libv5rt.a(vex_motor.cpp.obj)
                0x00000000038061cc                vex::motor::spin(vex::directionType, double, vex::velocityUnits)
 .text._ZN3vex5motor16setRotationUnitsENS_13rotationUnitsE
                0x0000000003806228       0x1c /Users/vex/Library/Application Support/Code/User/globalStorage/vexrobotics.vexcode/sdk/cpp/V5/V5_20240802_15_00_00/vexv5/libv5rt.a(vex_motor.cpp.obj)
                0x0000000003806228                vex::motor::setRotationUnits(vex::rotationUnits)
 .text._ZN3vex5motor11setPositionEdNS_13rotationUnitsE
                0x0000000003806244       0x44 /Users/vex/Library/Application Support/Code/User/globalStorage/vexrobotics.vexcode/sdk/cpp/V5/V5_20240802_15_00_00/vexv5/libv5rt.a(vex_motor.cpp.obj)
                0x0000000003806244                vex::motor::setPosition(double, vex::rotationUnits)
 .text._ZN3vex5motor13resetPositionEv
                0x0000000003806288       0x20 /Users/vex/Library/Application Support/Code/User/globalStorage/vexrobotics.vexcode/sdk/cpp/V5/V5_20240802_15_00_00/vexv5/libv5rt.a(vex_motor.cpp.obj)
                0x0000000003806288                vex::motor::resetPosition()
 .text._ZN3vex5motor8positionENS_13rotationUnitsE
                0x00000000038062a8       0x44 /Users/vex/Library/Application Support/Code/User/globalStorage/vexrobotics.vexcode/sdk/cpp/V5/V5_20240802_15_00_00/vexv5/libv5rt.a(vex_motor.cpp.obj)
                0x00000000038062a8                vex::motor::position(vex::rotationUnits)
 .text._ZN3vex8inertial11getTurnTypeEv
                0x00000000038062ec        0x8 /Users/vex/Library/Application Support/Code/User/globalStorage/vexrobotics.vexcode/sdk/cpp/V5/V5_20240802_15_00_00/vexv5/libv5rt.a(vex_imu.cpp.obj)
                0x00000000038062ec                vex::inertial::getTurnType()
 .text._ZThn16_N3vex8inertial11getTurnTypeEv
                0x00000000038062f4        0x8 /Users/vex/Library/Application Support/Code/User/globalStorage/vexrobotics.vexcode/sdk/cpp/V5/V5_20240802_15_00_00/vexv5/libv5rt.a(vex_imu.cpp.obj)
                0x00000000038062f4                non-virtual thunk to vex::inertial::getTurnType()
 *fill*         0x00000000038062fc        0x4 
 .text._ZN3vex8inertial10setHeadingEdNS_13rotationUnitsE
                0x0000000003806300       0x58 /Users/vex/Library/Application Support/Code/User/globalStorage/vexrobotics.vexcode/sdk/cpp/V5/V5_20240802_15_00_00/vexv5/libv5rt.a(vex_imu.cpp.obj)
                0x0000000003806300                vex::inertial::setHeading(double, vex::rotationUnits)
 .text._ZThn16_N3vex8inertial10setHeadingEdNS_13rotationUnitsE
                0x0000000003806358        0x8 /Users/vex/Library/Application Support/Code/User/globalStorage/vexrobotics.vexcode/sdk/cpp/V5/V5_20240802_15_00_00/vexv5/libv5rt.a(vex_imu.cpp.obj)
                0x0000000003806358                non-virtual thunk to vex::inertial::setHeading(double, vex::rotationUnits)
 .text._ZN3vex8inertial11setRotationEdNS_13rotationUnitsE
                0x0000000003806360       0x58 /Users/vex/Library/Application Support/Code/User/globalStorage/vexrobotics.vexcode/sdk/cpp/V5/V5_20240802_15_00_00/vexv5/libv5rt.a(vex_imu.cpp.obj)
                0x0000000003806360                vex::inertial::setRotation(double, vex::rotationUnits)
 .text._ZThn16_N3vex8inertial11setRotationEdNS_13rotationUnitsE
                0x00000000038063b8        0x8 /Users/vex/Library/Application Support/Code/User/globalStorage/vexrobotics.vexcode/sdk/cpp/V5/V5_20240802_15_00_00/vexv5/libv5rt.a(vex_imu.cpp.obj)
                0x00000000038063b8                non-virtual thunk to vex::inertial::setRotation(double, vex::rotationUnits)
 .text._ZN3vex8inertialD2Ev
                0x00000000038063c0       0x20 /Users/vex/Library/Application Support/Code/User/globalStorage/vexrobotics.vexcode/sdk/cpp/V5/V5_20240802_15_00_00/vexv5/libv5rt.a(vex_imu.cpp.obj)
                0x00000000038063c0                vex::inertial::~inertial()
                0x00000000038063c0                vex::inertial::~inertial()
 .text._ZThn16_N3vex8inertialD1Ev
                0x00000000038063e0        0x8 /Users/vex/Library/Application Support/Code/User/globalStorage/vexrobotics.vexcode/sdk/cpp/V5/V5_20240802_15_00_00/vexv5/libv5rt.a(vex_imu.cpp.obj)
                0x00000000038063e0                non-virtual thunk to vex::inertial::~inertial()
 .text._ZN3vex8inertialD0Ev
                0x00000000038063e8       0x1c /Users/vex/Library/Application Support/Code/User/globalStorage/vexrobotics.vexcode/sdk/cpp/V5/V5_20240802_15_00_00/vexv5/libv5rt.a(vex_imu.cpp.obj)
                0x00000000038063e8                vex::inertial::~inertial()
 .text._ZThn16_N3vex8inertialD0Ev
                0x0000000003806404        0x8 /Users/vex/Library/Application Support/Code/User/globalStorage/vexrobotics.vexcode/sdk/cpp/V5/V5_20240802_15_00_00/vexv5/libv5rt.a(vex_imu.cpp.obj)
                0x0000000003806404                non-virtual thunk to vex::inertial::~inertial()
 .text._ZN3vex8inertial9installedEv
                0x000000000380640c       0x18 /Users/vex/Library/Application Support/Code/User/globalStorage/vexrobotics.vexcode/sdk/cpp/V5/V5_20240802_15_00_00/vexv5/libv5rt.a(vex_imu.cpp.obj)
                0x000000000380640c                vex::inertial::installed()
 .text._ZN3vex8inertial5angleENS_13rotationUnitsE
                0x0000000003806424       0x6c /Users/vex/Library/Application Support/Code/User/globalStorage/vexrobotics.vexcode/sdk/cpp/V5/V5_20240802_15_00_00/vexv5/libv5rt.a(vex_imu.cpp.obj)
                0x0000000003806424                vex::inertial::angle(vex::rotationUnits)
 .text._ZThn16_N3vex8inertial5angleENS_13rotationUnitsE
                0x0000000003806490        0x8 /Users/vex/Library/Application Support/Code/User/globalStorage/vexrobotics.vexcode/sdk/cpp/V5/V5_20240802_15_00_00/vexv5/libv5rt.a(vex_imu.cpp.obj)
                0x0000000003806490                non-virtual thunk to vex::inertial::angle(vex::rotationUnits)
 .text._ZN3vex8inertial7headingENS_13rotationUnitsE
                0x0000000003806498        0x4 /Users/vex/Library/Application Support/Code/User/globalStorage/vexrobotics.vexcode/sdk/cpp/V5/V5_20240802_15_00_00/vexv5/libv5rt.a(vex_imu.cpp.obj)
                0x0000000003806498                vex::inertial::heading(vex::rotationUnits)
 .text._ZThn16_N3vex8inertial7headingENS_13rotationUnitsE
                0x000000000380649c        0x8 /Users/vex/Library/Application Support/Code/User/globalStorage/vexrobotics.vexcode/sdk/cpp/V5/V5_20240802_15_00_00/vexv5/libv5rt.a(vex_imu.cpp.obj)
                0x000000000380649c                non-virtual thunk to vex::inertial::heading(vex::rotationUnits)
 .text._ZN3vex8inertial5valueEv
                0x00000000038064a4       0x1c /Users/vex/Library/Application Support/Code/User/globalStorage/vexrobotics.vexcode/sdk/cpp/V5/V5_20240802_15_00_00/vexv5/libv5rt.a(vex_imu.cpp.obj)
                0x00000000038064a4                vex::inertial::value()
 .text._ZN3vex8inertial8rotationENS_13rotationUnitsE
                0x00000000038064c0       0x48 /Users/vex/Library/Application Support/Code/User/globalStorage/vexrobotics.vexcode/sdk/cpp/V5/V5_20240802_15_00_00/vexv5/libv5rt.a(vex_imu.cpp.obj)
                0x00000000038064c0                vex::inertial::rotation(vex::rotationUnits)
 .text._ZThn16_N3vex8inertial8rotationENS_13rotationUnitsE
                0x0000000003806508        0x8 /Users/vex/Library/Application Support/Code/User/globalStorage/vexrobotics.vexcode/sdk/cpp/V5/V5_20240802_15_00_00/vexv5/libv5rt.a(vex_imu.cpp.obj)
                0x0000000003806508                non-virtual thunk to vex::inertial::rotation(vex::rotationUnits)
 .text._ZN3vex8inertial13isCalibratingEv
                0x0000000003806510       0x38 /Users/vex/Library/Application Support/Code/User/globalStorage/vexrobotics.vexcode/sdk/cpp/V5/V5_20240802_15_00_00/vexv5/libv5rt.a(vex_imu.cpp.obj)
                0x0000000003806510                vex::inertial::isCalibrating()
 .text._ZThn16_N3vex8inertial13isCalibratingEv
                0x0000000003806548        0x8 /Users/vex/Library/Application Support/Code/User/globalStorage/vexrobotics.vexcode/sdk/cpp/V5/V5_20240802_15_00_00/vexv5/libv5rt.a(vex_imu.cpp.obj)
                0x0000000003806548                non-virtual thunk to vex::inertial::isCalibrating()
 .text._ZN3vex8inertialC2ElNS_8turnTypeE
                0x0000000003806550       0x4c /Users/vex/Library/Application Support/Code/User/globalStorage/vexrobotics.vexcode/sdk/cpp/V5/V5_20240802_15_00_00/vexv5/libv5rt.a(vex_imu.cpp.obj)
                0x0000000003806550                vex::inertial::inertial(long, vex::turnType)
                0x0000000003806550                vex::inertial::inertial(long, vex::turnType)
 .text._ZN3vex8inertial16startCalibrationEl
                0x000000000380659c       0x20 /Users/vex/Library/Application Support/Code/User/globalStorage/vexrobotics.vexcode/sdk/cpp/V5/V5_20240802_15_00_00/vexv5/libv5rt.a(vex_imu.cpp.obj)
                0x000000000380659c                vex::inertial::startCalibration(long)
 .text._ZN3vex8inertial9calibrateEl
                0x00000000038065bc        0xc /Users/vex/Library/Application Support/Code/User/globalStorage/vexrobotics.vexcode/sdk/cpp/V5/V5_20240802_15_00_00/vexv5/libv5rt.a(vex_imu.cpp.obj)
                0x00000000038065bc                vex::inertial::calibrate(long)
                0x00000000038065c0                non-virtual thunk to vex::inertial::calibrate(long)
 .text._ZN3vex8rotationD2Ev
                0x00000000038065c8       0x20 /Users/vex/Library/Application Support/Code/User/globalStorage/vexrobotics.vexcode/sdk/cpp/V5/V5_20240802_15_00_00/vexv5/libv5rt.a(vex_rotation.cpp.obj)
                0x00000000038065c8                vex::rotation::~rotation()
                0x00000000038065c8                vex::rotation::~rotation()
 .text._ZN3vex8rotationD0Ev
                0x00000000038065e8       0x1c /Users/vex/Library/Application Support/Code/User/globalStorage/vexrobotics.vexcode/sdk/cpp/V5/V5_20240802_15_00_00/vexv5/libv5rt.a(vex_rotation.cpp.obj)
                0x00000000038065e8                vex::rotation::~rotation()
 .text._ZN3vex8rotation9installedEv
                0x0000000003806604       0x18 /Users/vex/Library/Application Support/Code/User/globalStorage/vexrobotics.vexcode/sdk/cpp/V5/V5_20240802_15_00_00/vexv5/libv5rt.a(vex_rotation.cpp.obj)
                0x0000000003806604                vex::rotation::installed()
 .text._ZN3vex8rotation5valueEv
                0x000000000380661c        0x8 /Users/vex/Library/Application Support/Code/User/globalStorage/vexrobotics.vexcode/sdk/cpp/V5/V5_20240802_15_00_00/vexv5/libv5rt.a(vex_rotation.cpp.obj)
                0x000000000380661c                vex::rotation::value()
 .text._ZN3vex8rotationC2Elb
                0x0000000003806624       0x30 /Users/vex/Library/Application Support/Code/User/globalStorage/vexrobotics.vexcode/sdk/cpp/V5/V5_20240802_15_00_00/vexv5/libv5rt.a(vex_rotation.cpp.obj)
                0x0000000003806624                vex::rotation::rotation(long, bool)
                0x0000000003806624                vex::rotation::rotation(long, bool)
 .text._ZN3vex8rotation13resetPositionEv
                0x0000000003806654        0xc /Users/vex/Library/Application Support/Code/User/globalStorage/vexrobotics.vexcode/sdk/cpp/V5/V5_20240802_15_00_00/vexv5/libv5rt.a(vex_rotation.cpp.obj)
                0x0000000003806654                vex::rotation::resetPosition()
 .text._ZN3vex8rotation11setPositionEdNS_13rotationUnitsE
                0x0000000003806660       0x48 /Users/vex/Library/Application Support/Code/User/globalStorage/vexrobotics.vexcode/sdk/cpp/V5/V5_20240802_15_00_00/vexv5/libv5rt.a(vex_rotation.cpp.obj)
                0x0000000003806660                vex::rotation::setPosition(double, vex::rotationUnits)
 .text._ZN3vex8rotation8positionENS_13rotationUnitsE
                0x00000000038066a8       0x50 /Users/vex/Library/Application Support/Code/User/globalStorage/vexrobotics.vexcode/sdk/cpp/V5/V5_20240802_15_00_00/vexv5/libv5rt.a(vex_rotation.cpp.obj)
                0x00000000038066a8                vex::rotation::position(vex::rotationUnits)
 .text._ZN3vex10controllerD2Ev
                0x00000000038066f8        0x4 /Users/vex/Library/Application Support/Code/User/globalStorage/vexrobotics.vexcode/sdk/cpp/V5/V5_20240802_15_00_00/vexv5/libv5rt.a(vex_controller.cpp.obj)
                0x00000000038066f8                vex::controller::~controller()
                0x00000000038066f8                vex::controller::~controller()
 .text._ZN3vex10controller5valueE19_V5_ControllerIndex
                0x00000000038066fc        0x8 /Users/vex/Library/Application Support/Code/User/globalStorage/vexrobotics.vexcode/sdk/cpp/V5/V5_20240802_15_00_00/vexv5/libv5rt.a(vex_controller.cpp.obj)
                0x00000000038066fc                vex::controller::value(_V5_ControllerIndex)
 .text._ZN3vex10controller6rumbleEPKc
                0x0000000003806704       0x4c /Users/vex/Library/Application Support/Code/User/globalStorage/vexrobotics.vexcode/sdk/cpp/V5/V5_20240802_15_00_00/vexv5/libv5rt.a(vex_controller.cpp.obj)
                0x0000000003806704                vex::controller::rumble(char const*)
 .text._ZNK3vex10controller6button8pressingEv
                0x0000000003806750       0xc8 /Users/vex/Library/Application Support/Code/User/globalStorage/vexrobotics.vexcode/sdk/cpp/V5/V5_20240802_15_00_00/vexv5/libv5rt.a(vex_controller.cpp.obj)
                0x0000000003806750                vex::controller::button::pressing() const
 .text._ZNK3vex10controller6button21_buttonToPressedEventEv
                0x0000000003806818       0x20 /Users/vex/Library/Application Support/Code/User/globalStorage/vexrobotics.vexcode/sdk/cpp/V5/V5_20240802_15_00_00/vexv5/libv5rt.a(vex_controller.cpp.obj)
                0x0000000003806818                vex::controller::button::_buttonToPressedEvent() const
 .text._ZNK3vex10controller6button22_buttonToReleasedEventEv
                0x0000000003806838       0x20 /Users/vex/Library/Application Support/Code/User/globalStorage/vexrobotics.vexcode/sdk/cpp/V5/V5_20240802_15_00_00/vexv5/libv5rt.a(vex_controller.cpp.obj)
                0x0000000003806838                vex::controller::button::_buttonToReleasedEvent() const
 .text._ZN3vex10controller6buttonC2ENS0_11tButtonTypeEPS0_
                0x0000000003806858       0x48 /Users/vex/Library/Application Support/Code/User/globalStorage/vexrobotics.vexcode/sdk/cpp/V5/V5_20240802_15_00_00/vexv5/libv5rt.a(vex_controller.cpp.obj)
                0x0000000003806858                vex::controller::button::button(vex::controller::tButtonType, vex::controller*)
                0x0000000003806858                vex::controller::button::button(vex::controller::tButtonType, vex::controller*)
 .text._ZNK3vex10controller4axis5valueEv
                0x00000000038068a0       0x58 /Users/vex/Library/Application Support/Code/User/globalStorage/vexrobotics.vexcode/sdk/cpp/V5/V5_20240802_15_00_00/vexv5/libv5rt.a(vex_controller.cpp.obj)
                0x00000000038068a0                vex::controller::axis::value() const
 .text._ZNK3vex10controller4axis8positionENS_12percentUnitsE
                0x00000000038068f8       0x1c /Users/vex/Library/Application Support/Code/User/globalStorage/vexrobotics.vexcode/sdk/cpp/V5/V5_20240802_15_00_00/vexv5/libv5rt.a(vex_controller.cpp.obj)
                0x00000000038068f8                vex::controller::axis::position(vex::percentUnits) const
 .text._ZNK3vex10controller4axis23_joystickToChangedEventEv
                0x0000000003806914       0x20 /Users/vex/Library/Application Support/Code/User/globalStorage/vexrobotics.vexcode/sdk/cpp/V5/V5_20240802_15_00_00/vexv5/libv5rt.a(vex_controller.cpp.obj)
                0x0000000003806914                vex::controller::axis::_joystickToChangedEvent() const
 .text._ZN3vex10controller4axisC2ENS0_9tAxisTypeEPS0_
                0x0000000003806934       0x2c /Users/vex/Library/Application Support/Code/User/globalStorage/vexrobotics.vexcode/sdk/cpp/V5/V5_20240802_15_00_00/vexv5/libv5rt.a(vex_controller.cpp.obj)
                0x0000000003806934                vex::controller::axis::axis(vex::controller::tAxisType, vex::controller*)
                0x0000000003806934                vex::controller::axis::axis(vex::controller::tAxisType, vex::controller*)
 .text._ZN3vex10controllerC2ENS_14controllerTypeE
                0x0000000003806960      0x16c /Users/vex/Library/Application Support/Code/User/globalStorage/vexrobotics.vexcode/sdk/cpp/V5/V5_20240802_15_00_00/vexv5/libv5rt.a(vex_controller.cpp.obj)
                0x0000000003806960                vex::controller::controller(vex::controllerType)
                0x0000000003806960                vex::controller::controller(vex::controllerType)
 .text._ZN3vex10controllerC2Ev
                0x0000000003806acc      0x164 /Users/vex/Library/Application Support/Code/User/globalStorage/vexrobotics.vexcode/sdk/cpp/V5/V5_20240802_15_00_00/vexv5/libv5rt.a(vex_controller.cpp.obj)
                0x0000000003806acc                vex::controller::controller()
                0x0000000003806acc                vex::controller::controller()
 .text._ZN3vex10controller3lcd15getControllerIdEv
                0x0000000003806c30       0x10 /Users/vex/Library/Application Support/Code/User/globalStorage/vexrobotics.vexcode/sdk/cpp/V5/V5_20240802_15_00_00/vexv5/libv5rt.a(vex_controller.cpp.obj)
                0x0000000003806c30                vex::controller::lcd::getControllerId()
 .text._ZN3vex10controller3lcd9setCursorEll
                0x0000000003806c40       0x40 /Users/vex/Library/Application Support/Code/User/globalStorage/vexrobotics.vexcode/sdk/cpp/V5/V5_20240802_15_00_00/vexv5/libv5rt.a(vex_controller.cpp.obj)
                0x0000000003806c40                vex::controller::lcd::setCursor(long, long)
 .text._ZN3vex10controller3lcd5printEPKcz
                0x0000000003806c80       0x80 /Users/vex/Library/Application Support/Code/User/globalStorage/vexrobotics.vexcode/sdk/cpp/V5/V5_20240802_15_00_00/vexv5/libv5rt.a(vex_controller.cpp.obj)
                0x0000000003806c80                vex::controller::lcd::print(char const*, ...)
 .text._ZN3vex10controller3lcd9clearLineEi
                0x0000000003806d00       0x80 /Users/vex/Library/Application Support/Code/User/globalStorage/vexrobotics.vexcode/sdk/cpp/V5/V5_20240802_15_00_00/vexv5/libv5rt.a(vex_controller.cpp.obj)
                0x0000000003806d00                vex::controller::lcd::clearLine(int)
 .text._ZN3vex10controller3lcd11clearScreenEv
                0x0000000003806d80       0x5c /Users/vex/Library/Application Support/Code/User/globalStorage/vexrobotics.vexcode/sdk/cpp/V5/V5_20240802_15_00_00/vexv5/libv5rt.a(vex_controller.cpp.obj)
                0x0000000003806d80                vex::controller::lcd::clearScreen()
 .text._ZN3vex4taskC2Ev
                0x0000000003806ddc       0x28 /Users/vex/Library/Application Support/Code/User/globalStorage/vexrobotics.vexcode/sdk/cpp/V5/V5_20240802_15_00_00/vexv5/libv5rt.a(vex_task.cpp.obj)
                0x0000000003806ddc                vex::task::task()
                0x0000000003806ddc                vex::task::task()
 .text._ZN3vex4taskC2EPFivE
                0x0000000003806e04       0x5c /Users/vex/Library/Application Support/Code/User/globalStorage/vexrobotics.vexcode/sdk/cpp/V5/V5_20240802_15_00_00/vexv5/libv5rt.a(vex_task.cpp.obj)
                0x0000000003806e04                vex::task::task(int (*)())
                0x0000000003806e04                vex::task::task(int (*)())
 .text._ZN3vex4taskD2Ev
                0x0000000003806e60        0x4 /Users/vex/Library/Application Support/Code/User/globalStorage/vexrobotics.vexcode/sdk/cpp/V5/V5_20240802_15_00_00/vexv5/libv5rt.a(vex_task.cpp.obj)
                0x0000000003806e60                vex::task::~task()
                0x0000000003806e60                vex::task::~task()
 .text._ZN3vex4task4stopEPvi
                0x0000000003806e64       0x1c /Users/vex/Library/Application Support/Code/User/globalStorage/vexrobotics.vexcode/sdk/cpp/V5/V5_20240802_15_00_00/vexv5/libv5rt.a(vex_task.cpp.obj)
                0x0000000003806e64                vex::task::stop(void*, int)
 .text._ZN3vex4task4stopEv
                0x0000000003806e80       0x18 /Users/vex/Library/Application Support/Code/User/globalStorage/vexrobotics.vexcode/sdk/cpp/V5/V5_20240802_15_00_00/vexv5/libv5rt.a(vex_task.cpp.obj)
                0x0000000003806e80                vex::task::stop()
 .text._ZN3vex4task6_indexEPFivE
                0x0000000003806e98       0x14 /Users/vex/Library/Application Support/Code/User/globalStorage/vexrobotics.vexcode/sdk/cpp/V5/V5_20240802_15_00_00/vexv5/libv5rt.a(vex_task.cpp.obj)
                0x0000000003806e98                vex::task::_index(int (*)())
 .text._ZN3vex4task8_stopAllEv
                0x0000000003806eac       0x3c /Users/vex/Library/Application Support/Code/User/globalStorage/vexrobotics.vexcode/sdk/cpp/V5/V5_20240802_15_00_00/vexv5/libv5rt.a(vex_task.cpp.obj)
                0x0000000003806eac                vex::task::_stopAll()
 .text._ZN3vex11this_thread9sleep_forEm
                0x0000000003806ee8        0x4 /Users/vex/Library/Application Support/Code/User/globalStorage/vexrobotics.vexcode/sdk/cpp/V5/V5_20240802_15_00_00/vexv5/libv5rt.a(vex_thread.cpp.obj)
                0x0000000003806ee8                vex::this_thread::sleep_for(unsigned long)
 .text._ZN3vex5event4initEmmPFvvE
                0x0000000003806eec        0x4 /Users/vex/Library/Application Support/Code/User/globalStorage/vexrobotics.vexcode/sdk/cpp/V5/V5_20240802_15_00_00/vexv5/libv5rt.a(vex_event.cpp.obj)
                0x0000000003806eec                vex::event::init(unsigned long, unsigned long, void (*)())
 .text._ZN3vex5event4initEmmPFvPvES1_
                0x0000000003806ef0        0x4 /Users/vex/Library/Application Support/Code/User/globalStorage/vexrobotics.vexcode/sdk/cpp/V5/V5_20240802_15_00_00/vexv5/libv5rt.a(vex_event.cpp.obj)
                0x0000000003806ef0                vex::event::init(unsigned long, unsigned long, void (*)(void*), void*)
 .text._ZN3vex5event9userindexEv
                0x0000000003806ef4        0x4 /Users/vex/Library/Application Support/Code/User/globalStorage/vexrobotics.vexcode/sdk/cpp/V5/V5_20240802_15_00_00/vexv5/libv5rt.a(vex_event.cpp.obj)
                0x0000000003806ef4                vex::event::userindex()
 .text._ZZN3vex6meventC4EmmENUlvE_4_FUNEv
                0x0000000003806ef8        0x4 /Users/vex/Library/Application Support/Code/User/globalStorage/vexrobotics.vexcode/sdk/cpp/V5/V5_20240802_15_00_00/vexv5/libv5rt.a(vex_mevent.cpp.obj)
 .text._ZN3vex6meventC2Emm
                0x0000000003806efc       0x70 /Users/vex/Library/Application Support/Code/User/globalStorage/vexrobotics.vexcode/sdk/cpp/V5/V5_20240802_15_00_00/vexv5/libv5rt.a(vex_mevent.cpp.obj)
                0x0000000003806efc                vex::mevent::mevent(unsigned long, unsigned long)
                0x0000000003806efc                vex::mevent::mevent(unsigned long, unsigned long)
 .text._ZN3vex5brain9_getIndexEv
                0x0000000003806f6c       0x10 /Users/vex/Library/Application Support/Code/User/globalStorage/vexrobotics.vexcode/sdk/cpp/V5/V5_20240802_15_00_00/vexv5/libv5rt.a(vex_brain.cpp.obj)
                0x0000000003806f6c                vex::brain::_getIndex()
 .text._ZN3vex5brain3lcd9setCursorEll
                0x0000000003806f7c       0x44 /Users/vex/Library/Application Support/Code/User/globalStorage/vexrobotics.vexcode/sdk/cpp/V5/V5_20240802_15_00_00/vexv5/libv5rt.a(vex_brain.cpp.obj)
                0x0000000003806f7c                vex::brain::lcd::setCursor(long, long)
 .text._ZN3vex5brain3lcd7setFontENS_8fontTypeE
                0x0000000003806fc0      0x23c /Users/vex/Library/Application Support/Code/User/globalStorage/vexrobotics.vexcode/sdk/cpp/V5/V5_20240802_15_00_00/vexv5/libv5rt.a(vex_brain.cpp.obj)
                0x0000000003806fc0                vex::brain::lcd::setFont(vex::fontType)
 .text._ZN3vex5brain3lcdC2Ev
                0x00000000038071fc       0x94 /Users/vex/Library/Application Support/Code/User/globalStorage/vexrobotics.vexcode/sdk/cpp/V5/V5_20240802_15_00_00/vexv5/libv5rt.a(vex_brain.cpp.obj)
                0x00000000038071fc                vex::brain::lcd::lcd()
                0x00000000038071fc                vex::brain::lcd::lcd()
 .text._ZN3vex5brainC2Ev
                0x0000000003807290       0x3c /Users/vex/Library/Application Support/Code/User/globalStorage/vexrobotics.vexcode/sdk/cpp/V5/V5_20240802_15_00_00/vexv5/libv5rt.a(vex_brain.cpp.obj)
                0x0000000003807290                vex::brain::brain()
                0x0000000003807290                vex::brain::brain()
 .text._ZN3vex5brainD2Ev
                0x00000000038072cc       0x20 /Users/vex/Library/Application Support/Code/User/globalStorage/vexrobotics.vexcode/sdk/cpp/V5/V5_20240802_15_00_00/vexv5/libv5rt.a(vex_brain.cpp.obj)
                0x00000000038072cc                vex::brain::~brain()
                0x00000000038072cc                vex::brain::~brain()
 .text._ZN3vex11competition8_disableEPv
                0x00000000038072ec       0xa4 /Users/vex/Library/Application Support/Code/User/globalStorage/vexrobotics.vexcode/sdk/cpp/V5/V5_20240802_15_00_00/vexv5/libv5rt.a(vex_competition.cpp.obj)
                0x00000000038072ec                vex::competition::_disable(void*)
 .text._ZN3vex11competition11_autonomousEv
                0x0000000003807390       0x80 /Users/vex/Library/Application Support/Code/User/globalStorage/vexrobotics.vexcode/sdk/cpp/V5/V5_20240802_15_00_00/vexv5/libv5rt.a(vex_competition.cpp.obj)
                0x0000000003807390                vex::competition::_autonomous()
 .text._ZN3vex11competition14_drivercontrolEv
                0x0000000003807410       0x80 /Users/vex/Library/Application Support/Code/User/globalStorage/vexrobotics.vexcode/sdk/cpp/V5/V5_20240802_15_00_00/vexv5/libv5rt.a(vex_competition.cpp.obj)
                0x0000000003807410                vex::competition::_drivercontrol()
 .text._ZN3vex11competitionC2Ev
                0x0000000003807490      0x13c /Users/vex/Library/Application Support/Code/User/globalStorage/vexrobotics.vexcode/sdk/cpp/V5/V5_20240802_15_00_00/vexv5/libv5rt.a(vex_competition.cpp.obj)
                0x0000000003807490                vex::competition::competition()
                0x0000000003807490                vex::competition::competition()
 .text._ZN3vex11competitionD2Ev
                0x00000000038075cc        0x4 /Users/vex/Library/Application Support/Code/User/globalStorage/vexrobotics.vexcode/sdk/cpp/V5/V5_20240802_15_00_00/vexv5/libv5rt.a(vex_competition.cpp.obj)
                0x00000000038075cc                vex::competition::~competition()
                0x00000000038075cc                vex::competition::~competition()
 .text._ZN3vex11competition10autonomousEPFvvE
                0x00000000038075d0       0x44 /Users/vex/Library/Application Support/Code/User/globalStorage/vexrobotics.vexcode/sdk/cpp/V5/V5_20240802_15_00_00/vexv5/libv5rt.a(vex_competition.cpp.obj)
                0x00000000038075d0                vex::competition::autonomous(void (*)())
 .text._ZN3vex11competition13drivercontrolEPFvvE
                0x0000000003807614       0x44 /Users/vex/Library/Application Support/Code/User/globalStorage/vexrobotics.vexcode/sdk/cpp/V5/V5_20240802_15_00_00/vexv5/libv5rt.a(vex_competition.cpp.obj)
                0x0000000003807614                vex::competition::drivercontrol(void (*)())
 .text._ZN3vex7triportD2Ev
                0x0000000003807658       0x38 /Users/vex/Library/Application Support/Code/User/globalStorage/vexrobotics.vexcode/sdk/cpp/V5/V5_20240802_15_00_00/vexv5/libv5rt.a(vex_triport.cpp.obj)
                0x0000000003807658                vex::triport::~triport()
                0x0000000003807658                vex::triport::~triport()
 .text._ZN3vex7triportD0Ev
                0x0000000003807690       0x1c /Users/vex/Library/Application Support/Code/User/globalStorage/vexrobotics.vexcode/sdk/cpp/V5/V5_20240802_15_00_00/vexv5/libv5rt.a(vex_triport.cpp.obj)
                0x0000000003807690                vex::triport::~triport()
 .text._ZN3vex7triport9installedEv
                0x00000000038076ac       0x18 /Users/vex/Library/Application Support/Code/User/globalStorage/vexrobotics.vexcode/sdk/cpp/V5/V5_20240802_15_00_00/vexv5/libv5rt.a(vex_triport.cpp.obj)
                0x00000000038076ac                vex::triport::installed()
 .text._ZN3vex7triport4portC2ElPS0_
                0x00000000038076c4       0x74 /Users/vex/Library/Application Support/Code/User/globalStorage/vexrobotics.vexcode/sdk/cpp/V5/V5_20240802_15_00_00/vexv5/libv5rt.a(vex_triport.cpp.obj)
                0x00000000038076c4                vex::triport::port::port(long, vex::triport*)
                0x00000000038076c4                vex::triport::port::port(long, vex::triport*)
 .text._ZN3vex7triportC2El
                0x0000000003807738       0xf0 /Users/vex/Library/Application Support/Code/User/globalStorage/vexrobotics.vexcode/sdk/cpp/V5/V5_20240802_15_00_00/vexv5/libv5rt.a(vex_triport.cpp.obj)
                0x0000000003807738                vex::triport::triport(long)
                0x0000000003807738                vex::triport::triport(long)
 .text._ZN3vex7triport4port4typeENS_11triportTypeE
                0x0000000003807828       0x30 /Users/vex/Library/Application Support/Code/User/globalStorage/vexrobotics.vexcode/sdk/cpp/V5/V5_20240802_15_00_00/vexv5/libv5rt.a(vex_triport.cpp.obj)
                0x0000000003807828                vex::triport::port::type(vex::triportType)
 .text._ZN3vex7triport4port4typeEv
                0x0000000003807858       0x38 /Users/vex/Library/Application Support/Code/User/globalStorage/vexrobotics.vexcode/sdk/cpp/V5/V5_20240802_15_00_00/vexv5/libv5rt.a(vex_triport.cpp.obj)
                0x0000000003807858                vex::triport::port::type()
 .text._ZN3vex7triport4port5valueEl
                0x0000000003807890       0x18 /Users/vex/Library/Application Support/Code/User/globalStorage/vexrobotics.vexcode/sdk/cpp/V5/V5_20240802_15_00_00/vexv5/libv5rt.a(vex_triport.cpp.obj)
                0x0000000003807890                vex::triport::port::value(long)
 .text._ZN3vex11__trideviceC2ERNS_7triport4portENS_11triportTypeE
                0x00000000038078a8       0x5c /Users/vex/Library/Application Support/Code/User/globalStorage/vexrobotics.vexcode/sdk/cpp/V5/V5_20240802_15_00_00/vexv5/libv5rt.a(vex_triport.cpp.obj)
                0x00000000038078a8                vex::__tridevice::__tridevice(vex::triport::port&, vex::triportType)
                0x00000000038078a8                vex::__tridevice::__tridevice(vex::triport::port&, vex::triportType)
 .text._ZN3vex11digital_outC2ERNS_7triport4portE
                0x0000000003807904       0x18 /Users/vex/Library/Application Support/Code/User/globalStorage/vexrobotics.vexcode/sdk/cpp/V5/V5_20240802_15_00_00/vexv5/libv5rt.a(vex_triport.cpp.obj)
                0x0000000003807904                vex::digital_out::digital_out(vex::triport::port&)
                0x0000000003807904                vex::digital_out::digital_out(vex::triport::port&)
 .text._ZN3vex11digital_outD2Ev
                0x000000000380791c        0x4 /Users/vex/Library/Application Support/Code/User/globalStorage/vexrobotics.vexcode/sdk/cpp/V5/V5_20240802_15_00_00/vexv5/libv5rt.a(vex_triport.cpp.obj)
                0x000000000380791c                vex::digital_out::~digital_out()
                0x000000000380791c                vex::digital_out::~digital_out()
 .text._ZN3vex11digital_out3setEb
                0x0000000003807920        0x8 /Users/vex/Library/Application Support/Code/User/globalStorage/vexrobotics.vexcode/sdk/cpp/V5/V5_20240802_15_00_00/vexv5/libv5rt.a(vex_triport.cpp.obj)
                0x0000000003807920                vex::digital_out::set(bool)
 .text._ZN3vex5colorD2Ev
                0x0000000003807928        0x4 /Users/vex/Library/Application Support/Code/User/globalStorage/vexrobotics.vexcode/sdk/cpp/V5/V5_20240802_15_00_00/vexv5/libv5rt.a(vex_color.cpp.obj)
                0x0000000003807928                vex::color::~color()
                0x0000000003807928                vex::color::~color()
 .text.startup._GLOBAL__sub_I__ZN3vex5color5blackE
                0x000000000380792c      0x164 /Users/vex/Library/Application Support/Code/User/globalStorage/vexrobotics.vexcode/sdk/cpp/V5/V5_20240802_15_00_00/vexv5/libv5rt.a(vex_color.cpp.obj)
 .text._ZN3vex5timerD2Ev
                0x0000000003807a90        0x4 /Users/vex/Library/Application Support/Code/User/globalStorage/vexrobotics.vexcode/sdk/cpp/V5/V5_20240802_15_00_00/vexv5/libv5rt.a(vex_timer.cpp.obj)
                0x0000000003807a90                vex::timer::~timer()
                0x0000000003807a90                vex::timer::~timer()
 .text._ZN3vex5timer5clearEv
                0x0000000003807a94       0x1c /Users/vex/Library/Application Support/Code/User/globalStorage/vexrobotics.vexcode/sdk/cpp/V5/V5_20240802_15_00_00/vexv5/libv5rt.a(vex_timer.cpp.obj)
                0x0000000003807a94                vex::timer::clear()
 .text._ZN3vex5timerC2Ev
                0x0000000003807ab0       0x14 /Users/vex/Library/Application Support/Code/User/globalStorage/vexrobotics.vexcode/sdk/cpp/V5/V5_20240802_15_00_00/vexv5/libv5rt.a(vex_timer.cpp.obj)
                0x0000000003807ab0                vex::timer::timer()
                0x0000000003807ab0                vex::timer::timer()
 .text._ZNK3vex5timer4timeEv
                0x0000000003807ac4       0x1c /Users/vex/Library/Application Support/Code/User/globalStorage/vexrobotics.vexcode/sdk/cpp/V5/V5_20240802_15_00_00/vexv5/libv5rt.a(vex_timer.cpp.obj)
                0x0000000003807ac4                vex::timer::time() const
 .text._ZN3vex11motor_group18motor_group_motorsC2Ev
                0x0000000003807ae0       0x28 /Users/vex/Library/Application Support/Code/User/globalStorage/vexrobotics.vexcode/sdk/cpp/V5/V5_20240802_15_00_00/vexv5/libv5rt.a(vex_motorgroup.cpp.obj)
                0x0000000003807ae0                vex::motor_group::motor_group_motors::motor_group_motors()
                0x0000000003807ae0                vex::motor_group::motor_group_motors::motor_group_motors()
 .text._ZN3vex11motor_groupC2Ev
                0x0000000003807b08       0x1c /Users/vex/Library/Application Support/Code/User/globalStorage/vexrobotics.vexcode/sdk/cpp/V5/V5_20240802_15_00_00/vexv5/libv5rt.a(vex_motorgroup.cpp.obj)
                0x0000000003807b08                vex::motor_group::motor_group()
                0x0000000003807b08                vex::motor_group::motor_group()
 .text._ZN3vex11motor_groupD2Ev
                0x0000000003807b24        0x4 /Users/vex/Library/Application Support/Code/User/globalStorage/vexrobotics.vexcode/sdk/cpp/V5/V5_20240802_15_00_00/vexv5/libv5rt.a(vex_motorgroup.cpp.obj)
                0x0000000003807b24                vex::motor_group::~motor_group()
                0x0000000003807b24                vex::motor_group::~motor_group()
 .text._ZN3vex11motor_group9_addMotorEv
                0x0000000003807b28        0x4 /Users/vex/Library/Application Support/Code/User/globalStorage/vexrobotics.vexcode/sdk/cpp/V5/V5_20240802_15_00_00/vexv5/libv5rt.a(vex_motorgroup.cpp.obj)
                0x0000000003807b28                vex::motor_group::_addMotor()
 .text._ZN3vex11motor_group9_addMotorERNS_5motorE
                0x0000000003807b2c       0x20 /Users/vex/Library/Application Support/Code/User/globalStorage/vexrobotics.vexcode/sdk/cpp/V5/V5_20240802_15_00_00/vexv5/libv5rt.a(vex_motorgroup.cpp.obj)
                0x0000000003807b2c                vex::motor_group::_addMotor(vex::motor&)
 .text._ZN3vex11motor_group13resetPositionEv
                0x0000000003807b4c       0x30 /Users/vex/Library/Application Support/Code/User/globalStorage/vexrobotics.vexcode/sdk/cpp/V5/V5_20240802_15_00_00/vexv5/libv5rt.a(vex_motorgroup.cpp.obj)
                0x0000000003807b4c                vex::motor_group::resetPosition()
 .text._ZN3vex11motor_group4spinENS_13directionTypeEdNS_13velocityUnitsE
                0x0000000003807b7c       0x54 /Users/vex/Library/Application Support/Code/User/globalStorage/vexrobotics.vexcode/sdk/cpp/V5/V5_20240802_15_00_00/vexv5/libv5rt.a(vex_motorgroup.cpp.obj)
                0x0000000003807b7c                vex::motor_group::spin(vex::directionType, double, vex::velocityUnits)
 .text._ZN3vex11motor_group4spinENS_13directionTypeEdNS_12voltageUnitsE
                0x0000000003807bd0       0x54 /Users/vex/Library/Application Support/Code/User/globalStorage/vexrobotics.vexcode/sdk/cpp/V5/V5_20240802_15_00_00/vexv5/libv5rt.a(vex_motorgroup.cpp.obj)
                0x0000000003807bd0                vex::motor_group::spin(vex::directionType, double, vex::voltageUnits)
 .text._ZN3vex11motor_group4stopENS_9brakeTypeE
                0x0000000003807c24       0x38 /Users/vex/Library/Application Support/Code/User/globalStorage/vexrobotics.vexcode/sdk/cpp/V5/V5_20240802_15_00_00/vexv5/libv5rt.a(vex_motorgroup.cpp.obj)
                0x0000000003807c24                vex::motor_group::stop(vex::brakeType)
 .text._ZN3vex11motor_group8positionENS_13rotationUnitsE
                0x0000000003807c5c        0xc /Users/vex/Library/Application Support/Code/User/globalStorage/vexrobotics.vexcode/sdk/cpp/V5/V5_20240802_15_00_00/vexv5/libv5rt.a(vex_motorgroup.cpp.obj)
                0x0000000003807c5c                vex::motor_group::position(vex::rotationUnits)
 .text.vexAdiPortConfigSet
                0x0000000003807c68       0x28 /Users/vex/Library/Application Support/Code/User/globalStorage/vexrobotics.vexcode/sdk/cpp/V5/V5_20240802_15_00_00/vexv5/libv5rt.a(v5_apiuser.c.obj)
                0x0000000003807c68                vexAdiPortConfigSet
 .text.vexAdiPortConfigGet
                0x0000000003807c90       0x28 /Users/vex/Library/Application Support/Code/User/globalStorage/vexrobotics.vexcode/sdk/cpp/V5/V5_20240802_15_00_00/vexv5/libv5rt.a(v5_apiuser.c.obj)
                0x0000000003807c90                vexAdiPortConfigGet
 .text.vexAdiValueSet
                0x0000000003807cb8       0x28 /Users/vex/Library/Application Support/Code/User/globalStorage/vexrobotics.vexcode/sdk/cpp/V5/V5_20240802_15_00_00/vexv5/libv5rt.a(v5_apiuser.c.obj)
                0x0000000003807cb8                vexAdiValueSet
 .text.vexMotorVelocitySet
                0x0000000003807ce0       0x20 /Users/vex/Library/Application Support/Code/User/globalStorage/vexrobotics.vexcode/sdk/cpp/V5/V5_20240802_15_00_00/vexv5/libv5rt.a(v5_apiuser.c.obj)
                0x0000000003807ce0                vexMotorVelocitySet
 .text.vexMotorVoltageSet
                0x0000000003807d00       0x20 /Users/vex/Library/Application Support/Code/User/globalStorage/vexrobotics.vexcode/sdk/cpp/V5/V5_20240802_15_00_00/vexv5/libv5rt.a(v5_apiuser.c.obj)
                0x0000000003807d00                vexMotorVoltageSet
 .text.vexMotorActualVelocityGet
                0x0000000003807d20       0x24 /Users/vex/Library/Application Support/Code/User/globalStorage/vexrobotics.vexcode/sdk/cpp/V5/V5_20240802_15_00_00/vexv5/libv5rt.a(v5_apiuser.c.obj)
                0x0000000003807d20                vexMotorActualVelocityGet
 .text.vexMotorReverseFlagSet
                0x0000000003807d44       0x20 /Users/vex/Library/Application Support/Code/User/globalStorage/vexrobotics.vexcode/sdk/cpp/V5/V5_20240802_15_00_00/vexv5/libv5rt.a(v5_apiuser.c.obj)
                0x0000000003807d44                vexMotorReverseFlagSet
 .text.vexMotorEncoderUnitsSet
                0x0000000003807d64       0x20 /Users/vex/Library/Application Support/Code/User/globalStorage/vexrobotics.vexcode/sdk/cpp/V5/V5_20240802_15_00_00/vexv5/libv5rt.a(v5_apiuser.c.obj)
                0x0000000003807d64                vexMotorEncoderUnitsSet
 .text.vexMotorBrakeModeSet
                0x0000000003807d84       0x20 /Users/vex/Library/Application Support/Code/User/globalStorage/vexrobotics.vexcode/sdk/cpp/V5/V5_20240802_15_00_00/vexv5/libv5rt.a(v5_apiuser.c.obj)
                0x0000000003807d84                vexMotorBrakeModeSet
 .text.vexMotorPositionSet
                0x0000000003807da4       0x28 /Users/vex/Library/Application Support/Code/User/globalStorage/vexrobotics.vexcode/sdk/cpp/V5/V5_20240802_15_00_00/vexv5/libv5rt.a(v5_apiuser.c.obj)
                0x0000000003807da4                vexMotorPositionSet
 .text.vexMotorPositionGet
                0x0000000003807dcc       0x24 /Users/vex/Library/Application Support/Code/User/globalStorage/vexrobotics.vexcode/sdk/cpp/V5/V5_20240802_15_00_00/vexv5/libv5rt.a(v5_apiuser.c.obj)
                0x0000000003807dcc                vexMotorPositionGet
 .text.vexMotorGearingSet
                0x0000000003807df0       0x20 /Users/vex/Library/Application Support/Code/User/globalStorage/vexrobotics.vexcode/sdk/cpp/V5/V5_20240802_15_00_00/vexv5/libv5rt.a(v5_apiuser.c.obj)
                0x0000000003807df0                vexMotorGearingSet
 .text.vexMotorGearingGet
                0x0000000003807e10       0x18 /Users/vex/Library/Application Support/Code/User/globalStorage/vexrobotics.vexcode/sdk/cpp/V5/V5_20240802_15_00_00/vexv5/libv5rt.a(v5_apiuser.c.obj)
                0x0000000003807e10                vexMotorGearingGet
 .text.vexImuReset
                0x0000000003807e28       0x10 /Users/vex/Library/Application Support/Code/User/globalStorage/vexrobotics.vexcode/sdk/cpp/V5/V5_20240802_15_00_00/vexv5/libv5rt.a(v5_apiuser.c.obj)
                0x0000000003807e28                vexImuReset
 .text.vexImuHeadingGet
                0x0000000003807e38       0x10 /Users/vex/Library/Application Support/Code/User/globalStorage/vexrobotics.vexcode/sdk/cpp/V5/V5_20240802_15_00_00/vexv5/libv5rt.a(v5_apiuser.c.obj)
                0x0000000003807e38                vexImuHeadingGet
 .text.vexImuDegreesGet
                0x0000000003807e48       0x10 /Users/vex/Library/Application Support/Code/User/globalStorage/vexrobotics.vexcode/sdk/cpp/V5/V5_20240802_15_00_00/vexv5/libv5rt.a(v5_apiuser.c.obj)
                0x0000000003807e48                vexImuDegreesGet
 .text.vexImuStatusGet
                0x0000000003807e58       0x10 /Users/vex/Library/Application Support/Code/User/globalStorage/vexrobotics.vexcode/sdk/cpp/V5/V5_20240802_15_00_00/vexv5/libv5rt.a(v5_apiuser.c.obj)
                0x0000000003807e58                vexImuStatusGet
 .text.vexAbsEncPositionSet
                0x0000000003807e68       0x18 /Users/vex/Library/Application Support/Code/User/globalStorage/vexrobotics.vexcode/sdk/cpp/V5/V5_20240802_15_00_00/vexv5/libv5rt.a(v5_apiuser.c.obj)
                0x0000000003807e68                vexAbsEncPositionSet
 .text.vexAbsEncPositionGet
                0x0000000003807e80       0x10 /Users/vex/Library/Application Support/Code/User/globalStorage/vexrobotics.vexcode/sdk/cpp/V5/V5_20240802_15_00_00/vexv5/libv5rt.a(v5_apiuser.c.obj)
                0x0000000003807e80                vexAbsEncPositionGet
 .text.vexAbsEncAngleGet
                0x0000000003807e90       0x10 /Users/vex/Library/Application Support/Code/User/globalStorage/vexrobotics.vexcode/sdk/cpp/V5/V5_20240802_15_00_00/vexv5/libv5rt.a(v5_apiuser.c.obj)
                0x0000000003807e90                vexAbsEncAngleGet
 .text.vexAbsEncReverseFlagSet
                0x0000000003807ea0       0x18 /Users/vex/Library/Application Support/Code/User/globalStorage/vexrobotics.vexcode/sdk/cpp/V5/V5_20240802_15_00_00/vexv5/libv5rt.a(v5_apiuser.c.obj)
                0x0000000003807ea0                vexAbsEncReverseFlagSet
 .text.vexEventMaskSet
                0x0000000003807eb8       0x28 /Users/vex/Library/Application Support/Code/User/globalStorage/vexrobotics.vexcode/sdk/cpp/V5/V5_20240802_15_00_00/vexv5/libv5rt.a(v5_apiuser.c.obj)
                0x0000000003807eb8                vexEventMaskSet
 .text.vexEventMaskGet
                0x0000000003807ee0       0x18 /Users/vex/Library/Application Support/Code/User/globalStorage/vexrobotics.vexcode/sdk/cpp/V5/V5_20240802_15_00_00/vexv5/libv5rt.a(v5_apiuser.c.obj)
                0x0000000003807ee0                vexEventMaskGet
 .text._ZN3vex6deviceD2Ev
                0x0000000003807ef8        0x4 /Users/vex/Library/Application Support/Code/User/globalStorage/vexrobotics.vexcode/sdk/cpp/V5/V5_20240802_15_00_00/vexv5/libv5rt.a(vex_device.cpp.obj)
                0x0000000003807ef8                vex::device::~device()
                0x0000000003807ef8                vex::device::~device()
 .text._ZN3vex6device5valueEv
                0x0000000003807efc        0x8 /Users/vex/Library/Application Support/Code/User/globalStorage/vexrobotics.vexcode/sdk/cpp/V5/V5_20240802_15_00_00/vexv5/libv5rt.a(vex_device.cpp.obj)
                0x0000000003807efc                vex::device::value()
 .text._ZN3vex6deviceD0Ev
                0x0000000003807f04       0x14 /Users/vex/Library/Application Support/Code/User/globalStorage/vexrobotics.vexcode/sdk/cpp/V5/V5_20240802_15_00_00/vexv5/libv5rt.a(vex_device.cpp.obj)
                0x0000000003807f04                vex::device::~device()
 .text._ZN3vex6device4initEl
                0x0000000003807f18       0x30 /Users/vex/Library/Application Support/Code/User/globalStorage/vexrobotics.vexcode/sdk/cpp/V5/V5_20240802_15_00_00/vexv5/libv5rt.a(vex_device.cpp.obj)
                0x0000000003807f18                vex::device::init(long)
 .text._ZN3vex6deviceC2El
                0x0000000003807f48       0x20 /Users/vex/Library/Application Support/Code/User/globalStorage/vexrobotics.vexcode/sdk/cpp/V5/V5_20240802_15_00_00/vexv5/libv5rt.a(vex_device.cpp.obj)
                0x0000000003807f48                vex::device::device(long)
                0x0000000003807f48                vex::device::device(long)
 .text._ZN3vex6device4typeEv
                0x0000000003807f68       0x10 /Users/vex/Library/Application Support/Code/User/globalStorage/vexrobotics.vexcode/sdk/cpp/V5/V5_20240802_15_00_00/vexv5/libv5rt.a(vex_device.cpp.obj)
                0x0000000003807f68                vex::device::type()
 .text._ZN3vex6device9installedEv
                0x0000000003807f78       0x14 /Users/vex/Library/Application Support/Code/User/globalStorage/vexrobotics.vexcode/sdk/cpp/V5/V5_20240802_15_00_00/vexv5/libv5rt.a(vex_device.cpp.obj)
                0x0000000003807f78                vex::device::installed()
 .text.__libc_fini_array
                0x0000000003807f8c       0x30 /Users/vex/Library/Application Support/Code/User/globalStorage/vexrobotics.vexcode/sdk/cpp/V5/V5_20240802_15_00_00/vexv5/gcc/libs/libc.a(lib_a-fini.o)
                0x0000000003807f8c                __libc_fini_array
 .text.__libc_init_array
                0x0000000003807fbc       0x58 /Users/vex/Library/Application Support/Code/User/globalStorage/vexrobotics.vexcode/sdk/cpp/V5/V5_20240802_15_00_00/vexv5/gcc/libs/libc.a(lib_a-init.o)
                0x0000000003807fbc                __libc_init_array
 .text.hypot    0x0000000003808014       0xb4 /Users/vex/Library/Application Support/Code/User/globalStorage/vexrobotics.vexcode/sdk/cpp/V5/V5_20240802_15_00_00/vexv5/gcc/libs/libm.a(lib_a-w_hypot.o)
                0x0000000003808014                hypot
 .text.__ieee754_hypot
                0x00000000038080c8      0x198 /Users/vex/Library/Application Support/Code/User/globalStorage/vexrobotics.vexcode/sdk/cpp/V5/V5_20240802_15_00_00/vexv5/gcc/libs/libm.a(lib_a-e_hypot.o)
                0x00000000038080c8                __ieee754_hypot
 .text.__ieee754_hypot.__stub
                0x0000000003808260       0x18 linker stubs
 *(.gnu.linkonce.t.*)
 *(.plt)
 *(.gnu_warning)
 *(.gcc_except_table)
 *(.glue_7)
 .glue_7        0x0000000003808278        0x0 linker stubs
 *(.glue_7t)
 .glue_7t       0x0000000003808278        0x0 linker stubs
 *(.vfp11_veneer)
 .vfp11_veneer  0x0000000003808278        0x0 linker stubs
 *(.ARM.extab)
 *(.gnu.linkonce.armextab.*)

.v4_bx          0x0000000003808278        0x0
 .v4_bx         0x0000000003808278        0x0 linker stubs

.iplt           0x0000000003808278        0x0
 .iplt          0x0000000003808278        0x0 build/src/PID.o

.init
 *(.init)

.fini
 *(.fini)

.rodata         0x0000000003808278      0x2ec
                0x0000000003808278                __rodata_start = .
 *(.rodata)
 *(.rodata.*)
 .rodata.str1.1
                0x0000000003808278       0x2b build/src/autons.o
                                         0x2d (size before relaxing)
 *fill*         0x00000000038082a3        0x5 
 .rodata.cst16  0x00000000038082a8       0x10 build/src/controls.o
 .rodata.str1.1
                0x00000000038082b8       0x97 build/src/main.o
                                         0x9c (size before relaxing)
 *fill*         0x000000000380834f        0x1 
 .rodata.cst16  0x0000000003808350       0x10 build/src/main.o
 .rodata.str1.1
                0x0000000003808360       0x2e /Users/vex/Library/Application Support/Code/User/globalStorage/vexrobotics.vexcode/sdk/cpp/V5/V5_20240802_15_00_00/vexv5/libv5rt.a(v5_startup.c.obj)
 *fill*         0x000000000380838e        0x2 
 .rodata._ZN3vex5PORT3E
                0x0000000003808390        0x4 /Users/vex/Library/Application Support/Code/User/globalStorage/vexrobotics.vexcode/sdk/cpp/V5/V5_20240802_15_00_00/vexv5/libv5rt.a(vex_global.cpp.obj)
                0x0000000003808390                vex::PORT3
 .rodata._ZN3vex5PORT1E
                0x0000000003808394        0x4 /Users/vex/Library/Application Support/Code/User/globalStorage/vexrobotics.vexcode/sdk/cpp/V5/V5_20240802_15_00_00/vexv5/libv5rt.a(vex_global.cpp.obj)
                0x0000000003808394                vex::PORT1
 .rodata._ZN3vex7reverseE
                0x0000000003808398        0x4 /Users/vex/Library/Application Support/Code/User/globalStorage/vexrobotics.vexcode/sdk/cpp/V5/V5_20240802_15_00_00/vexv5/libv5rt.a(vex_global.cpp.obj)
                0x0000000003808398                vex::reverse
 .rodata._ZN3vex4voltE
                0x000000000380839c        0x4 /Users/vex/Library/Application Support/Code/User/globalStorage/vexrobotics.vexcode/sdk/cpp/V5/V5_20240802_15_00_00/vexv5/libv5rt.a(vex_global.cpp.obj)
                0x000000000380839c                vex::volt
 .rodata._ZN3vex6PORT10E
                0x00000000038083a0        0x4 /Users/vex/Library/Application Support/Code/User/globalStorage/vexrobotics.vexcode/sdk/cpp/V5/V5_20240802_15_00_00/vexv5/libv5rt.a(vex_global.cpp.obj)
                0x00000000038083a0                vex::PORT10
 .rodata._ZN3vex5PORT5E
                0x00000000038083a4        0x4 /Users/vex/Library/Application Support/Code/User/globalStorage/vexrobotics.vexcode/sdk/cpp/V5/V5_20240802_15_00_00/vexv5/libv5rt.a(vex_global.cpp.obj)
                0x00000000038083a4                vex::PORT5
 .rodata._ZN3vex7forwardE
                0x00000000038083a8        0x4 /Users/vex/Library/Application Support/Code/User/globalStorage/vexrobotics.vexcode/sdk/cpp/V5/V5_20240802_15_00_00/vexv5/libv5rt.a(vex_global.cpp.obj)
                0x00000000038083a8                vex::forward
 .rodata._ZN3vex3secE
                0x00000000038083ac        0x4 /Users/vex/Library/Application Support/Code/User/globalStorage/vexrobotics.vexcode/sdk/cpp/V5/V5_20240802_15_00_00/vexv5/libv5rt.a(vex_global.cpp.obj)
                0x00000000038083ac                vex::sec
 .rodata._ZN3vex4msecE
                0x00000000038083b0        0x4 /Users/vex/Library/Application Support/Code/User/globalStorage/vexrobotics.vexcode/sdk/cpp/V5/V5_20240802_15_00_00/vexv5/libv5rt.a(vex_global.cpp.obj)
                0x00000000038083b0                vex::msec
 .rodata._ZN3vex5PORT9E
                0x00000000038083b4        0x4 /Users/vex/Library/Application Support/Code/User/globalStorage/vexrobotics.vexcode/sdk/cpp/V5/V5_20240802_15_00_00/vexv5/libv5rt.a(vex_global.cpp.obj)
                0x00000000038083b4                vex::PORT9
 .rodata._ZN3vex6PORT21E
                0x00000000038083b8        0x4 /Users/vex/Library/Application Support/Code/User/globalStorage/vexrobotics.vexcode/sdk/cpp/V5/V5_20240802_15_00_00/vexv5/libv5rt.a(vex_global.cpp.obj)
                0x00000000038083b8                vex::PORT21
 .rodata._ZN3vex5PORT2E
                0x00000000038083bc        0x4 /Users/vex/Library/Application Support/Code/User/globalStorage/vexrobotics.vexcode/sdk/cpp/V5/V5_20240802_15_00_00/vexv5/libv5rt.a(vex_global.cpp.obj)
                0x00000000038083bc                vex::PORT2
 .rodata._ZN3vex6PORT11E
                0x00000000038083c0        0x4 /Users/vex/Library/Application Support/Code/User/globalStorage/vexrobotics.vexcode/sdk/cpp/V5/V5_20240802_15_00_00/vexv5/libv5rt.a(vex_global.cpp.obj)
                0x00000000038083c0                vex::PORT11
 .rodata._ZN3vex5PORT6E
                0x00000000038083c4        0x4 /Users/vex/Library/Application Support/Code/User/globalStorage/vexrobotics.vexcode/sdk/cpp/V5/V5_20240802_15_00_00/vexv5/libv5rt.a(vex_global.cpp.obj)
                0x00000000038083c4                vex::PORT6
 .rodata._ZN3vex7primaryE
                0x00000000038083c8        0x4 /Users/vex/Library/Application Support/Code/User/globalStorage/vexrobotics.vexcode/sdk/cpp/V5/V5_20240802_15_00_00/vexv5/libv5rt.a(vex_global.cpp.obj)
                0x00000000038083c8                vex::primary
 .rodata._ZN3vex7percentE
                0x00000000038083cc        0x4 /Users/vex/Library/Application Support/Code/User/globalStorage/vexrobotics.vexcode/sdk/cpp/V5/V5_20240802_15_00_00/vexv5/libv5rt.a(vex_global.cpp.obj)
                0x00000000038083cc                vex::percent
 .rodata._ZN3vex7degreesE
                0x00000000038083d0        0x4 /Users/vex/Library/Application Support/Code/User/globalStorage/vexrobotics.vexcode/sdk/cpp/V5/V5_20240802_15_00_00/vexv5/libv5rt.a(vex_global.cpp.obj)
                0x00000000038083d0                vex::degrees
 .rodata._ZN3vex6PORT22E
                0x00000000038083d4        0x4 /Users/vex/Library/Application Support/Code/User/globalStorage/vexrobotics.vexcode/sdk/cpp/V5/V5_20240802_15_00_00/vexv5/libv5rt.a(vex_global.cpp.obj)
                0x00000000038083d4                vex::PORT22
 .rodata._ZN3vex6PORT12E