Archive member included to satisfy reference by file (symbol)

/Users/vex/Library/Application Support/Code/User/globalStorage/vexrobotics.vexcode/sdk/cpp/V5/V5_20240802_15_00_00/vexv5/libv5rt.a(v5_startup.c.obj)
                              (vexStartup)
/Users/vex/Library/Application Support/Code/User/globalStorage/vexrobotics.vexcode/sdk/cpp/V5/V5_20240802_15_00_00/vexv5/libv5rt.a(v5_util.c.obj)
                              /Users/vex/Library/Application Support/Code/User/globalStorage/vexrobotics.vexcode/sdk/cpp/V5/V5_20240802_15_00_00/vexv5/libv5rt.a(v5_startup.c.obj) (vexStdlibVersionLinked)
/Users/vex/Library/Application Support/Code/User/globalStorage/vexrobotics.vexcode/sdk/cpp/V5/V5_20240802_15_00_00/vexv5/libv5rt.a(v5_apijump.c.obj)
                              /Users/vex/Library/Application Support/Code/User/globalStorage/vexrobotics.vexcode/sdk/cpp/V5/V5_20240802_15_00_00/vexv5/libv5rt.a(v5_startup.c.obj) (vexPrivateApiEnable)
/Users/vex/Library/Application Support/Code/User/globalStorage/vexrobotics.vexcode/sdk/cpp/V5/V5_20240802_15_00_00/vexv5/libv5rt.a(v5_apiversions.c.obj)
                              /Users/vex/Library/Application Support/Code/User/globalStorage/vexrobotics.vexcode/sdk/cpp/V5/V5_20240802_15_00_00/vexv5/libv5rt.a(v5_apijump.c.obj) (vexSystemVersion)
/Users/vex/Library/Application Support/Code/User/globalStorage/vexrobotics.vexcode/sdk/cpp/V5/V5_20240802_15_00_00/vexv5/libv5rt.a(vex_global.cpp.obj)
                              build/src/autons.o (vex::wait(double, vex::timeUnits))
/Users/vex/Library/Application Support/Code/User/globalStorage/vexrobotics.vexcode/sdk/cpp/V5/V5_20240802_15_00_00/vexv5/libv5rt.a(vex_motor.cpp.obj)
                              build/src/robot-config.o (vex::motor::~motor())
/Users/vex/Library/Application Support/Code/User/globalStorage/vexrobotics.vexcode/sdk/cpp/V5/V5_20240802_15_00_00/vexv5/libv5rt.a(vex_imu.cpp.obj)
                              build/src/robot-config.o (vex::inertial::~inertial())
/Users/vex/Library/Application Support/Code/User/globalStorage/vexrobotics.vexcode/sdk/cpp/V5/V5_20240802_15_00_00/vexv5/libv5rt.a(vex_rotation.cpp.obj)
                              build/src/drivetrain.o (vex::rotation::~rotation())
/Users/vex/Library/Application Support/Code/User/globalStorage/vexrobotics.vexcode/sdk/cpp/V5/V5_20240802_15_00_00/vexv5/libv5rt.a(vex_optical.cpp.obj)
                              build/src/robot-config.o (vex::optical::~optical())
/Users/vex/Library/Application Support/Code/User/globalStorage/vexrobotics.vexcode/sdk/cpp/V5/V5_20240802_15_00_00/vexv5/libv5rt.a(vex_distance.cpp.obj)
                              build/src/robot-config.o (vex::distance::~distance())
/Users/vex/Library/Application Support/Code/User/globalStorage/vexrobotics.vexcode/sdk/cpp/V5/V5_20240802_15_00_00/vexv5/libv5rt.a(vex_controller.cpp.obj)
                              build/src/controls.o (vex::controller::~controller())
/Users/vex/Library/Application Support/Code/User/globalStorage/vexrobotics.vexcode/sdk/cpp/V5/V5_20240802_15_00_00/vexv5/libv5rt.a(vex_task.cpp.obj)
                              build/src/drivetrain.o (vex::task::task())
/Users/vex/Library/Application Support/Code/User/globalStorage/vexrobotics.vexcode/sdk/cpp/V5/V5_20240802_15_00_00/vexv5/libv5rt.a(vex_thread.cpp.obj)
                              /Users/vex/Library/Application Support/Code/User/globalStorage/vexrobotics.vexcode/sdk/cpp/V5/V5_20240802_15_00_00/vexv5/libv5rt.a(vex_global.cpp.obj) (vex::this_thread::sleep_for(unsigned long))
/Users/vex/Library/Application Support/Code/User/globalStorage/vexrobotics.vexcode/sdk/cpp/V5/V5_20240802_15_00_00/vexv5/libv5rt.a(vex_event.cpp.obj)
                              /Users/vex/Library/Application Support/Code/User/globalStorage/vexrobotics.vexcode/sdk/cpp/V5/V5_20240802_15_00_00/vexv5/libv5rt.a(vex_imu.cpp.obj) (vex::event::init(unsigned long, unsigned long, void (*)()))
/Users/vex/Library/Application Support/Code/User/globalStorage/vexrobotics.vexcode/sdk/cpp/V5/V5_20240802_15_00_00/vexv5/libv5rt.a(vex_mevent.cpp.obj)
                              /Users/vex/Library/Application Support/Code/User/globalStorage/vexrobotics.vexcode/sdk/cpp/V5/V5_20240802_15_00_00/vexv5/libv5rt.a(vex_controller.cpp.obj) (vex::mevent::mevent(unsigned long, unsigned long))
/Users/vex/Library/Application Support/Code/User/globalStorage/vexrobotics.vexcode/sdk/cpp/V5/V5_20240802_15_00_00/vexv5/libv5rt.a(vex_brain.cpp.obj)
                              build/src/robot-config.o (vex::brain::brain())
/Users/vex/Library/Application Support/Code/User/globalStorage/vexrobotics.vexcode/sdk/cpp/V5/V5_20240802_15_00_00/vexv5/libv5rt.a(vex_competition.cpp.obj)
                              build/src/main.o (vex::competition::competition())
/Users/vex/Library/Application Support/Code/User/globalStorage/vexrobotics.vexcode/sdk/cpp/V5/V5_20240802_15_00_00/vexv5/libv5rt.a(vex_triport.cpp.obj)
[...]
Memory Configuration

Name             Origin             Length             Attributes
ps7_ddr_0_S_AXI_BASEADDR 0x0000000003800000 0x0000000004800000
*default*        0x0000000000000000 0xffffffffffffffff

Linker script and memory map

                0x0000000000002000                _STACK_SIZE = DEFINED (_STACK_SIZE)?_STACK_SIZE:0x2000
                0x0000000000100000                _HEAP_SIZE = DEFINED (_HEAP_SIZE)?_HEAP_SIZE:0x100000
                0x0000000000000400                _ABORT_STACK_SIZE = DEFINED (_ABORT_STACK_SIZE)?_ABORT_STACK_SIZE:0x400
                0x0000000000000800                _SUPERVISOR_STACK_SIZE = DEFINED (_SUPERVISOR_STACK_SIZE)?_SUPERVISOR_STACK_SIZE:0x800
                0x0000000000000400                _IRQ_STACK_SIZE = DEFINED (_IRQ_STACK_SIZE)?_IRQ_STACK_SIZE:0x400
                0x0000000000000400                _FIQ_STACK_SIZE = DEFINED (_FIQ_STACK_SIZE)?_FIQ_STACK_SIZE:0x400
                0x0000000000000400                _UNDEF_STACK_SIZE = DEFINED (_UNDEF_STACK_SIZE)?_UNDEF_STACK_SIZE:0x400

.text           0x0000000003800000     0xa5e0
 *(.vectors)
 *(.boot_data)
 .boot_data     0x0000000003800000       0x20 /Users/vex/Library/Application Support/Code/User/globalStorage/vexrobotics.vexcode/sdk/cpp/V5/V5_20240802_15_00_00/vexv5/libv5rt.a(v5_startup.c.obj)
                0x0000000003800000                vexCodeSig
                0x0000000000000020                . = 0x20
 *(.boot)
 .boot          0x0000000003800020       0xbc /Users/vex/Library/Application Support/Code/User/globalStorage/vexrobotics.vexcode/sdk/cpp/V5/V5_20240802_15_00_00/vexv5/libv5rt.a(v5_startup.c.obj)
                0x0000000003800020                vexStartup
                0x0000000003800100                . = ALIGN (0x40)
 *fill*         0x00000000038000dc       0x24 
 *(.freertos_vectors)
 *(.text)
 *(.text.*)
 .text._ZN3PIDC2Eddddddddd
                0x0000000003800100       0x64 build/src/PID.o
                0x0000000003800100                PID::PID(double, double, double, double, double, double, double, double, double)
                0x0000000003800100                PID::PID(double, double, double, double, double, double, double, double, double)
 *fill*         0x0000000003800164        0x4 
 .text._ZN3PID6outputEd
                0x0000000003800168       0xd8 build/src/PID.o
                0x0000000003800168                PID::output(double)
 .text._ZN3PID9isSettledEd
                0x0000000003800240       0x68 build/src/PID.o
                0x0000000003800240                PID::isSettled(double)
 .text._GLOBAL__sub_I_PID.cpp
                0x00000000038002a8       0x34 build/src/PID.o
 .text._Z22setDefaultPIDConstantsv
                0x00000000038002dc      0x1ec build/src/autons.o
                0x00000000038002dc                setDefaultPIDConstants()
 .text._Z13controlIntakev
                0x00000000038004c8      0x580 build/src/autons.o
                0x00000000038004c8                controlIntake()
 .text._Z10controlArmv
                0x0000000003800a48      0x1f4 build/src/autons.o
                0x0000000003800a48                controlArm()
 *fill*         0x0000000003800c3c        0x4 
 .text._Z18runAutonRedSoloAWPv
                0x0000000003800c40      0x7e8 build/src/autons.o
                0x0000000003800c40                runAutonRedSoloAWP()
 .text._Z18runAutonRedRushAWPv
                0x0000000003801428       0x20 build/src/autons.o
                0x0000000003801428                runAutonRedRushAWP()
 .text._Z19runAutonRedStackAWPv
                0x0000000003801448      0x848 build/src/autons.o
                0x0000000003801448                runAutonRedStackAWP()
 .text._Z19runAutonRedGoalRushv
                0x0000000003801c90      0x738 build/src/autons.o
                0x0000000003801c90                runAutonRedGoalRush()
 .text._Z19runAutonBlueSoloAWPv
                0x00000000038023c8      0x7e8 build/src/autons.o
                0x00000000038023c8                runAutonBlueSoloAWP()
 .text._Z19runAutonBlueRushAWPv
                0x0000000003802bb0       0x18 build/src/autons.o
                0x0000000003802bb0                runAutonBlueRushAWP()
 .text._Z20runAutonBlueStackAWPv
                0x0000000003802bc8      0x848 build/src/autons.o
                0x0000000003802bc8                runAutonBlueStackAWP()
 .text._Z20runAutonBlueGoalRushv
                0x0000000003803410      0x738 build/src/autons.o
                0x0000000003803410                runAutonBlueGoalRush()
 .text._Z13runProgSkillsv
                0x0000000003803b48        0x4 build/src/autons.o
                0x0000000003803b48                runProgSkills()
 .text._GLOBAL__sub_I_autons.cpp
                0x0000000003803b4c       0x34 build/src/autons.o
 .text._Z10IDToButton8ButtonID
                0x0000000003803b80       0x24 build/src/controls.o
                0x0000000003803b80                IDToButton(ButtonID)
 .text._Z7pressed8ButtonID
                0x0000000003803ba4       0x90 build/src/controls.o
                0x0000000003803ba4                pressed(ButtonID)
 .text._Z8released8ButtonID
                0x0000000003803c34       0x90 build/src/controls.o
                0x0000000003803c34                released(ButtonID)
 .text._Z19motorSeperateButtondRN3vex11motor_groupE8ButtonIDS2_S2_
                0x0000000003803cc4       0xdc build/src/controls.o
                0x0000000003803cc4                motorSeperateButton(double, vex::motor_group&, ButtonID, ButtonID, ButtonID)
 .text._Z9motorHolddRN3vex11motor_groupE8ButtonIDS2_
                0x0000000003803da0       0xec build/src/controls.o
                0x0000000003803da0                motorHold(double, vex::motor_group&, ButtonID, ButtonID)
 .text._Z12pistonToggleRN3vex11digital_outE8ButtonID
                0x0000000003803e8c       0x44 build/src/controls.o
                0x0000000003803e8c                pistonToggle(vex::digital_out&, ButtonID)
 .text._Z14runArcadeDriveddb8ButtonIDd
                0x0000000003803ed0      0x178 build/src/controls.o
                0x0000000003803ed0                runArcadeDrive(double, double, bool, ButtonID, double)
 .text._Z9runIntakev
                0x0000000003804048       0x58 build/src/controls.o
                0x0000000003804048                runIntake()
 .text._Z6runArmv
                0x00000000038040a0      0x2b0 build/src/controls.o
                0x00000000038040a0                runArm()
 .text._Z7runMogov
                0x0000000003804350       0x10 build/src/controls.o
                0x0000000003804350                runMogo()
 .text._Z10runDoinkerv
                0x0000000003804360       0x10 build/src/controls.o
                0x0000000003804360                runDoinker()
 .text._GLOBAL__sub_I_controls.cpp
                0x0000000003804370       0x78 build/src/controls.o
 .text._ZN10DrivetrainC2ERN3vex11motor_groupES2_ddRNS0_8rotationEddRNS0_8inertialEd
                0x00000000038043e8       0x84 build/src/drivetrain.o
                0x00000000038043e8                Drivetrain::Drivetrain(vex::motor_group&, vex::motor_group&, double, double, vex::rotation&, double, double, vex::inertial&, double)
                0x00000000038043e8                Drivetrain::Drivetrain(vex::motor_group&, vex::motor_group&, double, double, vex::rotation&, double, double, vex::inertial&, double)
 *fill*         0x000000000380446c        0x4 
 .text._ZN10Drivetrain28getHorizontalTrackerPositionEv
                0x0000000003804470       0x60 build/src/drivetrain.o
                0x0000000003804470                Drivetrain::getHorizontalTrackerPosition()
 .text._ZN10Drivetrain26getVerticalTrackerPositionEv
                0x00000000038044d0       0xa8 build/src/drivetrain.o
                0x00000000038044d0                Drivetrain::getVerticalTrackerPosition()
 .text._ZN10Drivetrain18getAbsoluteHeadingEv
                0x0000000003804578       0x80 build/src/drivetrain.o
                0x0000000003804578                Drivetrain::getAbsoluteHeading()
 .text._ZN10Drivetrain28resetVerticalTrackerPositionEv
                0x00000000038045f8       0x3c build/src/drivetrain.o
                0x00000000038045f8                Drivetrain::resetVerticalTrackerPosition()
 .text._ZN10Drivetrain13trackPositionEv
                0x0000000003804634       0x84 build/src/drivetrain.o
                0x0000000003804634                Drivetrain::trackPosition()
 .text._ZN10Drivetrain14setCoordinatesEddd
                0x00000000038046b8       0xc0 build/src/drivetrain.o
                0x00000000038046b8                Drivetrain::setCoordinates(double, double, double)
 .text._ZN10Drivetrain12driveToPointEdd
                0x0000000003804778      0x22c build/src/drivetrain.o
                0x0000000003804778                Drivetrain::driveToPoint(double, double)
 *fill*         0x00000000038049a4        0x4 
 .text._ZN10Drivetrain12driveToPointEddNS_14clampConstantsENS_15settleConstantsENS_15outputConstantsES0_S1_S2_
                0x00000000038049a8      0x508 build/src/drivetrain.o
                0x00000000038049a8                Drivetrain::driveToPoint(double, double, Drivetrain::clampConstants, Drivetrain::settleConstants, Drivetrain::outputConstants, Drivetrain::clampConstants, Drivetrain::settleConstants, Drivetrain::outputConstants)
 .text._ZN10Drivetrain12driveToPointEddNS_14clampConstantsE
                0x0000000003804eb0      0x20c build/src/drivetrain.o
                0x0000000003804eb0                Drivetrain::driveToPoint(double, double, Drivetrain::clampConstants)
 .text._ZN10Drivetrain12driveToPointEddNS_14clampConstantsENS_15settleConstantsE
                0x00000000038050bc      0x1c8 build/src/drivetrain.o
                0x00000000038050bc                Drivetrain::driveToPoint(double, double, Drivetrain::clampConstants, Drivetrain::settleConstants)
 .text._ZN10Drivetrain12driveToPointEddNS_14clampConstantsENS_15settleConstantsENS_15outputConstantsE
                0x0000000003805284      0x1a4 build/src/drivetrain.o
                0x0000000003805284                Drivetrain::driveToPoint(double, double, Drivetrain::clampConstants, Drivetrain::settleConstants, Drivetrain::outputConstants)
 .text._ZN10Drivetrain13driveDistanceEd
                0x0000000003805428       0xf8 build/src/drivetrain.o
                0x0000000003805428                Drivetrain::driveDistance(double)
 .text._ZN10Drivetrain13driveDistanceEddNS_14clampConstantsENS_15settleConstantsENS_15outputConstantsE
                0x0000000003805520      0x2c0 build/src/drivetrain.o
                0x0000000003805520                Drivetrain::driveDistance(double, double, Drivetrain::clampConstants, Drivetrain::settleConstants, Drivetrain::outputConstants)
 .text._ZN10Drivetrain13driveDistanceEddNS_14clampConstantsE
                0x00000000038057e0       0xe0 build/src/drivetrain.o
                0x00000000038057e0                Drivetrain::driveDistance(double, double, Drivetrain::clampConstants)
 .text._ZN10Drivetrain13driveDistanceEddNS_14clampConstantsENS_15settleConstantsE
                0x00000000038058c0       0xb4 build/src/drivetrain.o
                0x00000000038058c0                Drivetrain::driveDistance(double, double, Drivetrain::clampConstants, Drivetrain::settleConstants)
 .text._ZN10Drivetrain11turnToPointEbdd
                0x0000000003805974       0xf8 build/src/drivetrain.o
                0x0000000003805974                Drivetrain::turnToPoint(bool, double, double)
 *fill*         0x0000000003805a6c        0x4 
 .text._ZN10Drivetrain11turnToPointEbddNS_14clampConstantsENS_15settleConstantsENS_15outputConstantsE
                0x0000000003805a70      0x2b8 build/src/drivetrain.o
                0x0000000003805a70                Drivetrain::turnToPoint(bool, double, double, Drivetrain::clampConstants, Drivetrain::settleConstants, Drivetrain::outputConstants)
 .text._ZN10Drivetrain11turnToPointEbddNS_14clampConstantsENS_15settleConstantsE
                0x0000000003805d28       0xc0 build/src/drivetrain.o
                0x0000000003805d28                Drivetrain::turnToPoint(bool, double, double, Drivetrain::clampConstants, Drivetrain::settleConstants)
 .text._ZN10Drivetrain14swingToHeadingESsdNS_14clampConstantsENS_15settleConstantsENS_15outputConstantsE
                0x0000000003805de8      0x238 build/src/drivetrain.o
                0x0000000003805de8                Drivetrain::swingToHeading(std::string, double, Drivetrain::clampConstants, Drivetrain::settleConstants, Drivetrain::outputConstants)
 .text._ZN10Drivetrain14swingToHeadingESsdNS_14clampConstantsENS_15settleConstantsE
                0x0000000003806020      0x10c build/src/drivetrain.o
                0x0000000003806020                Drivetrain::swingToHeading(std::string, double, Drivetrain::clampConstants, Drivetrain::settleConstants)
 .text._ZN10Drivetrain9stopDriveEN3vex9brakeTypeE
                0x000000000380612c       0x28 build/src/drivetrain.o
                0x000000000380612c                Drivetrain::stopDrive(vex::brakeType)
 .text._GLOBAL__sub_I_drivetrain.cpp
                0x0000000003806154       0x6c build/src/drivetrain.o
 .text._ZN10DrivetrainD2Ev
                0x00000000038061c0       0x1c build/src/main.o
                0x00000000038061c0                Drivetrain::~Drivetrain()
 *fill*         0x00000000038061dc        0x4 
 .text._Z8preAutonv
                0x00000000038061e0      0x478 build/src/main.o
                0x00000000038061e0                preAuton()
 .text._Z10autonomousv
                0x0000000003806658      0x170 build/src/main.o
                0x0000000003806658                autonomous()
 .text._Z11usercontrolv
                0x00000000038067c8       0xa8 build/src/main.o
                0x00000000038067c8                usercontrol()
 .text.main     0x0000000003806870       0x5c build/src/main.o
                0x0000000003806870                main
 .text._GLOBAL__sub_I_main.cpp
                0x00000000038068cc      0x154 build/src/main.o
 .text._ZN8OdometryC2Edd
                0x0000000003806a20       0x18 build/src/odometry.o
                0x0000000003806a20                Odometry::Odometry(double, double)
                0x0000000003806a20                Odometry::Odometry(double, double)
 .text._ZN8Odometry11setPositionEddd
                0x0000000003806a38       0x44 build/src/odometry.o
                0x0000000003806a38                Odometry::setPosition(double, double, double)
 .text._ZN8Odometry14updatePositionEddd
                0x0000000003806a7c      0x138 build/src/odometry.o
                0x0000000003806a7c                Odometry::updatePosition(double, double, double)
 .text._GLOBAL__sub_I_odometry.cpp
                0x0000000003806bb4       0x34 build/src/odometry.o
 .text._ZN3vex11motor_groupC2IJNS_5motorES2_EEERS2_DpRT_
                0x0000000003806be8       0x44 build/src/robot-config.o
                0x0000000003806be8                vex::motor_group::motor_group<vex::motor, vex::motor>(vex::motor&, vex::motor&, vex::motor&)
 .text._GLOBAL__sub_I_robot_config.cpp
                0x0000000003806c2c      0x4d4 build/src/robot-config.o
 .text._Z7getSignd
                0x0000000003807100       0x28 build/src/util.o
                0x0000000003807100                getSign(double)
 .text._Z8degToRadd
                0x0000000003807128       0x20 build/src/util.o
                0x0000000003807128                degToRad(double)
 .text._Z8radToDegd
                0x0000000003807148       0x20 build/src/util.o
                0x0000000003807148                radToDeg(double)
 .text._Z12headingErrordd
                0x0000000003807168       0x50 build/src/util.o
                0x0000000003807168                headingError(double, double)
 .text._Z16driveOutputScaledddd
                0x00000000038071b8       0x74 build/src/util.o
                0x00000000038071b8                driveOutputScale(double, double, double, double)
 *fill*         0x000000000380722c        0x4 
 .text._Z14percentToVoltsd
                0x0000000003807230       0x28 build/src/util.o
                0x0000000003807230                percentToVolts(double)
 .text._GLOBAL__sub_I_util.cpp
                0x0000000003807258       0x34 build/src/util.o
 .text.vexMain  0x000000000380728c       0xb0 /Users/vex/Library/Application Support/Code/User/globalStorage/vexrobotics.vexcode/sdk/cpp/V5/V5_20240802_15_00_00/vexv5/libv5rt.a(v5_startup.c.obj)
                0x000000000380728c                vexMain
 .text.__vex_function_prolog
                0x000000000380733c       0x18 /Users/vex/Library/Application Support/Code/User/globalStorage/vexrobotics.vexcode/sdk/cpp/V5/V5_20240802_15_00_00/vexv5/libv5rt.a(v5_startup.c.obj)
                0x000000000380733c                __vex_function_prolog
 .text._init    0x0000000003807354        0x4 /Users/vex/Library/Application Support/Code/User/globalStorage/vexrobotics.vexcode/sdk/cpp/V5/V5_20240802_15_00_00/vexv5/libv5rt.a(v5_startup.c.obj)
                0x0000000003807354                _init
 .text._fini    0x0000000003807358        0x4 /Users/vex/Library/Application Support/Code/User/globalStorage/vexrobotics.vexcode/sdk/cpp/V5/V5_20240802_15_00_00/vexv5/libv5rt.a(v5_startup.c.obj)
                0x0000000003807358                _fini
 .text.vexStdlibVersionLinked
                0x000000000380735c        0xc /Users/vex/Library/Application Support/Code/User/globalStorage/vexrobotics.vexcode/sdk/cpp/V5/V5_20240802_15_00_00/vexv5/libv5rt.a(v5_util.c.obj)
                0x000000000380735c                vexStdlibVersionLinked
 .text.vexStdlibVersionVerify
                0x0000000003807368       0x30 /Users/vex/Library/Application Support/Code/User/globalStorage/vexrobotics.vexcode/sdk/cpp/V5/V5_20240802_15_00_00/vexv5/libv5rt.a(v5_util.c.obj)
                0x0000000003807368                vexStdlibVersionVerify
 .text.vexPrivateApiEnable
                0x0000000003807398       0x10 /Users/vex/Library/Application Support/Code/User/globalStorage/vexrobotics.vexcode/sdk/cpp/V5/V5_20240802_15_00_00/vexv5/libv5rt.a(v5_apijump.c.obj)
                0x0000000003807398                vexPrivateApiEnable
 .text.vexStdlibMismatchError
                0x00000000038073a8       0x3c /Users/vex/Library/Application Support/Code/User/globalStorage/vexrobotics.vexcode/sdk/cpp/V5/V5_20240802_15_00_00/vexv5/libv5rt.a(v5_apijump.c.obj)
                0x00000000038073a8                vexStdlibMismatchError
 .text.vexTaskAdd
                0x00000000038073e4       0x10 /Users/vex/Library/Application Support/Code/User/globalStorage/vexrobotics.vexcode/sdk/cpp/V5/V5_20240802_15_00_00/vexv5/libv5rt.a(v5_apijump.c.obj)
                0x00000000038073e4                vexTaskAdd
 .text.vexTasksRun
                0x00000000038073f4       0x10 /Users/vex/Library/Application Support/Code/User/globalStorage/vexrobotics.vexcode/sdk/cpp/V5/V5_20240802_15_00_00/vexv5/libv5rt.a(v5_apijump.c.obj)
                0x00000000038073f4                vexTasksRun
 .text.vexTaskYield
                0x0000000003807404       0x10 /Users/vex/Library/Application Support/Code/User/globalStorage/vexrobotics.vexcode/sdk/cpp/V5/V5_20240802_15_00_00/vexv5/libv5rt.a(v5_apijump.c.obj)
                0x0000000003807404                vexTaskYield
 .text.vexTaskCheckTimeslice
                0x0000000003807414       0x10 /Users/vex/Library/Application Support/Code/User/globalStorage/vexrobotics.vexcode/sdk/cpp/V5/V5_20240802_15_00_00/vexv5/libv5rt.a(v5_apijump.c.obj)
                0x0000000003807414                vexTaskCheckTimeslice
 .text.vexTaskGetIndex
                0x0000000003807424       0x10 /Users/vex/Library/Application Support/Code/User/globalStorage/vexrobotics.vexcode/sdk/cpp/V5/V5_20240802_15_00_00/vexv5/libv5rt.a(v5_apijump.c.obj)
                0x0000000003807424                vexTaskGetIndex
 .text.vexTaskSleep
                0x0000000003807434       0x10 /Users/vex/Library/Application Support/Code/User/globalStorage/vexrobotics.vexcode/sdk/cpp/V5/V5_20240802_15_00_00/vexv5/libv5rt.a(v5_apijump.c.obj)
                0x0000000003807434                vexTaskSleep
 .text.vexTasksDump
                0x0000000003807444       0x1c /Users/vex/Library/Application Support/Code/User/globalStorage/vexrobotics.vexcode/sdk/cpp/V5/V5_20240802_15_00_00/vexv5/libv5rt.a(v5_apijump.c.obj)
                0x0000000003807444                vexTasksDump
 .text.vexTaskGetTaskIndex
                0x0000000003807460       0x10 /Users/vex/Library/Application Support/Code/User/globalStorage/vexrobotics.vexcode/sdk/cpp/V5/V5_20240802_15_00_00/vexv5/libv5rt.a(v5_apijump.c.obj)
                0x0000000003807460                vexTaskGetTaskIndex
 .text.vexTaskStopAll
                0x0000000003807470       0x10 /Users/vex/Library/Application Support/Code/User/globalStorage/vexrobotics.vexcode/sdk/cpp/V5/V5_20240802_15_00_00/vexv5/libv5rt.a(v5_apijump.c.obj)
                0x0000000003807470                vexTaskStopAll
 .text.vexTaskRemoveAllUser
                0x0000000003807480       0x34 /Users/vex/Library/Application Support/Code/User/globalStorage/vexrobotics.vexcode/sdk/cpp/V5/V5_20240802_15_00_00/vexv5/libv5rt.a(v5_apijump.c.obj)
                0x0000000003807480                vexTaskRemoveAllUser
 .text.vexTaskCompletionIdSet
                0x00000000038074b4       0x10 /Users/vex/Library/Application Support/Code/User/globalStorage/vexrobotics.vexcode/sdk/cpp/V5/V5_20240802_15_00_00/vexv5/libv5rt.a(v5_apijump.c.obj)
                0x00000000038074b4                vexTaskCompletionIdSet
 .text.vexTaskStopWithId
                0x00000000038074c4       0x10 /Users/vex/Library/Application Support/Code/User/globalStorage/vexrobotics.vexcode/sdk/cpp/V5/V5_20240802_15_00_00/vexv5/libv5rt.a(v5_apijump.c.obj)
                0x00000000038074c4                vexTaskStopWithId
 .text.vexTaskGetCallbackAndId
                0x00000000038074d4       0x54 /Users/vex/Library/Application Support/Code/User/globalStorage/vexrobotics.vexcode/sdk/cpp/V5/V5_20240802_15_00_00/vexv5/libv5rt.a(v5_apijump.c.obj)
                0x00000000038074d4                vexTaskGetCallbackAndId
 .text.vexCriticalSection
                0x0000000003807528       0x2c /Users/vex/Library/Application Support/Code/User/globalStorage/vexrobotics.vexcode/sdk/cpp/V5/V5_20240802_15_00_00/vexv5/libv5rt.a(v5_apijump.c.obj)
                0x0000000003807528                vexCriticalSection
 .text.vexEventAdd
                0x0000000003807554       0x34 /Users/vex/Library/Application Support/Code/User/globalStorage/vexrobotics.vexcode/sdk/cpp/V5/V5_20240802_15_00_00/vexv5/libv5rt.a(v5_apijump.c.obj)
                0x0000000003807554                vexEventAdd
 .text.vexEventUserIndexGet
                0x0000000003807588       0x1c /Users/vex/Library/Application Support/Code/User/globalStorage/vexrobotics.vexcode/sdk/cpp/V5/V5_20240802_15_00_00/vexv5/libv5rt.a(v5_apijump.c.obj)
                0x0000000003807588                vexEventUserIndexGet
 .text.vexEventAddWithArg
                0x00000000038075a4       0x3c /Users/vex/Library/Application Support/Code/User/globalStorage/vexrobotics.vexcode/sdk/cpp/V5/V5_20240802_15_00_00/vexv5/libv5rt.a(v5_apijump.c.obj)
                0x00000000038075a4                vexEventAddWithArg
 .text.vexEventsCleanup
                0x00000000038075e0       0x2c /Users/vex/Library/Application Support/Code/User/globalStorage/vexrobotics.vexcode/sdk/cpp/V5/V5_20240802_15_00_00/vexv5/libv5rt.a(v5_apijump.c.obj)
                0x00000000038075e0                vexEventsCleanup
 .text.vexDebug
                0x000000000380760c       0x38 /Users/vex/Library/Application Support/Code/User/globalStorage/vexrobotics.vexcode/sdk/cpp/V5/V5_20240802_15_00_00/vexv5/libv5rt.a(v5_apijump.c.obj)
                0x000000000380760c                vexDebug
 .text.vex_sprintf
                0x0000000003807644       0x40 /Users/vex/Library/Application Support/Code/User/globalStorage/vexrobotics.vexcode/sdk/cpp/V5/V5_20240802_15_00_00/vexv5/libv5rt.a(v5_apijump.c.obj)
                0x0000000003807644                vex_sprintf
 .text.vex_vsnprintf
                0x0000000003807684       0x3c /Users/vex/Library/Application Support/Code/User/globalStorage/vexrobotics.vexcode/sdk/cpp/V5/V5_20240802_15_00_00/vexv5/libv5rt.a(v5_apijump.c.obj)
                0x0000000003807684                vex_vsnprintf
 .text.vexSystemTimeGet
                0x00000000038076c0       0x1c /Users/vex/Library/Application Support/Code/User/globalStorage/vexrobotics.vexcode/sdk/cpp/V5/V5_20240802_15_00_00/vexv5/libv5rt.a(v5_apijump.c.obj)
                0x00000000038076c0                vexSystemTimeGet
 .text.vexSystemExitRequest
                0x00000000038076dc       0x1c /Users/vex/Library/Application Support/Code/User/globalStorage/vexrobotics.vexcode/sdk/cpp/V5/V5_20240802_15_00_00/vexv5/libv5rt.a(v5_apijump.c.obj)
                0x00000000038076dc                vexSystemExitRequest
 .text.vexDeviceGetByIndex
                0x00000000038076f8       0x24 /Users/vex/Library/Application Support/Code/User/globalStorage/vexrobotics.vexcode/sdk/cpp/V5/V5_20240802_15_00_00/vexv5/libv5rt.a(v5_apijump.c.obj)
                0x00000000038076f8                vexDeviceGetByIndex
 .text.vexControllerGet
                0x000000000380771c       0x2c /Users/vex/Library/Application Support/Code/User/globalStorage/vexrobotics.vexcode/sdk/cpp/V5/V5_20240802_15_00_00/vexv5/libv5rt.a(v5_apijump.c.obj)
                0x000000000380771c                vexControllerGet
 .text.vexControllerTextSet
                0x0000000003807748       0x74 /Users/vex/Library/Application Support/Code/User/globalStorage/vexrobotics.vexcode/sdk/cpp/V5/V5_20240802_15_00_00/vexv5/libv5rt.a(v5_apijump.c.obj)
                0x0000000003807748                vexControllerTextSet
 .text.vexDeviceAdiPortConfigSet
                0x00000000038077bc       0x34 /Users/vex/Library/Application Support/Code/User/globalStorage/vexrobotics.vexcode/sdk/cpp/V5/V5_20240802_15_00_00/vexv5/libv5rt.a(v5_apijump.c.obj)
                0x00000000038077bc                vexDeviceAdiPortConfigSet
 .text.vexDeviceAdiPortConfigGet
                0x00000000038077f0       0x2c /Users/vex/Library/Application Support/Code/User/globalStorage/vexrobotics.vexcode/sdk/cpp/V5/V5_20240802_15_00_00/vexv5/libv5rt.a(v5_apijump.c.obj)
                0x00000000038077f0                vexDeviceAdiPortConfigGet
 .text.vexDeviceAdiValueSet
                0x000000000380781c       0x34 /Users/vex/Library/Application Support/Code/User/globalStorage/vexrobotics.vexcode/sdk/cpp/V5/V5_20240802_15_00_00/vexv5/libv5rt.a(v5_apijump.c.obj)
                0x000000000380781c                vexDeviceAdiValueSet
 .text.vexDeviceMotorVelocitySet
                0x0000000003807850       0x2c /Users/vex/Library/Application Support/Code/User/globalStorage/vexrobotics.vexcode/sdk/cpp/V5/V5_20240802_15_00_00/vexv5/libv5rt.a(v5_apijump.c.obj)
                0x0000000003807850                vexDeviceMotorVelocitySet
 .text.vexDeviceMotorVoltageSet
                0x000000000380787c       0x2c /Users/vex/Library/Application Support/Code/User/globalStorage/vexrobotics.vexcode/sdk/cpp/V5/V5_20240802_15_00_00/vexv5/libv5rt.a(v5_apijump.c.obj)
                0x000000000380787c                vexDeviceMotorVoltageSet
 .text.vexDeviceMotorActualVelocityGet
                0x00000000038078a8       0x24 /Users/vex/Library/Application Support/Code/User/globalStorage/vexrobotics.vexcode/sdk/cpp/V5/V5_20240802_15_00_00/vexv5/libv5rt.a(v5_apijump.c.obj)
                0x00000000038078a8                vexDeviceMotorActualVelocityGet
 .text.vexDeviceMotorReverseFlagSet
                0x00000000038078cc       0x2c /Users/vex/Library/Application Support/Code/User/globalStorage/vexrobotics.vexcode/sdk/cpp/V5/V5_20240802_15_00_00/vexv5/libv5rt.a(v5_apijump.c.obj)
                0x00000000038078cc                vexDeviceMotorReverseFlagSet
 .text.vexDeviceMotorEncoderUnitsSet
                0x00000000038078f8       0x2c /Users/vex/Library/Application Support/Code/User/globalStorage/vexrobotics.vexcode/sdk/cpp/V5/V5_20240802_15_00_00/vexv5/libv5rt.a(v5_apijump.c.obj)
                0x00000000038078f8                vexDeviceMotorEncoderUnitsSet
 .text.vexDeviceMotorBrakeModeSet
                0x0000000003807924       0x2c /Users/vex/Library/Application Support/Code/User/globalStorage/vexrobotics.vexcode/sdk/cpp/V5/V5_20240802_15_00_00/vexv5/libv5rt.a(v5_apijump.c.obj)
                0x0000000003807924                vexDeviceMotorBrakeModeSet
 .text.vexDeviceMotorPositionSet
                0x0000000003807950       0x34 /Users/vex/Library/Application Support/Code/User/globalStorage/vexrobotics.vexcode/sdk/cpp/V5/V5_20240802_15_00_00/vexv5/libv5rt.a(v5_apijump.c.obj)
                0x0000000003807950                vexDeviceMotorPositionSet
 .text.vexDeviceMotorPositionGet
                0x0000000003807984       0x24 /Users/vex/Library/Application Support/Code/User/globalStorage/vexrobotics.vexcode/sdk/cpp/V5/V5_20240802_15_00_00/vexv5/libv5rt.a(v5_apijump.c.obj)
                0x0000000003807984                vexDeviceMotorPositionGet
 .text.vexDeviceMotorGearingSet
                0x00000000038079a8       0x2c /Users/vex/Library/Application Support/Code/User/globalStorage/vexrobotics.vexcode/sdk/cpp/V5/V5_20240802_15_00_00/vexv5/libv5rt.a(v5_apijump.c.obj)
                0x00000000038079a8                vexDeviceMotorGearingSet
 .text.vexDeviceMotorGearingGet
                0x00000000038079d4       0x24 /Users/vex/Library/Application Support/Code/User/globalStorage/vexrobotics.vexcode/sdk/cpp/V5/V5_20240802_15_00_00/vexv5/libv5rt.a(v5_apijump.c.obj)
                0x00000000038079d4                vexDeviceMotorGearingGet
 .text.vexDeviceImuReset
                0x00000000038079f8       0x24 /Users/vex/Library/Application Support/Code/User/globalStorage/vexrobotics.vexcode/sdk/cpp/V5/V5_20240802_15_00_00/vexv5/libv5rt.a(v5_apijump.c.obj)
                0x00000000038079f8                vexDeviceImuReset
 .text.vexDeviceImuHeadingGet
                0x0000000003807a1c       0x24 /Users/vex/Library/Application Support/Code/User/globalStorage/vexrobotics.vexcode/sdk/cpp/V5/V5_20240802_15_00_00/vexv5/libv5rt.a(v5_apijump.c.obj)
                0x0000000003807a1c                vexDeviceImuHeadingGet
 .text.vexDeviceImuDegreesGet
                0x0000000003807a40       0x24 /Users/vex/Library/Application Support/Code/User/globalStorage/vexrobotics.vexcode/sdk/cpp/V5/V5_20240802_15_00_00/vexv5/libv5rt.a(v5_apijump.c.obj)
                0x0000000003807a40                vexDeviceImuDegreesGet
 .text.vexDeviceImuStatusGet
                0x0000000003807a64       0x24 /Users/vex/Library/Application Support/Code/User/globalStorage/vexrobotics.vexcode/sdk/cpp/V5/V5_20240802_15_00_00/vexv5/libv5rt.a(v5_apijump.c.obj)
                0x0000000003807a64                vexDeviceImuStatusGet
 .text.vexDeviceAbsEncPositionSet
                0x0000000003807a88       0x2c /Users/vex/Library/Application Support/Code/User/globalStorage/vexrobotics.vexcode/sdk/cpp/V5/V5_20240802_15_00_00/vexv5/libv5rt.a(v5_apijump.c.obj)
                0x0000000003807a88                vexDeviceAbsEncPositionSet
 .text.vexDeviceAbsEncPositionGet
                0x0000000003807ab4       0x24 /Users/vex/Library/Application Support/Code/User/globalStorage/vexrobotics.vexcode/sdk/cpp/V5/V5_20240802_15_00_00/vexv5/libv5rt.a(v5_apijump.c.obj)
                0x0000000003807ab4                vexDeviceAbsEncPositionGet
 .text.vexDeviceAbsEncAngleGet
                0x0000000003807ad8       0x24 /Users/vex/Library/Application Support/Code/User/globalStorage/vexrobotics.vexcode/sdk/cpp/V5/V5_20240802_15_00_00/vexv5/libv5rt.a(v5_apijump.c.obj)
                0x0000000003807ad8                vexDeviceAbsEncAngleGet
 .text.vexDeviceAbsEncReverseFlagSet
                0x0000000003807afc       0x2c /Users/vex/Library/Application Support/Code/User/globalStorage/vexrobotics.vexcode/sdk/cpp/V5/V5_20240802_15_00_00/vexv5/libv5rt.a(v5_apijump.c.obj)
                0x0000000003807afc                vexDeviceAbsEncReverseFlagSet
 .text.vexDeviceOpticalHueGet
                0x0000000003807b28       0x24 /Users/vex/Library/Application Support/Code/User/globalStorage/vexrobotics.vexcode/sdk/cpp/V5/V5_20240802_15_00_00/vexv5/libv5rt.a(v5_apijump.c.obj)
                0x0000000003807b28                vexDeviceOpticalHueGet
 .text.vexDeviceOpticalProximityGet
                0x0000000003807b4c       0x24 /Users/vex/Library/Application Support/Code/User/globalStorage/vexrobotics.vexcode/sdk/cpp/V5/V5_20240802_15_00_00/vexv5/libv5rt.a(v5_apijump.c.obj)
                0x0000000003807b4c                vexDeviceOpticalProximityGet
 .text.vexDeviceOpticalRgbGet
                0x0000000003807b70       0x2c /Users/vex/Library/Application Support/Code/User/globalStorage/vexrobotics.vexcode/sdk/cpp/V5/V5_20240802_15_00_00/vexv5/libv5rt.a(v5_apijump.c.obj)
                0x0000000003807b70                vexDeviceOpticalRgbGet
 .text.vexDeviceOpticalLedPwmSet
                0x0000000003807b9c       0x2c /Users/vex/Library/Application Support/Code/User/globalStorage/vexrobotics.vexcode/sdk/cpp/V5/V5_20240802_15_00_00/vexv5/libv5rt.a(v5_apijump.c.obj)
                0x0000000003807b9c                vexDeviceOpticalLedPwmSet
 .text.vexDeviceOpticalRawGet
                0x0000000003807bc8       0x2c /Users/vex/Library/Application Support/Code/User/globalStorage/vexrobotics.vexcode/sdk/cpp/V5/V5_20240802_15_00_00/vexv5/libv5rt.a(v5_apijump.c.obj)
                0x0000000003807bc8                vexDeviceOpticalRawGet
 .text.vexDeviceOpticalGestureEnable
                0x0000000003807bf4       0x24 /Users/vex/Library/Application Support/Code/User/globalStorage/vexrobotics.vexcode/sdk/cpp/V5/V5_20240802_15_00_00/vexv5/libv5rt.a(v5_apijump.c.obj)
                0x0000000003807bf4                vexDeviceOpticalGestureEnable
 .text.vexDeviceOpticalGestureDisable
                0x0000000003807c18       0x24 /Users/vex/Library/Application Support/Code/User/globalStorage/vexrobotics.vexcode/sdk/cpp/V5/V5_20240802_15_00_00/vexv5/libv5rt.a(v5_apijump.c.obj)
                0x0000000003807c18                vexDeviceOpticalGestureDisable
 .text.vexDeviceOpticalProximityThreshold
                0x0000000003807c3c       0x2c /Users/vex/Library/Application Support/Code/User/globalStorage/vexrobotics.vexcode/sdk/cpp/V5/V5_20240802_15_00_00/vexv5/libv5rt.a(v5_apijump.c.obj)
                0x0000000003807c3c                vexDeviceOpticalProximityThreshold
 .text.vexDeviceOpticalIntegrationTimeSet
                0x0000000003807c68       0x34 /Users/vex/Library/Application Support/Code/User/globalStorage/vexrobotics.vexcode/sdk/cpp/V5/V5_20240802_15_00_00/vexv5/libv5rt.a(v5_apijump.c.obj)
                0x0000000003807c68                vexDeviceOpticalIntegrationTimeSet
 .text.vexDeviceDistanceDistanceGet
                0x0000000003807c9c       0x24 /Users/vex/Library/Application Support/Code/User/globalStorage/vexrobotics.vexcode/sdk/cpp/V5/V5_20240802_15_00_00/vexv5/libv5rt.a(v5_apijump.c.obj)
                0x0000000003807c9c                vexDeviceDistanceDistanceGet
 .text.vexDisplayForegroundColor
                0x0000000003807cc0       0x24 /Users/vex/Library/Application Support/Code/User/globalStorage/vexrobotics.vexcode/sdk/cpp/V5/V5_20240802_15_00_00/vexv5/libv5rt.a(v5_apijump.c.obj)
                0x0000000003807cc0                vexDisplayForegroundColor
 .text.vexDisplayBackgroundColor
                0x0000000003807ce4       0x24 /Users/vex/Library/Application Support/Code/User/globalStorage/vexrobotics.vexcode/sdk/cpp/V5/V5_20240802_15_00_00/vexv5/libv5rt.a(v5_apijump.c.obj)
                0x0000000003807ce4                vexDisplayBackgroundColor
 .text.vexDisplayTextReference
                0x0000000003807d08       0x24 /Users/vex/Library/Application Support/Code/User/globalStorage/vexrobotics.vexcode/sdk/cpp/V5/V5_20240802_15_00_00/vexv5/libv5rt.a(v5_apijump.c.obj)
                0x0000000003807d08                vexDisplayTextReference
 .text.vexDisplayTextSize
                0x0000000003807d2c       0x2c /Users/vex/Library/Application Support/Code/User/globalStorage/vexrobotics.vexcode/sdk/cpp/V5/V5_20240802_15_00_00/vexv5/libv5rt.a(v5_apijump.c.obj)
                0x0000000003807d2c                vexDisplayTextSize
 .text.vexDisplayFontNamedSet
                0x0000000003807d58       0x24 /Users/vex/Library/Application Support/Code/User/globalStorage/vexrobotics.vexcode/sdk/cpp/V5/V5_20240802_15_00_00/vexv5/libv5rt.a(v5_apijump.c.obj)
                0x0000000003807d58                vexDisplayFontNamedSet
 .text.vexSystemStdlibImpureDataAddr
                0x0000000003807d7c       0x28 /Users/vex/Library/Application Support/Code/User/globalStorage/vexrobotics.vexcode/sdk/cpp/V5/V5_20240802_15_00_00/vexv5/libv5rt.a(v5_apijump.c.obj)
                0x0000000003807d7c                vexSystemStdlibImpureDataAddr
 .text.vexSystemStdlibImpureDataSize
                0x0000000003807da4       0x28 /Users/vex/Library/Application Support/Code/User/globalStorage/vexrobotics.vexcode/sdk/cpp/V5/V5_20240802_15_00_00/vexv5/libv5rt.a(v5_apijump.c.obj)
                0x0000000003807da4                vexSystemStdlibImpureDataSize
 .text.vexSystemSaveUserData
                0x0000000003807dcc       0x3c /Users/vex/Library/Application Support/Code/User/globalStorage/vexrobotics.vexcode/sdk/cpp/V5/V5_20240802_15_00_00/vexv5/libv5rt.a(v5_apijump.c.obj)
                0x0000000003807dcc                vexSystemSaveUserData
 .text.vexDisplayThemeIdGet
                0x0000000003807e08       0x38 /Users/vex/Library/Application Support/Code/User/globalStorage/vexrobotics.vexcode/sdk/cpp/V5/V5_20240802_15_00_00/vexv5/libv5rt.a(v5_apijump.c.obj)
                0x0000000003807e08                vexDisplayThemeIdGet
 .text.vexDeviceEventMaskSet
                0x0000000003807e40       0x48 /Users/vex/Library/Application Support/Code/User/globalStorage/vexrobotics.vexcode/sdk/cpp/V5/V5_20240802_15_00_00/vexv5/libv5rt.a(v5_apijump.c.obj)
                0x0000000003807e40                vexDeviceEventMaskSet
 .text.vexDeviceEventMaskGet
                0x0000000003807e88       0x3c /Users/vex/Library/Application Support/Code/User/globalStorage/vexrobotics.vexcode/sdk/cpp/V5/V5_20240802_15_00_00/vexv5/libv5rt.a(v5_apijump.c.obj)
                0x0000000003807e88                vexDeviceEventMaskGet
 .text.vexSystemVersion
                0x0000000003807ec4       0x10 /Users/vex/Library/Application Support/Code/User/globalStorage/vexrobotics.vexcode/sdk/cpp/V5/V5_20240802_15_00_00/vexv5/libv5rt.a(v5_apiversions.c.obj)
                0x0000000003807ec4                vexSystemVersion
 .text.vexStdlibVersion
                0x0000000003807ed4       0x10 /Users/vex/Library/Application Support/Code/User/globalStorage/vexrobotics.vexcode/sdk/cpp/V5/V5_20240802_15_00_00/vexv5/libv5rt.a(v5_apiversions.c.obj)
                0x0000000003807ed4                vexStdlibVersion
 *fill*         0x0000000003807ee4        0x4 
 .text._ZN3vex4waitEdNS_9timeUnitsE
                0x0000000003807ee8       0x30 /Users/vex/Library/Application Support/Code/User/globalStorage/vexrobotics.vexcode/sdk/cpp/V5/V5_20240802_15_00_00/vexv5/libv5rt.a(vex_global.cpp.obj)
                0x0000000003807ee8                vex::wait(double, vex::timeUnits)
 .text._ZN3vex5motorD2Ev
                0x0000000003807f18       0x20 /Users/vex/Library/Application Support/Code/User/globalStorage/vexrobotics.vexcode/sdk/cpp/V5/V5_20240802_15_00_00/vexv5/libv5rt.a(vex_motor.cpp.obj)
                0x0000000003807f18                vex::motor::~motor()
                0x0000000003807f18                vex::motor::~motor()
 .text._ZN3vex5motorD0Ev
                0x0000000003807f38       0x1c /Users/vex/Library/Application Support/Code/User/globalStorage/vexrobotics.vexcode/sdk/cpp/V5/V5_20240802_15_00_00/vexv5/libv5rt.a(vex_motor.cpp.obj)
                0x0000000003807f38                vex::motor::~motor()
 .text._ZN3vex5motor9installedEv
                0x0000000003807f54       0x18 /Users/vex/Library/Application Support/Code/User/globalStorage/vexrobotics.vexcode/sdk/cpp/V5/V5_20240802_15_00_00/vexv5/libv5rt.a(vex_motor.cpp.obj)
                0x0000000003807f54                vex::motor::installed()
 .text._ZN3vex5motor15defaultStoppingENS_9brakeTypeE
                0x0000000003807f6c       0x30 /Users/vex/Library/Application Support/Code/User/globalStorage/vexrobotics.vexcode/sdk/cpp/V5/V5_20240802_15_00_00/vexv5/libv5rt.a(vex_motor.cpp.obj)
                0x0000000003807f6c                vex::motor::defaultStopping(vex::brakeType)
 .text._ZN3vex5motorC2El
                0x0000000003807f9c       0x78 /Users/vex/Library/Application Support/Code/User/globalStorage/vexrobotics.vexcode/sdk/cpp/V5/V5_20240802_15_00_00/vexv5/libv5rt.a(vex_motor.cpp.obj)
                0x0000000003807f9c                vex::motor::motor(long)
                0x0000000003807f9c                vex::motor::motor(long)
 .text._ZN3vex5motorC2ElNS_11gearSettingEb
                0x0000000003808014       0x34 /Users/vex/Library/Application Support/Code/User/globalStorage/vexrobotics.vexcode/sdk/cpp/V5/V5_20240802_15_00_00/vexv5/libv5rt.a(vex_motor.cpp.obj)
                0x0000000003808014                vex::motor::motor(long, vex::gearSetting, bool)
                0x0000000003808014                vex::motor::motor(long, vex::gearSetting, bool)
 .text._ZN3vex5motor4spinENS_13directionTypeEdNS_12voltageUnitsE
                0x0000000003808048       0x50 /Users/vex/Library/Application Support/Code/User/globalStorage/vexrobotics.vexcode/sdk/cpp/V5/V5_20240802_15_00_00/vexv5/libv5rt.a(vex_motor.cpp.obj)
                0x0000000003808048                vex::motor::spin(vex::directionType, double, vex::voltageUnits)
 .text._ZN3vex5motor4stopENS_9brakeTypeE
                0x0000000003808098       0x30 /Users/vex/Library/Application Support/Code/User/globalStorage/vexrobotics.vexcode/sdk/cpp/V5/V5_20240802_15_00_00/vexv5/libv5rt.a(vex_motor.cpp.obj)
                0x0000000003808098                vex::motor::stop(vex::brakeType)
 .text._ZN3vex5motor16velocityToScaledEdNS_13velocityUnitsE
                0x00000000038080c8       0x5c /Users/vex/Library/Application Support/Code/User/globalStorage/vexrobotics.vexcode/sdk/cpp/V5/V5_20240802_15_00_00/vexv5/libv5rt.a(vex_motor.cpp.obj)
                0x00000000038080c8                vex::motor::velocityToScaled(double, vex::velocityUnits)
 .text._ZN3vex5motor8velocityENS_13velocityUnitsE
                0x0000000003808124       0x30 /Users/vex/Library/Application Support/Code/User/globalStorage/vexrobotics.vexcode/sdk/cpp/V5/V5_20240802_15_00_00/vexv5/libv5rt.a(vex_motor.cpp.obj)
                0x0000000003808124                vex::motor::velocity(vex::velocityUnits)
 .text._ZN3vex5motor5valueEv
                0x0000000003808154       0x1c /Users/vex/Library/Application Support/Code/User/globalStorage/vexrobotics.vexcode/sdk/cpp/V5/V5_20240802_15_00_00/vexv5/libv5rt.a(vex_motor.cpp.obj)
                0x0000000003808154                vex::motor::value()
 .text._ZN3vex5motor16scaledToVelocityEdNS_13velocityUnitsE
                0x0000000003808170       0xa4 /Users/vex/Library/Application Support/Code/User/globalStorage/vexrobotics.vexcode/sdk/cpp/V5/V5_20240802_15_00_00/vexv5/libv5rt.a(vex_motor.cpp.obj)
                0x0000000003808170                vex::motor::scaledToVelocity(double, vex::velocityUnits)
 .text._ZN3vex5motor4spinENS_13directionTypeEdNS_13velocityUnitsE
                0x0000000003808214       0x5c /Users/vex/Library/Application Support/Code/User/globalStorage/vexrobotics.vexcode/sdk/cpp/V5/V5_20240802_15_00_00/vexv5/libv5rt.a(vex_motor.cpp.obj)
                0x0000000003808214                vex::motor::spin(vex::directionType, double, vex::velocityUnits)
 .text._ZN3vex5motor16setRotationUnitsENS_13rotationUnitsE
                0x0000000003808270       0x1c /Users/vex/Library/Application Support/Code/User/globalStorage/vexrobotics.vexcode/sdk/cpp/V5/V5_20240802_15_00_00/vexv5/libv5rt.a(vex_motor.cpp.obj)
                0x0000000003808270                vex::motor::setRotationUnits(vex::rotationUnits)
 .text._ZN3vex5motor11setPositionEdNS_13rotationUnitsE
                0x000000000380828c       0x44 /Users/vex/Library/Application Support/Code/User/globalStorage/vexrobotics.vexcode/sdk/cpp/V5/V5_20240802_15_00_00/vexv5/libv5rt.a(vex_motor.cpp.obj)
                0x000000000380828c                vex::motor::setPosition(double, vex::rotationUnits)
 .text._ZN3vex5motor13resetPositionEv
                0x00000000038082d0       0x20 /Users/vex/Library/Application Support/Code/User/globalStorage/vexrobotics.vexcode/sdk/cpp/V5/V5_20240802_15_00_00/vexv5/libv5rt.a(vex_motor.cpp.obj)
                0x00000000038082d0                vex::motor::resetPosition()
 .text._ZN3vex5motor8positionENS_13rotationUnitsE
                0x00000000038082f0       0x44 /Users/vex/Library/Application Support/Code/User/globalStorage/vexrobotics.vexcode/sdk/cpp/V5/V5_20240802_15_00_00/vexv5/libv5rt.a(vex_motor.cpp.obj)
                0x00000000038082f0                vex::motor::position(vex::rotationUnits)
 .text._ZN3vex8inertial11getTurnTypeEv
                0x0000000003808334        0x8 /Users/vex/Library/Application Support/Code/User/globalStorage/vexrobotics.vexcode/sdk/cpp/V5/V5_20240802_15_00_00/vexv5/libv5rt.a(vex_imu.cpp.obj)
                0x0000000003808334                vex::inertial::getTurnType()
 .text._ZThn16_N3vex8inertial11getTurnTypeEv
                0x000000000380833c        0x8 /Users/vex/Library/Application Support/Code/User/globalStorage/vexrobotics.vexcode/sdk/cpp/V5/V5_20240802_15_00_00/vexv5/libv5rt.a(vex_imu.cpp.obj)
                0x000000000380833c                non-virtual thunk to vex::inertial::getTurnType()
 *fill*         0x0000000003808344        0x4 
 .text._ZN3vex8inertial10setHeadingEdNS_13rotationUnitsE
                0x0000000003808348       0x58 /Users/vex/Library/Application Support/Code/User/globalStorage/vexrobotics.vexcode/sdk/cpp/V5/V5_20240802_15_00_00/vexv5/libv5rt.a(vex_imu.cpp.obj)
                0x0000000003808348                vex::inertial::setHeading(double, vex::rotationUnits)
 .text._ZThn16_N3vex8inertial10setHeadingEdNS_13rotationUnitsE
                0x00000000038083a0        0x8 /Users/vex/Library/Application Support/Code/User/globalStorage/vexrobotics.vexcode/sdk/cpp/V5/V5_20240802_15_00_00/vexv5/libv5rt.a(vex_imu.cpp.obj)
                0x00000000038083a0                non-virtual thunk to vex::inertial::setHeading(double, vex::rotationUnits)
 .text._ZN3vex8inertial11setRotationEdNS_13rotationUnitsE
                0x00000000038083a8       0x58 /Users/vex/Library/Application Support/Code/User/globalStorage/vexrobotics.vexcode/sdk/cpp/V5/V5_20240802_15_00_00/vexv5/libv5rt.a(vex_imu.cpp.obj)
                0x00000000038083a8                vex::inertial::setRotation(double, vex::rotationUnits)
 .text._ZThn16_N3vex8inertial11setRotationEdNS_13rotationUnitsE
                0x0000000003808400        0x8 /Users/vex/Library/Application Support/Code/User/globalStorage/vexrobotics.vexcode/sdk/cpp/V5/V5_20240802_15_00_00/vexv5/libv5rt.a(vex_imu.cpp.obj)
                0x0000000003808400                non-virtual thunk to vex::inertial::setRotation(double, vex::rotationUnits)
 .text._ZN3vex8inertialD2Ev
                0x0000000003808408       0x20 /Users/vex/Library/Application Support/Code/User/globalStorage/vexrobotics.vexcode/sdk/cpp/V5/V5_20240802_15_00_00/vexv5/libv5rt.a(vex_imu.cpp.obj)
                0x0000000003808408                vex::inertial::~inertial()
                0x0000000003808408                vex::inertial::~inertial()
 .text._ZThn16_N3vex8inertialD1Ev
                0x0000000003808428        0x8 /Users/vex/Library/Application Support/Code/User/globalStorage/vexrobotics.vexcode/sdk/cpp/V5/V5_20240802_15_00_00/vexv5/libv5rt.a(vex_imu.cpp.obj)
                0x0000000003808428                non-virtual thunk to vex::inertial::~inertial()
 .text._ZN3vex8inertialD0Ev
                0x0000000003808430       0x1c /Users/vex/Library/Application Support/Code/User/globalStorage/vexrobotics.vexcode/sdk/cpp/V5/V5_20240802_15_00_00/vexv5/libv5rt.a(vex_imu.cpp.obj)
                0x0000000003808430                vex::inertial::~inertial()
 .text._ZThn16_N3vex8inertialD0Ev
                0x000000000380844c        0x8 /Users/vex/Library/Application Support/Code/User/globalStorage/vexrobotics.vexcode/sdk/cpp/V5/V5_20240802_15_00_00/vexv5/libv5rt.a(vex_imu.cpp.obj)
                0x000000000380844c                non-virtual thunk to vex::inertial::~inertial()
 .text._ZN3vex8inertial9installedEv
                0x0000000003808454       0x18 /Users/vex/Library/Application Support/Code/User/globalStorage/vexrobotics.vexcode/sdk/cpp/V5/V5_20240802_15_00_00/vexv5/libv5rt.a(vex_imu.cpp.obj)
                0x0000000003808454                vex::inertial::installed()
 .text._ZN3vex8inertial5angleENS_13rotationUnitsE
                0x000000000380846c       0x6c /Users/vex/Library/Application Support/Code/User/globalStorage/vexrobotics.vexcode/sdk/cpp/V5/V5_20240802_15_00_00/vexv5/libv5rt.a(vex_imu.cpp.obj)
                0x000000000380846c                vex::inertial::angle(vex::rotationUnits)
 .text._ZThn16_N3vex8inertial5angleENS_13rotationUnitsE
                0x00000000038084d8        0x8 /Users/vex/Library/Application Support/Code/User/globalStorage/vexrobotics.vexcode/sdk/cpp/V5/V5_20240802_15_00_00/vexv5/libv5rt.a(vex_imu.cpp.obj)
                0x00000000038084d8                non-virtual thunk to vex::inertial::angle(vex::rotationUnits)
 .text._ZN3vex8inertial7headingENS_13rotationUnitsE
                0x00000000038084e0        0x4 /Users/vex/Library/Application Support/Code/User/globalStorage/vexrobotics.vexcode/sdk/cpp/V5/V5_20240802_15_00_00/vexv5/libv5rt.a(vex_imu.cpp.obj)
                0x00000000038084e0                vex::inertial::heading(vex::rotationUnits)
 .text._ZThn16_N3vex8inertial7headingENS_13rotationUnitsE
                0x00000000038084e4        0x8 /Users/vex/Library/Application Support/Code/User/globalStorage/vexrobotics.vexcode/sdk/cpp/V5/V5_20240802_15_00_00/vexv5/libv5rt.a(vex_imu.cpp.obj)
                0x00000000038084e4                non-virtual thunk to vex::inertial::heading(vex::rotationUnits)
 .text._ZN3vex8inertial5valueEv
                0x00000000038084ec       0x1c /Users/vex/Library/Application Support/Code/User/globalStorage/vexrobotics.vexcode/sdk/cpp/V5/V5_20240802_15_00_00/vexv5/libv5rt.a(vex_imu.cpp.obj)
                0x00000000038084ec                vex::inertial::value()
 .text._ZN3vex8inertial8rotationENS_13rotationUnitsE
                0x0000000003808508       0x48 /Users/vex/Library/Application Support/Code/User/globalStorage/vexrobotics.vexcode/sdk/cpp/V5/V5_20240802_15_00_00/vexv5/libv5rt.a(vex_imu.cpp.obj)
                0x0000000003808508                vex::inertial::rotation(vex::rotationUnits)
 .text._ZThn16_N3vex8inertial8rotationENS_13rotationUnitsE
                0x0000000003808550        0x8 /Users/vex/Library/Application Support/Code/User/globalStorage/vexrobotics.vexcode/sdk/cpp/V5/V5_20240802_15_00_00/vexv5/libv5rt.a(vex_imu.cpp.obj)
                0x0000000003808550                non-virtual thunk to vex::inertial::rotation(vex::rotationUnits)
 .text._ZN3vex8inertial13isCalibratingEv
                0x0000000003808558       0x38 /Users/vex/Library/Application Support/Code/User/globalStorage/vexrobotics.vexcode/sdk/cpp/V5/V5_20240802_15_00_00/vexv5/libv5rt.a(vex_imu.cpp.obj)
                0x0000000003808558                vex::inertial::isCalibrating()
 .text._ZThn16_N3vex8inertial13isCalibratingEv
                0x0000000003808590        0x8 /Users/vex/Library/Application Support/Code/User/globalStorage/vexrobotics.vexcode/sdk/cpp/V5/V5_20240802_15_00_00/vexv5/libv5rt.a(vex_imu.cpp.obj)
                0x0000000003808590                non-virtual thunk to vex::inertial::isCalibrating()
 .text._ZN3vex8inertialC2ElNS_8turnTypeE
                0x0000000003808598       0x4c /Users/vex/Library/Application Support/Code/User/globalStorage/vexrobotics.vexcode/sdk/cpp/V5/V5_20240802_15_00_00/vexv5/libv5rt.a(vex_imu.cpp.obj)
                0x0000000003808598                vex::inertial::inertial(long, vex::turnType)
                0x0000000003808598                vex::inertial::inertial(long, vex::turnType)
 .text._ZN3vex8inertial16startCalibrationEl
                0x00000000038085e4       0x20 /Users/vex/Library/Application Support/Code/User/globalStorage/vexrobotics.vexcode/sdk/cpp/V5/V5_20240802_15_00_00/vexv5/libv5rt.a(vex_imu.cpp.obj)
                0x00000000038085e4                vex::inertial::startCalibration(long)
 .text._ZN3vex8inertial9calibrateEl
                0x0000000003808604        0xc /Users/vex/Library/Application Support/Code/User/globalStorage/vexrobotics.vexcode/sdk/cpp/V5/V5_20240802_15_00_00/vexv5/libv5rt.a(vex_imu.cpp.obj)
                0x0000000003808604                vex::inertial::calibrate(long)
                0x0000000003808608                non-virtual thunk to vex::inertial::calibrate(long)
 .text._ZN3vex8rotationD2Ev
                0x0000000003808610       0x20 /Users/vex/Library/Application Support/Code/User/globalStorage/vexrobotics.vexcode/sdk/cpp/V5/V5_20240802_15_00_00/vexv5/libv5rt.a(vex_rotation.cpp.obj)
                0x0000000003808610                vex::rotation::~rotation()
                0x0000000003808610                vex::rotation::~rotation()
 .text._ZN3vex8rotationD0Ev
                0x0000000003808630       0x1c /Users/vex/Library/Application Support/Code/User/globalStorage/vexrobotics.vexcode/sdk/cpp/V5/V5_20240802_15_00_00/vexv5/libv5rt.a(vex_rotation.cpp.obj)
                0x0000000003808630                vex::rotation::~rotation()
 .text._ZN3vex8rotation9installedEv
                0x000000000380864c       0x18 /Users/vex/Library/Application Support/Code/User/globalStorage/vexrobotics.vexcode/sdk/cpp/V5/V5_20240802_15_00_00/vexv5/libv5rt.a(vex_rotation.cpp.obj)
                0x000000000380864c                vex::rotation::installed()
 .text._ZN3vex8rotation5valueEv
                0x0000000003808664        0x8 /Users/vex/Library/Application Support/Code/User/globalStorage/vexrobotics.vexcode/sdk/cpp/V5/V5_20240802_15_00_00/vexv5/libv5rt.a(vex_rotation.cpp.obj)
                0x0000000003808664                vex::rotation::value()
 .text._ZN3vex8rotationC2Elb
                0x000000000380866c       0x30 /Users/vex/Library/Application Support/Code/User/globalStorage/vexrobotics.vexcode/sdk/cpp/V5/V5_20240802_15_00_00/vexv5/libv5rt.a(vex_rotation.cpp.obj)
                0x000000000380866c                vex::rotation::rotation(long, bool)
                0x000000000380866c                vex::rotation::rotation(long, bool)
 .text._ZN3vex8rotation13resetPositionEv
                0x000000000380869c        0xc /Users/vex/Library/Application Support/Code/User/globalStorage/vexrobotics.vexcode/sdk/cpp/V5/V5_20240802_15_00_00/vexv5/libv5rt.a(vex_rotation.cpp.obj)
                0x000000000380869c                vex::rotation::resetPosition()
 .text._ZN3vex8rotation8positionENS_13rotationUnitsE
                0x00000000038086a8       0x50 /Users/vex/Library/Application Support/Code/User/globalStorage/vexrobotics.vexcode/sdk/cpp/V5/V5_20240802_15_00_00/vexv5/libv5rt.a(vex_rotation.cpp.obj)
                0x00000000038086a8                vex::rotation::position(vex::rotationUnits)
 .text._ZN3vex7opticalD2Ev
                0x00000000038086f8       0x20 /Users/vex/Library/Application Support/Code/User/globalStorage/vexrobotics.vexcode/sdk/cpp/V5/V5_20240802_15_00_00/vexv5/libv5rt.a(vex_optical.cpp.obj)
                0x00000000038086f8                vex::optical::~optical()
                0x00000000038086f8                vex::optical::~optical()
 .text._ZN3vex7opticalD0Ev
                0x0000000003808718       0x1c /Users/vex/Library/Application Support/Code/User/globalStorage/vexrobotics.vexcode/sdk/cpp/V5/V5_20240802_15_00_00/vexv5/libv5rt.a(vex_optical.cpp.obj)
                0x0000000003808718                vex::optical::~optical()
 .text._ZN3vex7optical9installedEv
                0x0000000003808734       0x18 /Users/vex/Library/Application Support/Code/User/globalStorage/vexrobotics.vexcode/sdk/cpp/V5/V5_20240802_15_00_00/vexv5/libv5rt.a(vex_optical.cpp.obj)
                0x0000000003808734                vex::optical::installed()
 .text._ZN3vex7optical3hueEv
                0x000000000380874c        0x8 /Users/vex/Library/Application Support/Code/User/globalStorage/vexrobotics.vexcode/sdk/cpp/V5/V5_20240802_15_00_00/vexv5/libv5rt.a(vex_optical.cpp.obj)
                0x000000000380874c                vex::optical::hue()
 .text._ZN3vex7optical5valueEv
                0x0000000003808754       0x18 /Users/vex/Library/Application Support/Code/User/globalStorage/vexrobotics.vexcode/sdk/cpp/V5/V5_20240802_15_00_00/vexv5/libv5rt.a(vex_optical.cpp.obj)
                0x0000000003808754                vex::optical::value()
 .text._ZN3vex7optical12isNearObjectEv
                0x000000000380876c       0x24 /Users/vex/Library/Application Support/Code/User/globalStorage/vexrobotics.vexcode/sdk/cpp/V5/V5_20240802_15_00_00/vexv5/libv5rt.a(vex_optical.cpp.obj)
                0x000000000380876c                vex::optical::isNearObject()
 .text._ZN3vex7optical13setLightPowerElNS_12percentUnitsE
                0x0000000003808790       0x2c /Users/vex/Library/Application Support/Code/User/globalStorage/vexrobotics.vexcode/sdk/cpp/V5/V5_20240802_15_00_00/vexv5/libv5rt.a(vex_optical.cpp.obj)
                0x0000000003808790                vex::optical::setLightPower(long, vex::percentUnits)
 .text._ZN3vex7optical13gestureEnableEv
                0x00000000038087bc        0x8 /Users/vex/Library/Application Support/Code/User/globalStorage/vexrobotics.vexcode/sdk/cpp/V5/V5_20240802_15_00_00/vexv5/libv5rt.a(vex_optical.cpp.obj)
                0x00000000038087bc                vex::optical::gestureEnable()
 .text._ZN3vex7optical14gestureDisableEv
                0x00000000038087c4        0x8 /Users/vex/Library/Application Support/Code/User/globalStorage/vexrobotics.vexcode/sdk/cpp/V5/V5_20240802_15_00_00/vexv5/libv5rt.a(vex_optical.cpp.obj)
                0x00000000038087c4                vex::optical::gestureDisable()
 .text._ZN3vex7opticalC2Elb
                0x00000000038087cc       0x54 /Users/vex/Library/Application Support/Code/User/globalStorage/vexrobotics.vexcode/sdk/cpp/V5/V5_20240802_15_00_00/vexv5/libv5rt.a(vex_optical.cpp.obj)
                0x00000000038087cc                vex::optical::optical(long, bool)
                0x00000000038087cc                vex::optical::optical(long, bool)
 .text._ZN3vex7optical6getRgbEb
                0x0000000003808820       0xb0 /Users/vex/Library/Application Support/Code/User/globalStorage/vexrobotics.vexcode/sdk/cpp/V5/V5_20240802_15_00_00/vexv5/libv5rt.a(vex_optical.cpp.obj)
                0x0000000003808820                vex::optical::getRgb(bool)
 .text._ZN3vex7optical15integrationTimeEd
                0x00000000038088d0        0x8 /Users/vex/Library/Application Support/Code/User/globalStorage/vexrobotics.vexcode/sdk/cpp/V5/V5_20240802_15_00_00/vexv5/libv5rt.a(vex_optical.cpp.obj)
                0x00000000038088d0                vex::optical::integrationTime(double)
 .text._ZN3vex8distanceD2Ev
                0x00000000038088d8       0x20 /Users/vex/Library/Application Support/Code/User/globalStorage/vexrobotics.vexcode/sdk/cpp/V5/V5_20240802_15_00_00/vexv5/libv5rt.a(vex_distance.cpp.obj)
                0x00000000038088d8                vex::distance::~distance()
                0x00000000038088d8                vex::distance::~distance()
 .text._ZN3vex8distanceD0Ev
                0x00000000038088f8       0x1c /Users/vex/Library/Application Support/Code/User/globalStorage/vexrobotics.vexcode/sdk/cpp/V5/V5_20240802_15_00_00/vexv5/libv5rt.a(vex_distance.cpp.obj)
                0x00000000038088f8                vex::distance::~distance()
 .text._ZN3vex8distance9installedEv
                0x0000000003808914       0x18 /Users/vex/Library/Application Support/Code/User/globalStorage/vexrobotics.vexcode/sdk/cpp/V5/V5_20240802_15_00_00/vexv5/libv5rt.a(vex_distance.cpp.obj)
                0x0000000003808914                vex::distance::installed()
 .text._ZN3vex8distance5valueEv
                0x000000000380892c        0x8 /Users/vex/Library/Application Support/Code/User/globalStorage/vexrobotics.vexcode/sdk/cpp/V5/V5_20240802_15_00_00/vexv5/libv5rt.a(vex_distance.cpp.obj)
                0x000000000380892c                vex::distance::value()
 .text._ZN3vex8distanceC2El
                0x0000000003808934       0x20 /Users/vex/Library/Application Support/Code/User/globalStorage/vexrobotics.vexcode/sdk/cpp/V5/V5_20240802_15_00_00/vexv5/libv5rt.a(vex_distance.cpp.obj)
                0x0000000003808934                vex::distance::distance(long)
                0x0000000003808934                vex::distance::distance(long)
 *fill*         0x0000000003808954        0x4 
 .text._ZN3vex8distance14objectDistanceENS_13distanceUnitsE
                0x0000000003808958       0x48 /Users/vex/Library/Application Support/Code/User/globalStorage/vexrobotics.vexcode/sdk/cpp/V5/V5_20240802_15_00_00/vexv5/libv5rt.a(vex_distance.cpp.obj)
                0x0000000003808958                vex::distance::objectDistance(vex::distanceUnits)
 .text._ZN3vex10controllerD2Ev
                0x00000000038089a0        0x4 /Users/vex/Library/Application Support/Code/User/globalStorage/vexrobotics.vexcode/sdk/cpp/V5/V5_20240802_15_00_00/vexv5/libv5rt.a(vex_controller.cpp.obj)
                0x00000000038089a0                vex::controller::~controller()
                0x00000000038089a0                vex::controller::~controller()
 .text._ZN3vex10controller5valueE19_V5_ControllerIndex
                0x00000000038089a4        0x8 /Users/vex/Library/Application Support/Code/User/globalStorage/vexrobotics.vexcode/sdk/cpp/V5/V5_20240802_15_00_00/vexv5/libv5rt.a(vex_controller.cpp.obj)
                0x00000000038089a4                vex::controller::value(_V5_ControllerIndex)
 .text._ZN3vex10controller6rumbleEPKc
                0x00000000038089ac       0x4c /Users/vex/Library/Application Support/Code/User/globalStorage/vexrobotics.vexcode/sdk/cpp/V5/V5_20240802_15_00_00/vexv5/libv5rt.a(vex_controller.cpp.obj)
                0x00000000038089ac                vex::controller::rumble(char const*)
 .text._ZNK3vex10controller6button8pressingEv
                0x00000000038089f8       0xc8 /Users/vex/Library/Application Support/Code/User/globalStorage/vexrobotics.vexcode/sdk/cpp/V5/V5_20240802_15_00_00/vexv5/libv5rt.a(vex_controller.cpp.obj)
                0x00000000038089f8                vex::controller::button::pressing() const
 .text._ZNK3vex10controller6button21_buttonToPressedEventEv
                0x0000000003808ac0       0x20 /Users/vex/Library/Application Support/Code/User/globalStorage/vexrobotics.vexcode/sdk/cpp/V5/V5_20240802_15_00_00/vexv5/libv5rt.a(vex_controller.cpp.obj)
                0x0000000003808ac0                vex::controller::button::_buttonToPressedEvent() const
 .text._ZNK3vex10controller6button22_buttonToReleasedEventEv
                0x0000000003808ae0       0x20 /Users/vex/Library/Application Support/Code/User/globalStorage/vexrobotics.vexcode/sdk/cpp/V5/V5_20240802_15_00_00/vexv5/libv5rt.a(vex_controller.cpp.obj)
                0x0000000003808ae0                vex::controller::button::_buttonToReleasedEvent() const
 .text._ZN3vex10controller6buttonC2ENS0_11tButtonTypeEPS0_
                0x0000000003808b00       0x48 /Users/vex/Library/Application Support/Code/User/globalStorage/vexrobotics.vexcode/sdk/cpp/V5/V5_20240802_15_00_00/vexv5/libv5rt.a(vex_controller.cpp.obj)
                0x0000000003808b00                vex::controller::button::button(vex::controller::tButtonType, vex::controller*)
                0x0000000003808b00                vex::controller::button::button(vex::controller::tButtonType, vex::controller*)
 .text._ZNK3vex10controller4axis5valueEv
                0x0000000003808b48       0x58 /Users/vex/Library/Application Support/Code/User/globalStorage/vexrobotics.vexcode/sdk/cpp/V5/V5_20240802_15_00_00/vexv5/libv5rt.a(vex_controller.cpp.obj)
                0x0000000003808b48                vex::controller::axis::value() const
 .text._ZNK3vex10controller4axis8positionENS_12percentUnitsE
                0x0000000003808ba0       0x1c /Users/vex/Library/Application Support/Code/User/globalStorage/vexrobotics.vexcode/sdk/cpp/V5/V5_20240802_15_00_00/vexv5/libv5rt.a(vex_controller.cpp.obj)
                0x0000000003808ba0                vex::controller::axis::position(vex::percentUnits) const
 .text._ZNK3vex10controller4axis23_joystickToChangedEventEv
                0x0000000003808bbc       0x20 /Users/vex/Library/Application Support/Code/User/globalStorage/vexrobotics.vexcode/sdk/cpp/V5/V5_20240802_15_00_00/vexv5/libv5rt.a(vex_controller.cpp.obj)
                0x0000000003808bbc                vex::controller::axis::_joystickToChangedEvent() const
 .text._ZN3vex10controller4axisC2ENS0_9tAxisTypeEPS0_
                0x0000000003808bdc       0x2c /Users/vex/Library/Application Support/Code/User/globalStorage/vexrobotics.vexcode/sdk/cpp/V5/V5_20240802_15_00_00/vexv5/libv5rt.a(vex_controller.cpp.obj)
                0x0000000003808bdc                vex::controller::axis::axis(vex::controller::tAxisType, vex::controller*)
                0x0000000003808bdc                vex::controller::axis::axis(vex::controller::tAxisType, vex::controller*)
 .text._ZN3vex10controllerC2ENS_14controllerTypeE
                0x0000000003808c08      0x16c /Users/vex/Library/Application Support/Code/User/globalStorage/vexrobotics.vexcode/sdk/cpp/V5/V5_20240802_15_00_00/vexv5/libv5rt.a(vex_controller.cpp.obj)
                0x0000000003808c08                vex::controller::controller(vex::controllerType)
                0x0000000003808c08                vex::controller::controller(vex::controllerType)
 .text._ZN3vex10controllerC2Ev
                0x0000000003808d74      0x164 /Users/vex/Library/Application Support/Code/User/globalStorage/vexrobotics.vexcode/sdk/cpp/V5/V5_20240802_15_00_00/vexv5/libv5rt.a(vex_controller.cpp.obj)
                0x0000000003808d74                vex::controller::controller()
                0x0000000003808d74                vex::controller::controller()
 .text._ZN3vex10controller3lcd15getControllerIdEv
                0x0000000003808ed8       0x10 /Users/vex/Library/Application Support/Code/User/globalStorage/vexrobotics.vexcode/sdk/cpp/V5/V5_20240802_15_00_00/vexv5/libv5rt.a(vex_controller.cpp.obj)
                0x0000000003808ed8                vex::controller::lcd::getControllerId()
 .text._ZN3vex10controller3lcd9setCursorEll
                0x0000000003808ee8       0x40 /Users/vex/Library/Application Support/Code/User/globalStorage/vexrobotics.vexcode/sdk/cpp/V5/V5_20240802_15_00_00/vexv5/libv5rt.a(vex_controller.cpp.obj)
                0x0000000003808ee8                vex::controller::lcd::setCursor(long, long)
 .text._ZN3vex10controller3lcd5printEPKcz
                0x0000000003808f28       0x80 /Users/vex/Library/Application Support/Code/User/globalStorage/vexrobotics.vexcode/sdk/cpp/V5/V5_20240802_15_00_00/vexv5/libv5rt.a(vex_controller.cpp.obj)
                0x0000000003808f28                vex::controller::lcd::print(char const*, ...)
 .text._ZN3vex10controller3lcd9clearLineEi
                0x0000000003808fa8       0x80 /Users/vex/Library/Application Support/Code/User/globalStorage/vexrobotics.vexcode/sdk/cpp/V5/V5_20240802_15_00_00/vexv5/libv5rt.a(vex_controller.cpp.obj)
                0x0000000003808fa8                vex::controller::lcd::clearLine(int)
 .text._ZN3vex10controller3lcd11clearScreenEv
                0x0000000003809028       0x5c /Users/vex/Library/Application Support/Code/User/globalStorage/vexrobotics.vexcode/sdk/cpp/V5/V5_20240802_15_00_00/vexv5/libv5rt.a(vex_controller.cpp.obj)
                0x0000000003809028                vex::controller::lcd::clearScreen()
 .text._ZN3vex4taskC2Ev
                0x0000000003809084       0x28 /Users/vex/Library/Application Support/Code/User/globalStorage/vexrobotics.vexcode/sdk/cpp/V5/V5_20240802_15_00_00/vexv5/libv5rt.a(vex_task.cpp.obj)
                0x0000000003809084                vex::task::task()
                0x0000000003809084                vex::task::task()
 .text._ZN3vex4taskC2EPFivE
                0x00000000038090ac       0x5c /Users/vex/Library/Application Support/Code/User/globalStorage/vexrobotics.vexcode/sdk/cpp/V5/V5_20240802_15_00_00/vexv5/libv5rt.a(vex_task.cpp.obj)
                0x00000000038090ac                vex::task::task(int (*)())
                0x00000000038090ac                vex::task::task(int (*)())
 .text._ZN3vex4taskD2Ev
                0x0000000003809108        0x4 /Users/vex/Library/Application Support/Code/User/globalStorage/vexrobotics.vexcode/sdk/cpp/V5/V5_20240802_15_00_00/vexv5/libv5rt.a(vex_task.cpp.obj)
                0x0000000003809108                vex::task::~task()
                0x0000000003809108                vex::task::~task()
 .text._ZN3vex4task4stopEPvi
                0x000000000380910c       0x1c /Users/vex/Library/Application Support/Code/User/globalStorage/vexrobotics.vexcode/sdk/cpp/V5/V5_20240802_15_00_00/vexv5/libv5rt.a(vex_task.cpp.obj)
                0x000000000380910c                vex::task::stop(void*, int)
 .text._ZN3vex4task6_indexEPFivE
                0x0000000003809128       0x14 /Users/vex/Library/Application Support/Code/User/globalStorage/vexrobotics.vexcode/sdk/cpp/V5/V5_20240802_15_00_00/vexv5/libv5rt.a(vex_task.cpp.obj)
                0x0000000003809128                vex::task::_index(int (*)())
 .text._ZN3vex4task8_stopAllEv
                0x000000000380913c       0x3c /Users/vex/Library/Application Support/Code/User/globalStorage/vexrobotics.vexcode/sdk/cpp/V5/V5_20240802_15_00_00/vexv5/libv5rt.a(vex_task.cpp.obj)
                0x000000000380913c                vex::task::_stopAll()
 .text._ZN3vex11this_thread9sleep_forEm
                0x0000000003809178        0x4 /Users/vex/Library/Application Support/Code/User/globalStorage/vexrobotics.vexcode/sdk/cpp/V5/V5_20240802_15_00_00/vexv5/libv5rt.a(vex_thread.cpp.obj)
                0x0000000003809178                vex::this_thread::sleep_for(unsigned long)
 .text._ZN3vex5event4initEmmPFvvE
                0x000000000380917c        0x4 /Users/vex/Library/Application Support/Code/User/globalStorage/vexrobotics.vexcode/sdk/cpp/V5/V5_20240802_15_00_00/vexv5/libv5rt.a(vex_event.cpp.obj)
                0x000000000380917c                vex::event::init(unsigned long, unsigned long, void (*)())
 .text._ZN3vex5event4initEmmPFvPvES1_
                0x0000000003809180        0x4 /Users/vex/Library/Application Support/Code/User/globalStorage/vexrobotics.vexcode/sdk/cpp/V5/V5_20240802_15_00_00/vexv5/libv5rt.a(vex_event.cpp.obj)
                0x0000000003809180                vex::event::init(unsigned long, unsigned long, void (*)(void*), void*)
 .text._ZN3vex5event9userindexEv
                0x0000000003809184        0x4 /Users/vex/Library/Application Support/Code/User/globalStorage/vexrobotics.vexcode/sdk/cpp/V5/V5_20240802_15_00_00/vexv5/libv5rt.a(vex_event.cpp.obj)
                0x0000000003809184                vex::event::userindex()
 .text._ZZN3vex6meventC4EmmENUlvE_4_FUNEv
                0x0000000003809188        0x4 /Users/vex/Library/Application Support/Code/User/globalStorage/vexrobotics.vexcode/sdk/cpp/V5/V5_20240802_15_00_00/vexv5/libv5rt.a(vex_mevent.cpp.obj)
 .text._ZN3vex6meventC2Emm
                0x000000000380918c       0x70 /Users/vex/Library/Application Support/Code/User/globalStorage/vexrobotics.vexcode/sdk/cpp/V5/V5_20240802_15_00_00/vexv5/libv5rt.a(vex_mevent.cpp.obj)
                0x000000000380918c                vex::mevent::mevent(unsigned long, unsigned long)
                0x000000000380918c                vex::mevent::mevent(unsigned long, unsigned long)
 .text._ZN3vex5brain9_getIndexEv
                0x00000000038091fc       0x10 /Users/vex/Library/Application Support/Code/User/globalStorage/vexrobotics.vexcode/sdk/cpp/V5/V5_20240802_15_00_00/vexv5/libv5rt.a(vex_brain.cpp.obj)
                0x00000000038091fc                vex::brain::_getIndex()
 .text._ZN3vex5brain3lcd9setCursorEll
                0x000000000380920c       0x44 /Users/vex/Library/Application Support/Code/User/globalStorage/vexrobotics.vexcode/sdk/cpp/V5/V5_20240802_15_00_00/vexv5/libv5rt.a(vex_brain.cpp.obj)
                0x000000000380920c                vex::brain::lcd::setCursor(long, long)
 .text._ZN3vex5brain3lcd7setFontENS_8fontTypeE
                0x0000000003809250      0x23c /Users/vex/Library/Application Support/Code/User/globalStorage/vexrobotics.vexcode/sdk/cpp/V5/V5_20240802_15_00_00/vexv5/libv5rt.a(vex_brain.cpp.obj)
                0x0000000003809250                vex::brain::lcd::setFont(vex::fontType)
 .text._ZN3vex5brain3lcdC2Ev
                0x000000000380948c       0x94 /Users/vex/Library/Application Support/Code/User/globalStorage/vexrobotics.vexcode/sdk/cpp/V5/V5_20240802_15_00_00/vexv5/libv5rt.a(vex_brain.cpp.obj)
                0x000000000380948c                vex::brain::lcd::lcd()
                0x000000000380948c                vex::brain::lcd::lcd()
 .text._ZN3vex5brainC2Ev
                0x0000000003809520       0x3c /Users/vex/Library/Application Support/Code/User/globalStorage/vexrobotics.vexcode/sdk/cpp/V5/V5_20240802_15_00_00/vexv5/libv5rt.a(vex_brain.cpp.obj)
                0x0000000003809520                vex::brain::brain()
                0x0000000003809520                vex::brain::brain()
 .text._ZN3vex5brainD2Ev
                0x000000000380955c       0x20 /Users/vex/Library/Application Support/Code/User/globalStorage/vexrobotics.vexcode/sdk/cpp/V5/V5_20240802_15_00_00/vexv5/libv5rt.a(vex_brain.cpp.obj)
                0x000000000380955c                vex::brain::~brain()
                0x000000000380955c                vex::brain::~brain()
 .text._ZN3vex11competition8_disableEPv
                0x000000000380957c       0xa4 /Users/vex/Library/Application Support/Code/User/globalStorage/vexrobotics.vexcode/sdk/cpp/V5/V5_20240802_15_00_00/vexv5/libv5rt.a(vex_competition.cpp.obj)
                0x000000000380957c                vex::competition::_disable(void*)
 .text._ZN3vex11competition11_autonomousEv
                0x0000000003809620       0x80 /Users/vex/Library/Application Support/Code/User/globalStorage/vexrobotics.vexcode/sdk/cpp/V5/V5_20240802_15_00_00/vexv5/libv5rt.a(vex_competition.cpp.obj)
                0x0000000003809620                vex::competition::_autonomous()
 .text._ZN3vex11competition14_drivercontrolEv
                0x00000000038096a0       0x80 /Users/vex/Library/Application Support/Code/User/globalStorage/vexrobotics.vexcode/sdk/cpp/V5/V5_20240802_15_00_00/vexv5/libv5rt.a(vex_competition.cpp.obj)
                0x00000000038096a0                vex::competition::_drivercontrol()
 .text._ZN3vex11competitionC2Ev
                0x0000000003809720      0x13c /Users/vex/Library/Application Support/Code/User/globalStorage/vexrobotics.vexcode/sdk/cpp/V5/V5_20240802_15_00_00/vexv5/libv5rt.a(vex_competition.cpp.obj)
                0x0000000003809720                vex::competition::competition()
                0x0000000003809720                vex::competition::competition()
 .text._ZN3vex11competitionD2Ev
                0x000000000380985c        0x4 /Users/vex/Library/Application Support/Code/User/globalStorage/vexrobotics.vexcode/sdk/cpp/V5/V5_20240802_15_00_00/vexv5/libv5rt.a(vex_competition.cpp.obj)
                0x000000000380985c                vex::competition::~competition()
                0x000000000380985c                vex::competition::~competition()
 .text._ZN3vex11competition10autonomousEPFvvE
                0x0000000003809860       0x44 /Users/vex/Library/Application Support/Code/User/globalStorage/vexrobotics.vexcode/sdk/cpp/V5/V5_20240802_15_00_00/vexv5/libv5rt.a(vex_competition.cpp.obj)
                0x0000000003809860                vex::competition::autonomous(void (*)())
 .text._ZN3vex11competition13drivercontrolEPFvvE
                0x00000000038098a4       0x44 /Users/vex/Library/Application Support/Code/User/globalStorage/vexrobotics.vexcode/sdk/cpp/V5/V5_20240802_15_00_00/vexv5/libv5rt.a(vex_competition.cpp.obj)
                0x00000000038098a4                vex::competition::drivercontrol(void (*)())
 .text._ZN3vex7triportD2Ev
                0x00000000038098e8       0x38 /Users/vex/Library/Application Support/Code/User/globalStorage/vexrobotics.vexcode/sdk/cpp/V5/V5_20240802_15_00_00/vexv5/libv5rt.a(vex_triport.cpp.obj)
                0x00000000038098e8                vex::triport::~triport()
                0x00000000038098e8                vex::triport::~triport()
 .text._ZN3vex7triportD0Ev
                0x0000000003809920       0x1c /Users/vex/Library/Application Support/Code/User/globalStorage/vexrobotics.vexcode/sdk/cpp/V5/V5_20240802_15_00_00/vexv5/libv5rt.a(vex_triport.cpp.obj)
                0x0000000003809920                vex::triport::~triport()
 .text._ZN3vex7triport9installedEv
                0x000000000380993c       0x18 /Users/vex/Library/Application Support/Code/User/globalStorage/vexrobotics.vexcode/sdk/cpp/V5/V5_20240802_15_00_00/vexv5/libv5rt.a(vex_triport.cpp.obj)
                0x000000000380993c                vex::triport::installed()
 .text._ZN3vex7triport4portC2ElPS0_
                0x0000000003809954       0x74 /Users/vex/Library/Application Support/Code/User/globalStorage/vexrobotics.vexcode/sdk/cpp/V5/V5_20240802_15_00_00/vexv5/libv5rt.a(vex_triport.cpp.obj)
                0x0000000003809954                vex::triport::port::port(long, vex::triport*)
                0x0000000003809954                vex::triport::port::port(long, vex::triport*)
 .text._ZN3vex7triportC2El
                0x00000000038099c8       0xf0 /Users/vex/Library/Application Support/Code/User/globalStorage/vexrobotics.vexcode/sdk/cpp/V5/V5_20240802_15_00_00/vexv5/libv5rt.a(vex_triport.cpp.obj)
                0x00000000038099c8                vex::triport::triport(long)
                0x00000000038099c8                vex::triport::triport(long)
 .text._ZN3vex7triport4port4typeENS_11triportTypeE
                0x0000000003809ab8       0x30 /Users/vex/Library/Application Support/Code/User/globalStorage/vexrobotics.vexcode/sdk/cpp/V5/V5_20240802_15_00_00/vexv5/libv5rt.a(vex_triport.cpp.obj)
                0x0000000003809ab8                vex::triport::port::type(vex::triportType)
 .text._ZN3vex7triport4port4typeEv
                0x0000000003809ae8       0x38 /Users/vex/Library/Application Support/Code/User/globalStorage/vexrobotics.vexcode/sdk/cpp/V5/V5_20240802_15_00_00/vexv5/libv5rt.a(vex_triport.cpp.obj)
                0x0000000003809ae8                vex::triport::port::type()
 .text._ZN3vex7triport4port5valueEl
                0x0000000003809b20       0x18 /Users/vex/Library/Application Support/Code/User/globalStorage/vexrobotics.vexcode/sdk/cpp/V5/V5_20240802_15_00_00/vexv5/libv5rt.a(vex_triport.cpp.obj)
                0x0000000003809b20                vex::triport::port::value(long)
 .text._ZN3vex11__trideviceC2ERNS_7triport4portENS_11triportTypeE
                0x0000000003809b38       0x5c /Users/vex/Library/Application Support/Code/User/globalStorage/vexrobotics.vexcode/sdk/cpp/V5/V5_20240802_15_00_00/vexv5/libv5rt.a(vex_triport.cpp.obj)
                0x0000000003809b38                vex::__tridevice::__tridevice(vex::triport::port&, vex::triportType)
                0x0000000003809b38                vex::__tridevice::__tridevice(vex::triport::port&, vex::triportType)
 .text._ZN3vex11digital_outC2ERNS_7triport4portE
                0x0000000003809b94       0x18 /Users/vex/Library/Application Support/Code/User/globalStorage/vexrobotics.vexcode/sdk/cpp/V5/V5_20240802_15_00_00/vexv5/libv5rt.a(vex_triport.cpp.obj)
                0x0000000003809b94                vex::digital_out::digital_out(vex::triport::port&)
                0x0000000003809b94                vex::digital_out::digital_out(vex::triport::port&)
 .text._ZN3vex11digital_outD2Ev
                0x0000000003809bac        0x4 /Users/vex/Library/Application Support/Code/User/globalStorage/vexrobotics.vexcode/sdk/cpp/V5/V5_20240802_15_00_00/vexv5/libv5rt.a(vex_triport.cpp.obj)
                0x0000000003809bac                vex::digital_out::~digital_out()
                0x0000000003809bac                vex::digital_out::~digital_out()
 .text._ZN3vex11digital_out3setEb
                0x0000000003809bb0        0x8 /Users/vex/Library/Application Support/Code/User/globalStorage/vexrobotics.vexcode/sdk/cpp/V5/V5_20240802_15_00_00/vexv5/libv5rt.a(vex_triport.cpp.obj)
                0x0000000003809bb0                vex::digital_out::set(bool)
 .text._ZN3vex5colorD2Ev
                0x0000000003809bb8        0x4 /Users/vex/Library/Application Support/Code/User/globalStorage/vexrobotics.vexcode/sdk/cpp/V5/V5_20240802_15_00_00/vexv5/libv5rt.a(vex_color.cpp.obj)
                0x0000000003809bb8                vex::color::~color()
                0x0000000003809bb8                vex::color::~color()
 .text.startup._GLOBAL__sub_I__ZN3vex5color5blackE
                0x0000000003809bbc      0x164 /Users/vex/Library/Application Support/Code/User/globalStorage/vexrobotics.vexcode/sdk/cpp/V5/V5_20240802_15_00_00/vexv5/libv5rt.a(vex_color.cpp.obj)
 .text._ZN3vex5timerD2Ev
                0x0000000003809d20        0x4 /Users/vex/Library/Application Support/Code/User/globalStorage/vexrobotics.vexcode/sdk/cpp/V5/V5_20240802_15_00_00/vexv5/libv5rt.a(vex_timer.cpp.obj)
                0x0000000003809d20                vex::timer::~timer()
                0x0000000003809d20                vex::timer::~timer()
 .text._ZN3vex5timer5clearEv
                0x0000000003809d24       0x1c /Users/vex/Library/Application Support/Code/User/globalStorage/vexrobotics.vexcode/sdk/cpp/V5/V5_20240802_15_00_00/vexv5/libv5rt.a(vex_timer.cpp.obj)
                0x0000000003809d24                vex::timer::clear()
 .text._ZN3vex5timerC2Ev
                0x0000000003809d40       0x14 /Users/vex/Library/Application Support/Code/User/globalStorage/vexrobotics.vexcode/sdk/cpp/V5/V5_20240802_15_00_00/vexv5/libv5rt.a(vex_timer.cpp.obj)
                0x0000000003809d40                vex::timer::timer()
                0x0000000003809d40                vex::timer::timer()
 .text._ZNK3vex5timer4timeEv
                0x0000000003809d54       0x1c /Users/vex/Library/Application Support/Code/User/globalStorage/vexrobotics.vexcode/sdk/cpp/V5/V5_20240802_15_00_00/vexv5/libv5rt.a(vex_timer.cpp.obj)
                0x0000000003809d54                vex::timer::time() const
 .text._ZN3vex11motor_group18motor_group_motorsC2Ev
                0x0000000003809d70       0x28 /Users/vex/Library/Application Support/Code/User/globalStorage/vexrobotics.vexcode/sdk/cpp/V5/V5_20240802_15_00_00/vexv5/libv5rt.a(vex_motorgroup.cpp.obj)
                0x0000000003809d70                vex::motor_group::motor_group_motors::motor_group_motors()
                0x0000000003809d70                vex::motor_group::motor_group_motors::motor_group_motors()
 .text._ZN3vex11motor_groupC2Ev
                0x0000000003809d98       0x1c /Users/vex/Library/Application Support/Code/User/globalStorage/vexrobotics.vexcode/sdk/cpp/V5/V5_20240802_15_00_00/vexv5/libv5rt.a(vex_motorgroup.cpp.obj)
                0x0000000003809d98                vex::motor_group::motor_group()
                0x0000000003809d98                vex::motor_group::motor_group()
 .text._ZN3vex11motor_groupD2Ev
                0x0000000003809db4        0x4 /Users/vex/Library/Application Support/Code/User/globalStorage/vexrobotics.vexcode/sdk/cpp/V5/V5_20240802_15_00_00/vexv5/libv5rt.a(vex_motorgroup.cpp.obj)
                0x0000000003809db4                vex::motor_group::~motor_group()
                0x0000000003809db4                vex::motor_group::~motor_group()
 .text._ZN3vex11motor_group9_addMotorEv
                0x0000000003809db8        0x4 /Users/vex/Library/Application Support/Code/User/globalStorage/vexrobotics.vexcode/sdk/cpp/V5/V5_20240802_15_00_00/vexv5/libv5rt.a(vex_motorgroup.cpp.obj)
                0x0000000003809db8                vex::motor_group::_addMotor()
 .text._ZN3vex11motor_group9_addMotorERNS_5motorE
                0x0000000003809dbc       0x20 /Users/vex/Library/Application Support/Code/User/globalStorage/vexrobotics.vexcode/sdk/cpp/V5/V5_20240802_15_00_00/vexv5/libv5rt.a(vex_motorgroup.cpp.obj)
                0x0000000003809dbc                vex::motor_group::_addMotor(vex::motor&)
 .text._ZN3vex11motor_group13resetPositionEv
                0x0000000003809ddc       0x30 /Users/vex/Library/Application Support/Code/User/globalStorage/vexrobotics.vexcode/sdk/cpp/V5/V5_20240802_15_00_00/vexv5/libv5rt.a(vex_motorgroup.cpp.obj)
                0x0000000003809ddc                vex::motor_group::resetPosition()
 .text._ZN3vex11motor_group4spinENS_13directionTypeEdNS_13velocityUnitsE
                0x0000000003809e0c       0x54 /Users/vex/Library/Application Support/Code/User/globalStorage/vexrobotics.vexcode/sdk/cpp/V5/V5_20240802_15_00_00/vexv5/libv5rt.a(vex_motorgroup.cpp.obj)
                0x0000000003809e0c                vex::motor_group::spin(vex::directionType, double, vex::velocityUnits)
 .text._ZN3vex11motor_group4spinENS_13directionTypeEdNS_12voltageUnitsE
                0x0000000003809e60       0x54 /Users/vex/Library/Application Support/Code/User/globalStorage/vexrobotics.vexcode/sdk/cpp/V5/V5_20240802_15_00_00/vexv5/libv5rt.a(vex_motorgroup.cpp.obj)
                0x0000000003809e60                vex::motor_group::spin(vex::directionType, double, vex::voltageUnits)
 .text._ZN3vex11motor_group4stopENS_9brakeTypeE
                0x0000000003809eb4       0x38 /Users/vex/Library/Application Support/Code/User/globalStorage/vexrobotics.vexcode/sdk/cpp/V5/V5_20240802_15_00_00/vexv5/libv5rt.a(vex_motorgroup.cpp.obj)
                0x0000000003809eb4                vex::motor_group::stop(vex::brakeType)
 .text._ZN3vex11motor_group8positionENS_13rotationUnitsE
                0x0000000003809eec        0xc /Users/vex/Library/Application Support/Code/User/globalStorage/vexrobotics.vexcode/sdk/cpp/V5/V5_20240802_15_00_00/vexv5/libv5rt.a(vex_motorgroup.cpp.obj)
                0x0000000003809eec                vex::motor_group::position(vex::rotationUnits)
 .text.vexAdiPortConfigSet
                0x0000000003809ef8       0x28 /Users/vex/Library/Application Support/Code/User/globalStorage/vexrobotics.vexcode/sdk/cpp/V5/V5_20240802_15_00_00/vexv5/libv5rt.a(v5_apiuser.c.obj)
                0x0000000003809ef8                vexAdiPortConfigSet
 .text.vexAdiPortConfigGet
                0x0000000003809f20       0x28 /Users/vex/Library/Application Support/Code/User/globalStorage/vexrobotics.vexcode/sdk/cpp/V5/V5_20240802_15_00_00/vexv5/libv5rt.a(v5_apiuser.c.obj)
                0x0000000003809f20                vexAdiPortConfigGet
 .text.vexAdiValueSet
                0x0000000003809f48       0x28 /Users/vex/Library/Application Support/Code/User/globalStorage/vexrobotics.vexcode/sdk/cpp/V5/V5_20240802_15_00_00/vexv5/libv5rt.a(v5_apiuser.c.obj)
                0x0000000003809f48                vexAdiValueSet
 .text.vexMotorVelocitySet
                0x0000000003809f70       0x20 /Users/vex/Library/Application Support/Code/User/globalStorage/vexrobotics.vexcode/sdk/cpp/V5/V5_20240802_15_00_00/vexv5/libv5rt.a(v5_apiuser.c.obj)
                0x0000000003809f70                vexMotorVelocitySet
 .text.vexMotorVoltageSet
                0x0000000003809f90       0x20 /Users/vex/Library/Application Support/Code/User/globalStorage/vexrobotics.vexcode/sdk/cpp/V5/V5_20240802_15_00_00/vexv5/libv5rt.a(v5_apiuser.c.obj)
                0x0000000003809f90                vexMotorVoltageSet
 .text.vexMotorActualVelocityGet
                0x0000000003809fb0       0x24 /Users/vex/Library/Application Support/Code/User/globalStorage/vexrobotics.vexcode/sdk/cpp/V5/V5_20240802_15_00_00/vexv5/libv5rt.a(v5_apiuser.c.obj)
                0x0000000003809fb0                vexMotorActualVelocityGet
 .text.vexMotorReverseFlagSet
                0x0000000003809fd4       0x20 /Users/vex/Library/Application Support/Code/User/globalStorage/vexrobotics.vexcode/sdk/cpp/V5/V5_20240802_15_00_00/vexv5/libv5rt.a(v5_apiuser.c.obj)
                0x0000000003809fd4                vexMotorReverseFlagSet
 .text.vexMotorEncoderUnitsSet
                0x0000000003809ff4       0x20 /Users/vex/Library/Application Support/Code/User/globalStorage/vexrobotics.vexcode/sdk/cpp/V5/V5_20240802_15_00_00/vexv5/libv5rt.a(v5_apiuser.c.obj)
                0x0000000003809ff4                vexMotorEncoderUnitsSet
 .text.vexMotorBrakeModeSet
                0x000000000380a014       0x20 /Users/vex/Library/Application Support/Code/User/globalStorage/vexrobotics.vexcode/sdk/cpp/V5/V5_20240802_15_00_00/vexv5/libv5rt.a(v5_apiuser.c.obj)
                0x000000000380a014                vexMotorBrakeModeSet
 .text.vexMotorPositionSet
                0x000000000380a034       0x28 /Users/vex/Library/Application Support/Code/User/globalStorage/vexrobotics.vexcode/sdk/cpp/V5/V5_20240802_15_00_00/vexv5/libv5rt.a(v5_apiuser.c.obj)
                0x000000000380a034                vexMotorPositionSet
 .text.vexMotorPositionGet
                0x000000000380a05c       0x24 /Users/vex/Library/Application Support/Code/User/globalStorage/vexrobotics.vexcode/sdk/cpp/V5/V5_20240802_15_00_00/vexv5/libv5rt.a(v5_apiuser.c.obj)
                0x000000000380a05c                vexMotorPositionGet
 .text.vexMotorGearingSet
                0x000000000380a080       0x20 /Users/vex/Library/Application Support/Code/User/globalStorage/vexrobotics.vexcode/sdk/cpp/V5/V5_20240802_15_00_00/vexv5/libv5rt.a(v5_apiuser.c.obj)
                0x000000000380a080                vexMotorGearingSet
 .text.vexMotorGearingGet
                0x000000000380a0a0       0x18 /Users/vex/Library/Application Support/Code/User/globalStorage/vexrobotics.vexcode/sdk/cpp/V5/V5_20240802_15_00_00/vexv5/libv5rt.a(v5_apiuser.c.obj)
                0x000000000380a0a0                vexMotorGearingGet
 .text.vexImuReset
                0x000000000380a0b8       0x10 /Users/vex/Library/Application Support/Code/User/globalStorage/vexrobotics.vexcode/sdk/cpp/V5/V5_20240802_15_00_00/vexv5/libv5rt.a(v5_apiuser.c.obj)
                0x000000000380a0b8                vexImuReset
 .text.vexImuHeadingGet
                0x000000000380a0c8       0x10 /Users/vex/Library/Application Support/Code/User/globalStorage/vexrobotics.vexcode/sdk/cpp/V5/V5_20240802_15_00_00/vexv5/libv5rt.a(v5_apiuser.c.obj)
                0x000000000380a0c8                vexImuHeadingGet
 .text.vexImuDegreesGet
                0x000000000380a0d8       0x10 /Users/vex/Library/Application Support/Code/User/globalStorage/vexrobotics.vexcode/sdk/cpp/V5/V5_20240802_15_00_00/vexv5/libv5rt.a(v5_apiuser.c.obj)
                0x000000000380a0d8                vexImuDegreesGet
 .text.vexImuStatusGet
                0x000000000380a0e8       0x10 /Users/vex/Library/Application Support/Code/User/globalStorage/vexrobotics.vexcode/sdk/cpp/V5/V5_20240802_15_00_00/vexv5/libv5rt.a(v5_apiuser.c.obj)
                0x000000000380a0e8                vexImuStatusGet
 .text.vexAbsEncPositionSet
                0x000000000380a0f8       0x18 /Users/vex/Library/Application Support/Code/User/globalStorage/vexrobotics.vexcode/sdk/cpp/V5/V5_20240802_15_00_00/vexv5/libv5rt.a(v5_apiuser.c.obj)
                0x000000000380a0f8                vexAbsEncPositionSet
 .text.vexAbsEncPositionGet
                0x000000000380a110       0x10 /Users/vex/Library/Application Support/Code/User/globalStorage/vexrobotics.vexcode/sdk/cpp/V5/V5_20240802_15_00_00/vexv5/libv5rt.a(v5_apiuser.c.obj)
                0x000000000380a110                vexAbsEncPositionGet
 .text.vexAbsEncAngleGet
                0x000000000380a120       0x10 /Users/vex/Library/Application Support/Code/User/globalStorage/vexrobotics.vexcode/sdk/cpp/V5/V5_20240802_15_00_00/vexv5/libv5rt.a(v5_apiuser.c.obj)
                0x000000000380a120                vexAbsEncAngleGet
 .text.vexAbsEncReverseFlagSet
                0x000000000380a130       0x18 /Users/vex/Library/Application Support/Code/User/globalStorage/vexrobotics.vexcode/sdk/cpp/V5/V5_20240802_15_00_00/vexv5/libv5rt.a(v5_apiuser.c.obj)
                0x000000000380a130                vexAbsEncReverseFlagSet
 .text.vexOpticalHueGet
                0x000000000380a148       0x10 /Users/vex/Library/Application Support/Code/User/globalStorage/vexrobotics.vexcode/sdk/cpp/V5/V5_20240802_15_00_00/vexv5/libv5rt.a(v5_apiuser.c.obj)
                0x000000000380a148                vexOpticalHueGet
 .text.vexOpticalProximityGet
                0x000000000380a158       0x10 /Users/vex/Library/Application Support/Code/User/globalStorage/vexrobotics.vexcode/sdk/cpp/V5/V5_20240802_15_00_00/vexv5/libv5rt.a(v5_apiuser.c.obj)
                0x000000000380a158                vexOpticalProximityGet
 .text.vexOpticalRgbGet
                0x000000000380a168       0x18 /Users/vex/Library/Application Support/Code/User/globalStorage/vexrobotics.vexcode/sdk/cpp/V5/V5_20240802_15_00_00/vexv5/libv5rt.a(v5_apiuser.c.obj)
                0x000000000380a168                vexOpticalRgbGet
 .text.vexOpticalLedPwmSet
                0x000000000380a180       0x18 /Users/vex/Library/Application Support/Code/User/globalStorage/vexrobotics.vexcode/sdk/cpp/V5/V5_20240802_15_00_00/vexv5/libv5rt.a(v5_apiuser.c.obj)
                0x000000000380a180                vexOpticalLedPwmSet
 .text.vexOpticalRawGet
                0x000000000380a198       0x18 /Users/vex/Library/Application Support/Code/User/globalStorage/vexrobotics.vexcode/sdk/cpp/V5/V5_20240802_15_00_00/vexv5/libv5rt.a(v5_apiuser.c.obj)